06-29 17:42:32.388 I/ExpoImage(10801): Root cause (1 of 1)
06-29 17:42:32.388 I/ExpoImage(10801): java.lang.IllegalArgumentException: Expected URL scheme 'http' or 'https' but was 'sf'
06-29 17:42:32.388 I/ExpoImage(10801): 	at okhttp3.HttpUrl$Builder.parse$okhttp(HttpUrl.kt:1254)
06-29 17:42:32.388 I/ExpoImage(10801): 	at okhttp3.HttpUrl$Companion.get(HttpUrl.kt:1634)
06-29 17:42:32.388 I/ExpoImage(10801): 	at okhttp3.Request$Builder.url(Request.kt:184)
06-29 17:42:32.388 I/ExpoImage(10801): 	at com.bumptech.glide.integration.okhttp3.OkHttpStreamFetcher.loadData(OkHttpStreamFetcher.java:42)
06-29 17:42:32.388 I/ExpoImage(10801): 	at com.bumptech.glide.load.engine.SourceGenerator.startNextLoad(SourceGenerator.java:95)
06-29 17:42:32.388 I/ExpoImage(10801): 	at com.bumptech.glide.load.engine.SourceGenerator.startNext(SourceGenerator.java:88)
06-29 17:42:32.388 I/ExpoImage(10801): 	at com.bumptech.glide.load.engine.DecodeJob.runGenerators(DecodeJob.java:311)
06-29 17:42:32.388 I/ExpoImage(10801): 	at com.bumptech.glide.load.engine.DecodeJob.runWrapped(DecodeJob.java:280)
06-29 17:42:32.388 I/ExpoImage(10801): 	at com.bumptech.glide.load.engine.DecodeJob.run(DecodeJob.java:235)
06-29 17:42:32.388 I/ExpoImage(10801): 	at java.util.concurrent.ThreadPoolExecutor.runWorker(ThreadPoolExecutor.java:1154)
06-29 17:42:32.388 I/ExpoImage(10801): 	at java.util.concurrent.ThreadPoolExecutor$Worker.run(ThreadPoolExecutor.java:652)
06-29 17:42:32.388 I/ExpoImage(10801): 	at com.bumptech.glide.load.engine.executor.GlideExecutor$DefaultThreadFactory$1.run(GlideExecutor.java:424)
06-29 17:42:32.388 I/ExpoImage(10801): 	at java.lang.Thread.run(Thread.java:1563)
06-29 17:42:32.388 I/ExpoImage(10801): 	at com.bumptech.glide.load.engine.executor.GlideExecutor$DefaultPriorityThreadFactory$1.run(GlideExecutor.java:383)
06-29 17:42:32.388 W/Glide   (10801): Load failed for [sf:map.fill] with dimensions [42x42]
06-29 17:42:32.388 W/Glide   (10801): class com.bumptech.glide.load.engine.GlideException: Failed to load resource
06-29 17:42:32.388 W/Glide   (10801): There was 1 root cause:
06-29 17:42:32.388 W/Glide   (10801): java.lang.IllegalArgumentException(Expected URL scheme 'http' or 'https' but was 'sf')
06-29 17:42:32.388 W/Glide   (10801):  call GlideException#logRootCauses(String) for more detail
06-29 17:42:32.388 W/Glide   (10801):   Cause (1 of 1): class java.lang.IllegalArgumentException: Expected URL scheme 'http' or 'https' but was 'sf'
06-29 17:42:32.388 I/Glide   (10801): Root cause (1 of 1)
06-29 17:42:32.388 I/Glide   (10801): java.lang.IllegalArgumentException: Expected URL scheme 'http' or 'https' but was 'sf'
06-29 17:42:32.388 I/Glide   (10801): 	at okhttp3.HttpUrl$Builder.parse$okhttp(HttpUrl.kt:1254)
06-29 17:42:32.388 I/Glide   (10801): 	at okhttp3.HttpUrl$Companion.get(HttpUrl.kt:1634)
06-29 17:42:32.388 I/Glide   (10801): 	at okhttp3.Request$Builder.url(Request.kt:184)
06-29 17:42:32.388 I/Glide   (10801): 	at com.bumptech.glide.integration.okhttp3.OkHttpStreamFetcher.loadData(OkHttpStreamFetcher.java:42)
06-29 17:42:32.388 I/Glide   (10801): 	at com.bumptech.glide.load.engine.SourceGenerator.startNextLoad(SourceGenerator.java:95)
06-29 17:42:32.388 I/Glide   (10801): 	at com.bumptech.glide.load.engine.SourceGenerator.startNext(SourceGenerator.java:88)
06-29 17:42:32.388 I/Glide   (10801): 	at com.bumptech.glide.load.engine.DecodeJob.runGenerators(DecodeJob.java:311)
06-29 17:42:32.388 I/Glide   (10801): 	at com.bumptech.glide.load.engine.DecodeJob.runWrapped(DecodeJob.java:280)
06-29 17:42:32.388 I/Glide   (10801): 	at com.bumptech.glide.load.engine.DecodeJob.run(DecodeJob.java:235)
06-29 17:42:32.388 I/Glide   (10801): 	at java.util.concurrent.ThreadPoolExecutor.runWorker(ThreadPoolExecutor.java:1154)
06-29 17:42:32.388 I/Glide   (10801): 	at java.util.concurrent.ThreadPoolExecutor$Worker.run(ThreadPoolExecutor.java:652)
06-29 17:42:32.388 I/Glide   (10801): 	at com.bumptech.glide.load.engine.executor.GlideExecutor$DefaultThreadFactory$1.run(GlideExecutor.java:424)
06-29 17:42:32.388 I/Glide   (10801): 	at java.lang.Thread.run(Thread.java:1563)
06-29 17:42:32.388 I/Glide   (10801): 	at com.bumptech.glide.load.engine.executor.GlideExecutor$DefaultPriorityThreadFactory$1.run(GlideExecutor.java:383)
06-29 17:42:32.389 E/ExpoImage(10801): Failed to load resource
06-29 17:42:32.389 E/ExpoImage(10801): There was 1 root cause:
06-29 17:42:32.389 E/ExpoImage(10801): java.lang.IllegalArgumentException(Expected URL scheme 'http' or 'https' but was 'sf')
06-29 17:42:32.390 I/ExpoImage(10801): Root cause (1 of 1)
06-29 17:42:32.390 I/ExpoImage(10801): java.lang.IllegalArgumentException: Expected URL scheme 'http' or 'https' but was 'sf'
06-29 17:42:32.390 I/ExpoImage(10801): 	at okhttp3.HttpUrl$Builder.parse$okhttp(HttpUrl.kt:1254)
06-29 17:42:32.390 I/ExpoImage(10801): 	at okhttp3.HttpUrl$Companion.get(HttpUrl.kt:1634)
06-29 17:42:32.390 I/ExpoImage(10801): 	at okhttp3.Request$Builder.url(Request.kt:184)
06-29 17:42:32.390 I/ExpoImage(10801): 	at com.bumptech.glide.integration.okhttp3.OkHttpStreamFetcher.loadData(OkHttpStreamFetcher.java:42)
06-29 17:42:32.390 I/ExpoImage(10801): 	at com.bumptech.glide.load.engine.SourceGenerator.startNextLoad(SourceGenerator.java:95)
06-29 17:42:32.390 I/ExpoImage(10801): 	at com.bumptech.glide.load.engine.SourceGenerator.startNext(SourceGenerator.java:88)
06-29 17:42:32.390 I/ExpoImage(10801): 	at com.bumptech.glide.load.engine.DecodeJob.runGenerators(DecodeJob.java:311)
06-29 17:42:32.390 I/ExpoImage(10801): 	at com.bumptech.glide.load.engine.DecodeJob.runWrapped(DecodeJob.java:280)
06-29 17:42:32.390 I/ExpoImage(10801): 	at com.bumptech.glide.load.engine.DecodeJob.run(DecodeJob.java:235)
06-29 17:42:32.390 I/ExpoImage(10801): 	at java.util.concurrent.ThreadPoolExecutor.runWorker(ThreadPoolExecutor.java:1154)
06-29 17:42:32.390 I/ExpoImage(10801): 	at java.util.concurrent.ThreadPoolExecutor$Worker.run(ThreadPoolExecutor.java:652)
06-29 17:42:32.390 I/ExpoImage(10801): 	at com.bumptech.glide.load.engine.executor.GlideExecutor$DefaultThreadFactory$1.run(GlideExecutor.java:424)
06-29 17:42:32.390 I/ExpoImage(10801): 	at java.lang.Thread.run(Thread.java:1563)
06-29 17:42:32.390 I/ExpoImage(10801): 	at com.bumptech.glide.load.engine.executor.GlideExecutor$DefaultPriorityThreadFactory$1.run(GlideExecutor.java:383)
06-29 17:42:32.390 W/Glide   (10801): Load failed for [sf:pawprint.fill] with dimensions [60x60]
06-29 17:42:32.390 W/Glide   (10801): class com.bumptech.glide.load.engine.GlideException: Failed to load resource
06-29 17:42:32.390 W/Glide   (10801): There was 1 root cause:
06-29 17:42:32.390 W/Glide   (10801): java.lang.IllegalArgumentException(Expected URL scheme 'http' or 'https' but was 'sf')
06-29 17:42:32.390 W/Glide   (10801):  call GlideException#logRootCauses(String) for more detail
06-29 17:42:32.390 W/Glide   (10801):   Cause (1 of 1): class java.lang.IllegalArgumentException: Expected URL scheme 'http' or 'https' but was 'sf'
06-29 17:42:32.390 I/artd    ( 2355): GetBestInfo: /data/user_de/0/com.google.android.gms/app_chimera/m/00000015/dl-VisionOcr.optional_262233100000.apk has no usable artifacts
06-29 17:42:32.390 I/Glide   (10801): Root cause (1 of 1)
06-29 17:42:32.390 I/Glide   (10801): java.lang.IllegalArgumentException: Expected URL scheme 'http' or 'https' but was 'sf'
06-29 17:42:32.390 I/Glide   (10801): 	at okhttp3.HttpUrl$Builder.parse$okhttp(HttpUrl.kt:1254)
06-29 17:42:32.390 I/Glide   (10801): 	at okhttp3.HttpUrl$Companion.get(HttpUrl.kt:1634)
06-29 17:42:32.390 I/Glide   (10801): 	at okhttp3.Request$Builder.url(Request.kt:184)
06-29 17:42:32.390 I/Glide   (10801): 	at com.bumptech.glide.integration.okhttp3.OkHttpStreamFetcher.loadData(OkHttpStreamFetcher.java:42)
06-29 17:42:32.390 I/Glide   (10801): 	at com.bumptech.glide.load.engine.SourceGenerator.startNextLoad(SourceGenerator.java:95)
06-29 17:42:32.390 I/Glide   (10801): 	at com.bumptech.glide.load.engine.SourceGenerator.startNext(SourceGenerator.java:88)
06-29 17:42:32.390 I/Glide   (10801): 	at com.bumptech.glide.load.engine.DecodeJob.runGenerators(DecodeJob.java:311)
06-29 17:42:32.390 I/Glide   (10801): 	at com.bumptech.glide.load.engine.DecodeJob.runWrapped(DecodeJob.java:280)
06-29 17:42:32.390 I/Glide   (10801): 	at com.bumptech.glide.load.engine.DecodeJob.run(DecodeJob.java:235)
06-29 17:42:32.390 I/Glide   (10801): 	at java.util.concurrent.ThreadPoolExecutor.runWorker(ThreadPoolExecutor.java:1154)
06-29 17:42:32.390 I/Glide   (10801): 	at java.util.concurrent.ThreadPoolExecutor$Worker.run(ThreadPoolExecutor.java:652)
06-29 17:42:32.390 I/Glide   (10801): 	at com.bumptech.glide.load.engine.executor.GlideExecutor$DefaultThreadFactory$1.run(GlideExecutor.java:424)
06-29 17:42:32.390 I/Glide   (10801): 	at java.lang.Thread.run(Thread.java:1563)
06-29 17:42:32.390 I/Glide   (10801): 	at com.bumptech.glide.load.engine.executor.GlideExecutor$DefaultPriorityThreadFactory$1.run(GlideExecutor.java:383)
06-29 17:42:32.391 E/ExpoImage(10801): Failed to load resource
06-29 17:42:32.391 E/ExpoImage(10801): There was 1 root cause:
06-29 17:42:32.391 E/ExpoImage(10801): java.lang.IllegalArgumentException(Expected URL scheme 'http' or 'https' but was 'sf')
06-29 17:42:32.391 I/ExpoImage(10801): Root cause (1 of 1)
06-29 17:42:32.391 I/ExpoImage(10801): java.lang.IllegalArgumentException: Expected URL scheme 'http' or 'https' but was 'sf'
06-29 17:42:32.391 I/ExpoImage(10801): 	at okhttp3.HttpUrl$Builder.parse$okhttp(HttpUrl.kt:1254)
06-29 17:42:32.391 I/ExpoImage(10801): 	at okhttp3.HttpUrl$Companion.get(HttpUrl.kt:1634)
06-29 17:42:32.391 I/ExpoImage(10801): 	at okhttp3.Request$Builder.url(Request.kt:184)
06-29 17:42:32.391 I/ExpoImage(10801): 	at com.bumptech.glide.integration.okhttp3.OkHttpStreamFetcher.loadData(OkHttpStreamFetcher.java:42)
06-29 17:42:32.391 I/ExpoImage(10801): 	at com.bumptech.glide.load.engine.SourceGenerator.startNextLoad(SourceGenerator.java:95)
06-29 17:42:32.391 I/ExpoImage(10801): 	at com.bumptech.glide.load.engine.SourceGenerator.startNext(SourceGenerator.java:88)
06-29 17:42:32.391 I/ExpoImage(10801): 	at com.bumptech.glide.load.engine.DecodeJob.runGenerators(DecodeJob.java:311)
06-29 17:42:32.391 I/ExpoImage(10801): 	at com.bumptech.glide.load.engine.DecodeJob.runWrapped(DecodeJob.java:280)
06-29 17:42:32.391 I/ExpoImage(10801): 	at com.bumptech.glide.load.engine.DecodeJob.run(DecodeJob.java:235)
06-29 17:42:32.391 I/ExpoImage(10801): 	at java.util.concurrent.ThreadPoolExecutor.runWorker(ThreadPoolExecutor.java:1154)
06-29 17:42:32.391 I/ExpoImage(10801): 	at java.util.concurrent.ThreadPoolExecutor$Worker.run(ThreadPoolExecutor.java:652)
06-29 17:42:32.391 I/ExpoImage(10801): 	at com.bumptech.glide.load.engine.executor.GlideExecutor$DefaultThreadFactory$1.run(GlideExecutor.java:424)
06-29 17:42:32.391 I/ExpoImage(10801): 	at java.lang.Thread.run(Thread.java:1563)
06-29 17:42:32.391 I/ExpoImage(10801): 	at com.bumptech.glide.load.engine.executor.GlideExecutor$DefaultPriorityThreadFactory$1.run(GlideExecutor.java:383)
06-29 17:42:32.392 W/Glide   (10801): Load failed for [sf:scope] with dimensions [42x42]
06-29 17:42:32.392 W/Glide   (10801): class com.bumptech.glide.load.engine.GlideException: Failed to load resource
06-29 17:42:32.392 W/Glide   (10801): There was 1 root cause:
06-29 17:42:32.392 W/Glide   (10801): java.lang.IllegalArgumentException(Expected URL scheme 'http' or 'https' but was 'sf')
06-29 17:42:32.392 W/Glide   (10801):  call GlideException#logRootCauses(String) for more detail
06-29 17:42:32.392 W/Glide   (10801):   Cause (1 of 1): class java.lang.IllegalArgumentException: Expected URL scheme 'http' or 'https' but was 'sf'
06-29 17:42:32.392 I/Glide   (10801): Root cause (1 of 1)
06-29 17:42:32.392 I/Glide   (10801): java.lang.IllegalArgumentException: Expected URL scheme 'http' or 'https' but was 'sf'
06-29 17:42:32.392 I/Glide   (10801): 	at okhttp3.HttpUrl$Builder.parse$okhttp(HttpUrl.kt:1254)
06-29 17:42:32.392 I/Glide   (10801): 	at okhttp3.HttpUrl$Companion.get(HttpUrl.kt:1634)
06-29 17:42:32.392 I/Glide   (10801): 	at okhttp3.Request$Builder.url(Request.kt:184)
06-29 17:42:32.392 I/Glide   (10801): 	at com.bumptech.glide.integration.okhttp3.OkHttpStreamFetcher.loadData(OkHttpStreamFetcher.java:42)
06-29 17:42:32.392 I/Glide   (10801): 	at com.bumptech.glide.load.engine.SourceGenerator.startNextLoad(SourceGenerator.java:95)
06-29 17:42:32.392 I/Glide   (10801): 	at com.bumptech.glide.load.engine.SourceGenerator.startNext(SourceGenerator.java:88)
06-29 17:42:32.392 I/Glide   (10801): 	at com.bumptech.glide.load.engine.DecodeJob.runGenerators(DecodeJob.java:311)
06-29 17:42:32.392 I/Glide   (10801): 	at com.bumptech.glide.load.engine.DecodeJob.runWrapped(DecodeJob.java:280)
06-29 17:42:32.392 I/Glide   (10801): 	at com.bumptech.glide.load.engine.DecodeJob.run(DecodeJob.java:235)
06-29 17:42:32.392 I/Glide   (10801): 	at java.util.concurrent.ThreadPoolExecutor.runWorker(ThreadPoolExecutor.java:1154)
06-29 17:42:32.392 I/Glide   (10801): 	at java.util.concurrent.ThreadPoolExecutor$Worker.run(ThreadPoolExecutor.java:652)
06-29 17:42:32.392 I/Glide   (10801): 	at com.bumptech.glide.load.engine.executor.GlideExecutor$DefaultThreadFactory$1.run(GlideExecutor.java:424)
06-29 17:42:32.392 I/Glide   (10801): 	at java.lang.Thread.run(Thread.java:1563)
06-29 17:42:32.392 I/Glide   (10801): 	at com.bumptech.glide.load.engine.executor.GlideExecutor$DefaultPriorityThreadFactory$1.run(GlideExecutor.java:383)
06-29 17:42:32.393 E/ExpoImage(10801): Failed to load resource
06-29 17:42:32.393 E/ExpoImage(10801): There was 1 root cause:
06-29 17:42:32.393 E/ExpoImage(10801): java.lang.IllegalArgumentException(Expected URL scheme 'http' or 'https' but was 'sf')
06-29 17:42:32.393 I/ExpoImage(10801): Root cause (1 of 1)
06-29 17:42:32.393 I/ExpoImage(10801): java.lang.IllegalArgumentException: Expected URL scheme 'http' or 'https' but was 'sf'
06-29 17:42:32.393 I/ExpoImage(10801): 	at okhttp3.HttpUrl$Builder.parse$okhttp(HttpUrl.kt:1254)
06-29 17:42:32.393 I/ExpoImage(10801): 	at okhttp3.HttpUrl$Companion.get(HttpUrl.kt:1634)
06-29 17:42:32.393 I/ExpoImage(10801): 	at okhttp3.Request$Builder.url(Request.kt:184)
06-29 17:42:32.393 I/ExpoImage(10801): 	at com.bumptech.glide.integration.okhttp3.OkHttpStreamFetcher.loadData(OkHttpStreamFetcher.java:42)
06-29 17:42:32.393 I/ExpoImage(10801): 	at com.bumptech.glide.load.engine.SourceGenerator.startNextLoad(SourceGenerator.java:95)
06-29 17:42:32.393 I/ExpoImage(10801): 	at com.bumptech.glide.load.engine.SourceGenerator.startNext(SourceGenerator.java:88)
06-29 17:42:32.393 I/ExpoImage(10801): 	at com.bumptech.glide.load.engine.DecodeJob.runGenerators(DecodeJob.java:311)
06-29 17:42:32.393 I/ExpoImage(10801): 	at com.bumptech.glide.load.engine.DecodeJob.runWrapped(DecodeJob.java:280)
06-29 17:42:32.393 I/ExpoImage(10801): 	at com.bumptech.glide.load.engine.DecodeJob.run(DecodeJob.java:235)
06-29 17:42:32.393 I/ExpoImage(10801): 	at java.util.concurrent.ThreadPoolExecutor.runWorker(ThreadPoolExecutor.java:1154)
06-29 17:42:32.393 I/ExpoImage(10801): 	at java.util.concurrent.ThreadPoolExecutor$Worker.run(ThreadPoolExecutor.java:652)
06-29 17:42:32.393 I/ExpoImage(10801): 	at com.bumptech.glide.load.engine.executor.GlideExecutor$DefaultThreadFactory$1.run(GlideExecutor.java:424)
06-29 17:42:32.393 I/ExpoImage(10801): 	at java.lang.Thread.run(Thread.java:1563)
06-29 17:42:32.393 I/ExpoImage(10801): 	at com.bumptech.glide.load.engine.executor.GlideExecutor$DefaultPriorityThreadFactory$1.run(GlideExecutor.java:383)
06-29 17:42:32.393 I/artd    ( 2355): GetBestInfo: /data/user_de/0/com.google.android.gms/app_chimera/m/00000016/dl-Appsearch.optional_262233100800.apk has no usable artifacts
06-29 17:42:32.393 W/Glide   (10801): Load failed for [sf:doc.text.fill] with dimensions [53x52]
06-29 17:42:32.393 W/Glide   (10801): class com.bumptech.glide.load.engine.GlideException: Failed to load resource
06-29 17:42:32.393 W/Glide   (10801): There was 1 root cause:
06-29 17:42:32.393 W/Glide   (10801): java.lang.IllegalArgumentException(Expected URL scheme 'http' or 'https' but was 'sf')
06-29 17:42:32.393 W/Glide   (10801):  call GlideException#logRootCauses(String) for more detail
06-29 17:42:32.393 W/Glide   (10801):   Cause (1 of 1): class java.lang.IllegalArgumentException: Expected URL scheme 'http' or 'https' but was 'sf'
06-29 17:42:32.393 I/Glide   (10801): Root cause (1 of 1)
06-29 17:42:32.393 I/Glide   (10801): java.lang.IllegalArgumentException: Expected URL scheme 'http' or 'https' but was 'sf'
06-29 17:42:32.393 I/Glide   (10801): 	at okhttp3.HttpUrl$Builder.parse$okhttp(HttpUrl.kt:1254)
06-29 17:42:32.393 I/Glide   (10801): 	at okhttp3.HttpUrl$Companion.get(HttpUrl.kt:1634)
06-29 17:42:32.393 I/Glide   (10801): 	at okhttp3.Request$Builder.url(Request.kt:184)
06-29 17:42:32.393 I/Glide   (10801): 	at com.bumptech.glide.integration.okhttp3.OkHttpStreamFetcher.loadData(OkHttpStreamFetcher.java:42)
06-29 17:42:32.393 I/Glide   (10801): 	at com.bumptech.glide.load.engine.SourceGenerator.startNextLoad(SourceGenerator.java:95)
06-29 17:42:32.393 I/Glide   (10801): 	at com.bumptech.glide.load.engine.SourceGenerator.startNext(SourceGenerator.java:88)
06-29 17:42:32.393 I/Glide   (10801): 	at com.bumptech.glide.load.engine.DecodeJob.runGenerators(DecodeJob.java:311)
06-29 17:42:32.393 I/Glide   (10801): 	at com.bumptech.glide.load.engine.DecodeJob.runWrapped(DecodeJob.java:280)
06-29 17:42:32.393 I/Glide   (10801): 	at com.bumptech.glide.load.engine.DecodeJob.run(DecodeJob.java:235)
06-29 17:42:32.393 I/Glide   (10801): 	at java.util.concurrent.ThreadPoolExecutor.runWorker(ThreadPoolExecutor.java:1154)
06-29 17:42:32.393 I/Glide   (10801): 	at java.util.concurrent.ThreadPoolExecutor$Worker.run(ThreadPoolExecutor.java:652)
06-29 17:42:32.393 I/Glide   (10801): 	at com.bumptech.glide.load.engine.executor.GlideExecutor$DefaultThreadFactory$1.run(GlideExecutor.java:424)
06-29 17:42:32.393 I/Glide   (10801): 	at java.lang.Thread.run(Thread.java:1563)
06-29 17:42:32.393 I/Glide   (10801): 	at com.bumptech.glide.load.engine.executor.GlideExecutor$DefaultPriorityThreadFactory$1.run(GlideExecutor.java:383)
06-29 17:42:32.394 E/ExpoImage(10801): Failed to load resource
06-29 17:42:32.394 E/ExpoImage(10801): There was 1 root cause:
06-29 17:42:32.394 E/ExpoImage(10801): java.lang.IllegalArgumentException(Expected URL scheme 'http' or 'https' but was 'sf')
06-29 17:42:32.394 I/ExpoImage(10801): Root cause (1 of 1)
06-29 17:42:32.394 I/ExpoImage(10801): java.lang.IllegalArgumentException: Expected URL scheme 'http' or 'https' but was 'sf'
06-29 17:42:32.394 I/ExpoImage(10801): 	at okhttp3.HttpUrl$Builder.parse$okhttp(HttpUrl.kt:1254)
06-29 17:42:32.394 I/ExpoImage(10801): 	at okhttp3.HttpUrl$Companion.get(HttpUrl.kt:1634)
06-29 17:42:32.394 I/ExpoImage(10801): 	at okhttp3.Request$Builder.url(Request.kt:184)
06-29 17:42:32.394 I/ExpoImage(10801): 	at com.bumptech.glide.integration.okhttp3.OkHttpStreamFetcher.loadData(OkHttpStreamFetcher.java:42)
06-29 17:42:32.394 I/ExpoImage(10801): 	at com.bumptech.glide.load.engine.SourceGenerator.startNextLoad(SourceGenerator.java:95)
06-29 17:42:32.394 I/ExpoImage(10801): 	at com.bumptech.glide.load.engine.SourceGenerator.startNext(SourceGenerator.java:88)
06-29 17:42:32.394 I/ExpoImage(10801): 	at com.bumptech.glide.load.engine.DecodeJob.runGenerators(DecodeJob.java:311)
06-29 17:42:32.394 I/ExpoImage(10801): 	at com.bumptech.glide.load.engine.DecodeJob.runWrapped(DecodeJob.java:280)
06-29 17:42:32.394 I/ExpoImage(10801): 	at com.bumptech.glide.load.engine.DecodeJob.run(DecodeJob.java:235)
06-29 17:42:32.394 I/ExpoImage(10801): 	at java.util.concurrent.ThreadPoolExecutor.runWorker(ThreadPoolExecutor.java:1154)
06-29 17:42:32.394 I/ExpoImage(10801): 	at java.util.concurrent.ThreadPoolExecutor$Worker.run(ThreadPoolExecutor.java:652)
06-29 17:42:32.394 I/ExpoImage(10801): 	at com.bumptech.glide.load.engine.executor.GlideExecutor$DefaultThreadFactory$1.run(GlideExecutor.java:424)
06-29 17:42:32.394 I/ExpoImage(10801): 	at java.lang.Thread.run(Thread.java:1563)
06-29 17:42:32.394 I/ExpoImage(10801): 	at com.bumptech.glide.load.engine.executor.GlideExecutor$DefaultPriorityThreadFactory$1.run(GlideExecutor.java:383)
06-29 17:42:32.395 W/Glide   (10801): Load failed for [sf:key.fill] with dimensions [47x47]
06-29 17:42:32.395 W/Glide   (10801): class com.bumptech.glide.load.engine.GlideException: Failed to load resource
06-29 17:42:32.395 W/Glide   (10801): There was 1 root cause:
06-29 17:42:32.395 W/Glide   (10801): java.lang.IllegalArgumentException(Expected URL scheme 'http' or 'https' but was 'sf')
06-29 17:42:32.395 W/Glide   (10801):  call GlideException#logRootCauses(String) for more detail
06-29 17:42:32.395 W/Glide   (10801):   Cause (1 of 1): class java.lang.IllegalArgumentException: Expected URL scheme 'http' or 'https' but was 'sf'
06-29 17:42:32.395 I/Glide   (10801): Root cause (1 of 1)
06-29 17:42:32.395 I/Glide   (10801): java.lang.IllegalArgumentException: Expected URL scheme 'http' or 'https' but was 'sf'
06-29 17:42:32.395 I/Glide   (10801): 	at okhttp3.HttpUrl$Builder.parse$okhttp(HttpUrl.kt:1254)
06-29 17:42:32.395 I/Glide   (10801): 	at okhttp3.HttpUrl$Companion.get(HttpUrl.kt:1634)
06-29 17:42:32.395 I/Glide   (10801): 	at okhttp3.Request$Builder.url(Request.kt:184)
06-29 17:42:32.395 I/Glide   (10801): 	at com.bumptech.glide.integration.okhttp3.OkHttpStreamFetcher.loadData(OkHttpStreamFetcher.java:42)
06-29 17:42:32.395 I/Glide   (10801): 	at com.bumptech.glide.load.engine.SourceGenerator.startNextLoad(SourceGenerator.java:95)
06-29 17:42:32.395 I/Glide   (10801): 	at com.bumptech.glide.load.engine.SourceGenerator.startNext(SourceGenerator.java:88)
06-29 17:42:32.395 I/Glide   (10801): 	at com.bumptech.glide.load.engine.DecodeJob.runGenerators(DecodeJob.java:311)
06-29 17:42:32.395 I/Glide   (10801): 	at com.bumptech.glide.load.engine.DecodeJob.runWrapped(DecodeJob.java:280)
06-29 17:42:32.395 I/Glide   (10801): 	at com.bumptech.glide.load.engine.DecodeJob.run(DecodeJob.java:235)
06-29 17:42:32.395 I/Glide   (10801): 	at java.util.concurrent.ThreadPoolExecutor.runWorker(ThreadPoolExecutor.java:1154)
06-29 17:42:32.395 I/Glide   (10801): 	at java.util.concurrent.ThreadPoolExecutor$Worker.run(ThreadPoolExecutor.java:652)
06-29 17:42:32.395 I/Glide   (10801): 	at com.bumptech.glide.load.engine.executor.GlideExecutor$DefaultThreadFactory$1.run(GlideExecutor.java:424)
06-29 17:42:32.395 I/Glide   (10801): 	at java.lang.Thread.run(Thread.java:1563)
06-29 17:42:32.395 I/Glide   (10801): 	at com.bumptech.glide.load.engine.executor.GlideExecutor$DefaultPriorityThreadFactory$1.run(GlideExecutor.java:383)
06-29 17:42:32.396 E/ExpoImage(10801): Failed to load resource
06-29 17:42:32.396 E/ExpoImage(10801): There was 1 root cause:
06-29 17:42:32.396 E/ExpoImage(10801): java.lang.IllegalArgumentException(Expected URL scheme 'http' or 'https' but was 'sf')
06-29 17:42:32.396 I/ExpoImage(10801): Root cause (1 of 1)
06-29 17:42:32.396 I/ExpoImage(10801): java.lang.IllegalArgumentException: Expected URL scheme 'http' or 'https' but was 'sf'
06-29 17:42:32.396 I/ExpoImage(10801): 	at okhttp3.HttpUrl$Builder.parse$okhttp(HttpUrl.kt:1254)
06-29 17:42:32.396 I/ExpoImage(10801): 	at okhttp3.HttpUrl$Companion.get(HttpUrl.kt:1634)
06-29 17:42:32.396 I/ExpoImage(10801): 	at okhttp3.Request$Builder.url(Request.kt:184)
06-29 17:42:32.396 I/ExpoImage(10801): 	at com.bumptech.glide.integration.okhttp3.OkHttpStreamFetcher.loadData(OkHttpStreamFetcher.java:42)
06-29 17:42:32.396 I/ExpoImage(10801): 	at com.bumptech.glide.load.engine.SourceGenerator.startNextLoad(SourceGenerator.java:95)
06-29 17:42:32.396 I/ExpoImage(10801): 	at com.bumptech.glide.load.engine.SourceGenerator.startNext(SourceGenerator.java:88)
06-29 17:42:32.396 I/ExpoImage(10801): 	at com.bumptech.glide.load.engine.DecodeJob.runGenerators(DecodeJob.java:311)
06-29 17:42:32.396 I/ExpoImage(10801): 	at com.bumptech.glide.load.engine.DecodeJob.runWrapped(DecodeJob.java:280)
06-29 17:42:32.396 I/ExpoImage(10801): 	at com.bumptech.glide.load.engine.DecodeJob.run(DecodeJob.java:235)
06-29 17:42:32.396 I/ExpoImage(10801): 	at java.util.concurrent.ThreadPoolExecutor.runWorker(ThreadPoolExecutor.java:1154)
06-29 17:42:32.396 I/ExpoImage(10801): 	at java.util.concurrent.ThreadPoolExecutor$Worker.run(ThreadPoolExecutor.java:652)
06-29 17:42:32.396 I/ExpoImage(10801): 	at com.bumptech.glide.load.engine.executor.GlideExecutor$DefaultThreadFactory$1.run(GlideExecutor.java:424)
06-29 17:42:32.396 I/ExpoImage(10801): 	at java.lang.Thread.run(Thread.java:1563)
06-29 17:42:32.396 I/ExpoImage(10801): 	at com.bumptech.glide.load.engine.executor.GlideExecutor$DefaultPriorityThreadFactory$1.run(GlideExecutor.java:383)
06-29 17:42:32.396 I/artd    ( 2355): GetBestInfo: /data/user_de/0/com.google.android.gms/app_chimera/m/0000000e/dl-MlkitOcrCommon.optional_253434100800.apk has no usable artifacts
06-29 17:42:32.397 W/Glide   (10801): Load failed for [sf:trash.fill] with dimensions [47x47]
06-29 17:42:32.397 W/Glide   (10801): class com.bumptech.glide.load.engine.GlideException: Failed to load resource
06-29 17:42:32.397 W/Glide   (10801): There was 1 root cause:
06-29 17:42:32.397 W/Glide   (10801): java.lang.IllegalArgumentException(Expected URL scheme 'http' or 'https' but was 'sf')
06-29 17:42:32.397 W/Glide   (10801):  call GlideException#logRootCauses(String) for more detail
06-29 17:42:32.397 W/Glide   (10801):   Cause (1 of 1): class java.lang.IllegalArgumentException: Expected URL scheme 'http' or 'https' but was 'sf'
06-29 17:42:32.397 I/artd    ( 2355): GetBestInfo: /data/user_de/0/com.google.android.gms/app_chimera/m/00000011/dl-MapsCoreDynamite.integ_260830202100800.apk has no usable artifacts
06-29 17:42:32.397 I/Glide   (10801): Root cause (1 of 1)
06-29 17:42:32.397 I/Glide   (10801): java.lang.IllegalArgumentException: Expected URL scheme 'http' or 'https' but was 'sf'
06-29 17:42:32.397 I/Glide   (10801): 	at okhttp3.HttpUrl$Builder.parse$okhttp(HttpUrl.kt:1254)
06-29 17:42:32.397 I/Glide   (10801): 	at okhttp3.HttpUrl$Companion.get(HttpUrl.kt:1634)
06-29 17:42:32.397 I/Glide   (10801): 	at okhttp3.Request$Builder.url(Request.kt:184)
06-29 17:42:32.397 I/Glide   (10801): 	at com.bumptech.glide.integration.okhttp3.OkHttpStreamFetcher.loadData(OkHttpStreamFetcher.java:42)
06-29 17:42:32.397 I/Glide   (10801): 	at com.bumptech.glide.load.engine.SourceGenerator.startNextLoad(SourceGenerator.java:95)
06-29 17:42:32.397 I/Glide   (10801): 	at com.bumptech.glide.load.engine.SourceGenerator.startNext(SourceGenerator.java:88)
06-29 17:42:32.397 I/Glide   (10801): 	at com.bumptech.glide.load.engine.DecodeJob.runGenerators(DecodeJob.java:311)
06-29 17:42:32.397 I/Glide   (10801): 	at com.bumptech.glide.load.engine.DecodeJob.runWrapped(DecodeJob.java:280)
06-29 17:42:32.397 I/Glide   (10801): 	at com.bumptech.glide.load.engine.DecodeJob.run(DecodeJob.java:235)
06-29 17:42:32.397 I/Glide   (10801): 	at java.util.concurrent.ThreadPoolExecutor.runWorker(ThreadPoolExecutor.java:1154)
06-29 17:42:32.397 I/Glide   (10801): 	at java.util.concurrent.ThreadPoolExecutor$Worker.run(ThreadPoolExecutor.java:652)
06-29 17:42:32.397 I/Glide   (10801): 	at com.bumptech.glide.load.engine.executor.GlideExecutor$DefaultThreadFactory$1.run(GlideExecutor.java:424)
06-29 17:42:32.397 I/Glide   (10801): 	at java.lang.Thread.run(Thread.java:1563)
06-29 17:42:32.397 I/Glide   (10801): 	at com.bumptech.glide.load.engine.executor.GlideExecutor$DefaultPriorityThreadFactory$1.run(GlideExecutor.java:383)
06-29 17:42:32.398 E/ExpoImage(10801): Failed to load resource
06-29 17:42:32.398 E/ExpoImage(10801): There was 1 root cause:
06-29 17:42:32.398 E/ExpoImage(10801): java.lang.IllegalArgumentException(Expected URL scheme 'http' or 'https' but was 'sf')
06-29 17:42:32.398 I/ExpoImage(10801): Root cause (1 of 1)
06-29 17:42:32.398 I/ExpoImage(10801): java.lang.IllegalArgumentException: Expected URL scheme 'http' or 'https' but was 'sf'
06-29 17:42:32.398 I/ExpoImage(10801): 	at okhttp3.HttpUrl$Builder.parse$okhttp(HttpUrl.kt:1254)
06-29 17:42:32.398 I/ExpoImage(10801): 	at okhttp3.HttpUrl$Companion.get(HttpUrl.kt:1634)
06-29 17:42:32.398 I/ExpoImage(10801): 	at okhttp3.Request$Builder.url(Request.kt:184)
06-29 17:42:32.398 I/ExpoImage(10801): 	at com.bumptech.glide.integration.okhttp3.OkHttpStreamFetcher.loadData(OkHttpStreamFetcher.java:42)
06-29 17:42:32.398 I/ExpoImage(10801): 	at com.bumptech.glide.load.engine.SourceGenerator.startNextLoad(SourceGenerator.java:95)
06-29 17:42:32.398 I/ExpoImage(10801): 	at com.bumptech.glide.load.engine.SourceGenerator.startNext(SourceGenerator.java:88)
06-29 17:42:32.398 I/ExpoImage(10801): 	at com.bumptech.glide.load.engine.DecodeJob.runGenerators(DecodeJob.java:311)
06-29 17:42:32.398 I/ExpoImage(10801): 	at com.bumptech.glide.load.engine.DecodeJob.runWrapped(DecodeJob.java:280)
06-29 17:42:32.398 I/ExpoImage(10801): 	at com.bumptech.glide.load.engine.DecodeJob.run(DecodeJob.java:235)
06-29 17:42:32.398 I/ExpoImage(10801): 	at java.util.concurrent.ThreadPoolExecutor.runWorker(ThreadPoolExecutor.java:1154)
06-29 17:42:32.398 I/ExpoImage(10801): 	at java.util.concurrent.ThreadPoolExecutor$Worker.run(ThreadPoolExecutor.java:652)
06-29 17:42:32.398 I/ExpoImage(10801): 	at com.bumptech.glide.load.engine.executor.GlideExecutor$DefaultThreadFactory$1.run(GlideExecutor.java:424)
06-29 17:42:32.398 I/ExpoImage(10801): 	at java.lang.Thread.run(Thread.java:1563)
06-29 17:42:32.398 I/ExpoImage(10801): 	at com.bumptech.glide.load.engine.executor.GlideExecutor$DefaultPriorityThreadFactory$1.run(GlideExecutor.java:383)
06-29 17:42:32.399 W/Glide   (10801): Load failed for [sf:rectangle.portrait.and.arrow.right] with dimensions [48x47]
06-29 17:42:32.399 W/Glide   (10801): class com.bumptech.glide.load.engine.GlideException: Failed to load resource
06-29 17:42:32.399 W/Glide   (10801): There was 1 root cause:
06-29 17:42:32.399 W/Glide   (10801): java.lang.IllegalArgumentException(Expected URL scheme 'http' or 'https' but was 'sf')
06-29 17:42:32.399 W/Glide   (10801):  call GlideException#logRootCauses(String) for more detail
06-29 17:42:32.399 W/Glide   (10801):   Cause (1 of 1): class java.lang.IllegalArgumentException: Expected URL scheme 'http' or 'https' but was 'sf'
06-29 17:42:32.399 I/artd    ( 2355): GetBestInfo: /data/user_de/0/com.google.android.gms/app_chimera/m/00000014/dl-PlayCloudSearch.optional_262233100000.apk has no usable artifacts
06-29 17:42:32.399 I/Glide   (10801): Root cause (1 of 1)
06-29 17:42:32.399 I/Glide   (10801): java.lang.IllegalArgumentException: Expected URL scheme 'http' or 'https' but was 'sf'
06-29 17:42:32.399 I/Glide   (10801): 	at okhttp3.HttpUrl$Builder.parse$okhttp(HttpUrl.kt:1254)
06-29 17:42:32.399 I/Glide   (10801): 	at okhttp3.HttpUrl$Companion.get(HttpUrl.kt:1634)
06-29 17:42:32.399 I/Glide   (10801): 	at okhttp3.Request$Builder.url(Request.kt:184)
06-29 17:42:32.399 I/Glide   (10801): 	at com.bumptech.glide.integration.okhttp3.OkHttpStreamFetcher.loadData(OkHttpStreamFetcher.java:42)
06-29 17:42:32.399 I/Glide   (10801): 	at com.bumptech.glide.load.engine.SourceGenerator.startNextLoad(SourceGenerator.java:95)
06-29 17:42:32.399 I/Glide   (10801): 	at com.bumptech.glide.load.engine.SourceGenerator.startNext(SourceGenerator.java:88)
06-29 17:42:32.399 I/Glide   (10801): 	at com.bumptech.glide.load.engine.DecodeJob.runGenerators(DecodeJob.java:311)
06-29 17:42:32.399 I/Glide   (10801): 	at com.bumptech.glide.load.engine.DecodeJob.runWrapped(DecodeJob.java:280)
06-29 17:42:32.399 I/Glide   (10801): 	at com.bumptech.glide.load.engine.DecodeJob.run(DecodeJob.java:235)
06-29 17:42:32.399 I/Glide   (10801): 	at java.util.concurrent.ThreadPoolExecutor.runWorker(ThreadPoolExecutor.java:1154)
06-29 17:42:32.399 I/Glide   (10801): 	at java.util.concurrent.ThreadPoolExecutor$Worker.run(ThreadPoolExecutor.java:652)
06-29 17:42:32.399 I/Glide   (10801): 	at com.bumptech.glide.load.engine.executor.GlideExecutor$DefaultThreadFactory$1.run(GlideExecutor.java:424)
06-29 17:42:32.399 I/Glide   (10801): 	at java.lang.Thread.run(Thread.java:1563)
06-29 17:42:32.399 I/Glide   (10801): 	at com.bumptech.glide.load.engine.executor.GlideExecutor$DefaultPriorityThreadFactory$1.run(GlideExecutor.java:383)
06-29 17:42:32.400 E/ExpoImage(10801): Failed to load resource
06-29 17:42:32.400 E/ExpoImage(10801): There was 1 root cause:
06-29 17:42:32.400 E/ExpoImage(10801): java.lang.IllegalArgumentException(Expected URL scheme 'http' or 'https' but was 'sf')
06-29 17:42:32.400 I/ExpoImage(10801): Root cause (1 of 1)
06-29 17:42:32.400 I/ExpoImage(10801): java.lang.IllegalArgumentException: Expected URL scheme 'http' or 'https' but was 'sf'
06-29 17:42:32.400 I/ExpoImage(10801): 	at okhttp3.HttpUrl$Builder.parse$okhttp(HttpUrl.kt:1254)
06-29 17:42:32.400 I/ExpoImage(10801): 	at okhttp3.HttpUrl$Companion.get(HttpUrl.kt:1634)
06-29 17:42:32.400 I/ExpoImage(10801): 	at okhttp3.Request$Builder.url(Request.kt:184)
06-29 17:42:32.400 I/ExpoImage(10801): 	at com.bumptech.glide.integration.okhttp3.OkHttpStreamFetcher.loadData(OkHttpStreamFetcher.java:42)
06-29 17:42:32.400 I/ExpoImage(10801): 	at com.bumptech.glide.load.engine.SourceGenerator.startNextLoad(SourceGenerator.java:95)
06-29 17:42:32.400 I/ExpoImage(10801): 	at com.bumptech.glide.load.engine.SourceGenerator.startNext(SourceGenerator.java:88)
06-29 17:42:32.400 I/ExpoImage(10801): 	at com.bumptech.glide.load.engine.DecodeJob.runGenerators(DecodeJob.java:311)
06-29 17:42:32.400 I/ExpoImage(10801): 	at com.bumptech.glide.load.engine.DecodeJob.runWrapped(DecodeJob.java:280)
06-29 17:42:32.400 I/ExpoImage(10801): 	at com.bumptech.glide.load.engine.DecodeJob.run(DecodeJob.java:235)
06-29 17:42:32.400 I/ExpoImage(10801): 	at java.util.concurrent.ThreadPoolExecutor.runWorker(ThreadPoolExecutor.java:1154)
06-29 17:42:32.400 I/ExpoImage(10801): 	at java.util.concurrent.ThreadPoolExecutor$Worker.run(ThreadPoolExecutor.java:652)
06-29 17:42:32.400 I/ExpoImage(10801): 	at com.bumptech.glide.load.engine.executor.GlideExecutor$DefaultThreadFactory$1.run(GlideExecutor.java:424)
06-29 17:42:32.400 I/ExpoImage(10801): 	at java.lang.Thread.run(Thread.java:1563)
06-29 17:42:32.400 I/ExpoImage(10801): 	at com.bumptech.glide.load.engine.executor.GlideExecutor$DefaultPriorityThreadFactory$1.run(GlideExecutor.java:383)
06-29 17:42:32.400 W/Glide   (10801): Load failed for [sf:person.crop.circle.fill] with dimensions [78x79]
06-29 17:42:32.400 W/Glide   (10801): class com.bumptech.glide.load.engine.GlideException: Failed to load resource
06-29 17:42:32.400 W/Glide   (10801): There was 1 root cause:
06-29 17:42:32.400 W/Glide   (10801): java.lang.IllegalArgumentException(Expected URL scheme 'http' or 'https' but was 'sf')
06-29 17:42:32.400 W/Glide   (10801):  call GlideException#logRootCauses(String) for more detail
06-29 17:42:32.400 W/Glide   (10801):   Cause (1 of 1): class java.lang.IllegalArgumentException: Expected URL scheme 'http' or 'https' but was 'sf'
06-29 17:42:32.401 I/Glide   (10801): Root cause (1 of 1)
06-29 17:42:32.401 I/Glide   (10801): java.lang.IllegalArgumentException: Expected URL scheme 'http' or 'https' but was 'sf'
06-29 17:42:32.401 I/Glide   (10801): 	at okhttp3.HttpUrl$Builder.parse$okhttp(HttpUrl.kt:1254)
06-29 17:42:32.401 I/Glide   (10801): 	at okhttp3.HttpUrl$Companion.get(HttpUrl.kt:1634)
06-29 17:42:32.401 I/Glide   (10801): 	at okhttp3.Request$Builder.url(Request.kt:184)
06-29 17:42:32.401 I/Glide   (10801): 	at com.bumptech.glide.integration.okhttp3.OkHttpStreamFetcher.loadData(OkHttpStreamFetcher.java:42)
06-29 17:42:32.401 I/Glide   (10801): 	at com.bumptech.glide.load.engine.SourceGenerator.startNextLoad(SourceGenerator.java:95)
06-29 17:42:32.401 I/Glide   (10801): 	at com.bumptech.glide.load.engine.SourceGenerator.startNext(SourceGenerator.java:88)
06-29 17:42:32.401 I/Glide   (10801): 	at com.bumptech.glide.load.engine.DecodeJob.runGenerators(DecodeJob.java:311)
06-29 17:42:32.401 I/Glide   (10801): 	at com.bumptech.glide.load.engine.DecodeJob.runWrapped(DecodeJob.java:280)
06-29 17:42:32.401 I/Glide   (10801): 	at com.bumptech.glide.load.engine.DecodeJob.run(DecodeJob.java:235)
06-29 17:42:32.401 I/Glide   (10801): 	at java.util.concurrent.ThreadPoolExecutor.runWorker(ThreadPoolExecutor.java:1154)
06-29 17:42:32.401 I/Glide   (10801): 	at java.util.concurrent.ThreadPoolExecutor$Worker.run(ThreadPoolExecutor.java:652)
06-29 17:42:32.401 I/Glide   (10801): 	at com.bumptech.glide.load.engine.executor.GlideExecutor$DefaultThreadFactory$1.run(GlideExecutor.java:424)
06-29 17:42:32.401 I/Glide   (10801): 	at java.lang.Thread.run(Thread.java:1563)
06-29 17:42:32.401 I/Glide   (10801): 	at com.bumptech.glide.load.engine.executor.GlideExecutor$DefaultPriorityThreadFactory$1.run(GlideExecutor.java:383)
06-29 17:42:32.401 E/ExpoImage(10801): Failed to load resource
06-29 17:42:32.401 E/ExpoImage(10801): There was 1 root cause:
06-29 17:42:32.401 E/ExpoImage(10801): java.lang.IllegalArgumentException(Expected URL scheme 'http' or 'https' but was 'sf')
06-29 17:42:32.402 I/ExpoImage(10801): Root cause (1 of 1)
06-29 17:42:32.402 I/ExpoImage(10801): java.lang.IllegalArgumentException: Expected URL scheme 'http' or 'https' but was 'sf'
06-29 17:42:32.402 I/ExpoImage(10801): 	at okhttp3.HttpUrl$Builder.parse$okhttp(HttpUrl.kt:1254)
06-29 17:42:32.402 I/ExpoImage(10801): 	at okhttp3.HttpUrl$Companion.get(HttpUrl.kt:1634)
06-29 17:42:32.402 I/ExpoImage(10801): 	at okhttp3.Request$Builder.url(Request.kt:184)
06-29 17:42:32.402 I/ExpoImage(10801): 	at com.bumptech.glide.integration.okhttp3.OkHttpStreamFetcher.loadData(OkHttpStreamFetcher.java:42)
06-29 17:42:32.402 I/ExpoImage(10801): 	at com.bumptech.glide.load.engine.SourceGenerator.startNextLoad(SourceGenerator.java:95)
06-29 17:42:32.402 I/ExpoImage(10801): 	at com.bumptech.glide.load.engine.SourceGenerator.startNext(SourceGenerator.java:88)
06-29 17:42:32.402 I/ExpoImage(10801): 	at com.bumptech.glide.load.engine.DecodeJob.runGenerators(DecodeJob.java:311)
06-29 17:42:32.402 I/ExpoImage(10801): 	at com.bumptech.glide.load.engine.DecodeJob.runWrapped(DecodeJob.java:280)
06-29 17:42:32.402 I/ExpoImage(10801): 	at com.bumptech.glide.load.engine.DecodeJob.run(DecodeJob.java:235)
06-29 17:42:32.402 I/ExpoImage(10801): 	at java.util.concurrent.ThreadPoolExecutor.runWorker(ThreadPoolExecutor.java:1154)
06-29 17:42:32.402 I/ExpoImage(10801): 	at java.util.concurrent.ThreadPoolExecutor$Worker.run(ThreadPoolExecutor.java:652)
06-29 17:42:32.402 I/ExpoImage(10801): 	at com.bumptech.glide.load.engine.executor.GlideExecutor$DefaultThreadFactory$1.run(GlideExecutor.java:424)
06-29 17:42:32.402 I/ExpoImage(10801): 	at java.lang.Thread.run(Thread.java:1563)
06-29 17:42:32.402 I/ExpoImage(10801): 	at com.bumptech.glide.load.engine.executor.GlideExecutor$DefaultPriorityThreadFactory$1.run(GlideExecutor.java:383)
06-29 17:42:32.402 I/artd    ( 2355): GetBestInfo: vdex next to the dex file (/data/user/0/com.google.android.gms/app_dg_cache/9BCBC14EE674B00B958D4B0C5B4BD883630AA39E/oat/x86_64/the.vdex) is kOatUpToDate with filter 'verify' executable 'false'
06-29 17:42:32.405 I/artd    ( 2355): GetBestInfo: /data/user_de/0/com.google.android.gms/app_chimera/m/0000000f/dl-PlayCloudSearch.optional_253434100000.apk has no usable artifacts
06-29 17:42:32.407 I/artd    ( 2355): GetBestInfo: vdex next to the dex file (/data/user/0/com.google.android.gms/app_dg_cache/FEE57AEA14526BE59FD8AB1365237E7B7A5CE7CB/oat/x86_64/the.vdex) is kOatUpToDate with filter 'verify' executable 'false'
06-29 17:42:32.409 I/artd    ( 2355): GetBestInfo: /data/user_de/0/com.google.android.gms/app_chimera/m/00000007/MeasurementDynamite.apk has no usable artifacts
06-29 17:42:34.784 I/HalDevMgr(  774): bestIfaceCreationProposal is null, requestIface=STA, existingIface=[name=wlan0 type=STA]
06-29 17:42:34.828 I/ReactNativeJS(10801): '\u001b[97;46m << query \u001b[1;97;46m #2 resources.nearby \u001b[0m', { input:
06-29 17:42:34.828 I/ReactNativeJS(10801):    { categoryIds: undefined,
06-29 17:42:34.828 I/ReactNativeJS(10801):      latitude: -16.510231,
06-29 17:42:34.828 I/ReactNativeJS(10801):      longitude: -68.123881,
06-29 17:42:34.828 I/ReactNativeJS(10801):      radiusMeters: 5000,
06-29 17:42:34.828 I/ReactNativeJS(10801):      strategy: 'postgis_radius' },
06-29 17:42:34.828 I/ReactNativeJS(10801):   result:
06-29 17:42:34.828 I/ReactNativeJS(10801):    { context:
06-29 17:42:34.828 I/ReactNativeJS(10801):       { response:
06-29 17:42:34.828 I/ReactNativeJS(10801):          { type: 'default',
06-29 17:42:34.828 I/ReactNativeJS(10801):            status: 200,
06-29 17:42:34.828 I/ReactNativeJS(10801):            ok: true,
06-29 17:42:34.828 I/ReactNativeJS(10801):            statusText: '',
06-29 17:42:34.828 I/ReactNativeJS(10801):            headers:
06-29 17:42:34.828 I/ReactNativeJS(10801):             { map:
06-29 17:42:34.828 I/ReactNativeJS(10801):                { 'access-control-allow-headers': '*',
06-29 17:42:34.828 I/ReactNativeJS(10801):                  'access-control-allow-methods': 'OPTIONS, GET, POST',
06-29 17:42:34.828 I/ReactNativeJS(10801):                  'access-control-allow-origin': '*',
06-29 17:42:34.828 I/ReactNativeJS(10801):                  'access-control-request-method': '*',
06-29 17:42:34.828 I/ReactNativeJS(10801):                  connection: 'keep-alive',
06-29 17:42:34.828 I/ReactNativeJS(10801):                  'content-type': 'application/json',
06-29 17:42:34.828 I/ReactNativeJS(10801):                  date: 'Mon, 29 Jun 2026 21:42:34 GMT',
06-29 17:42:34.828 I/ReactNativeJS(10801):                  'keep-alive': 'timeout=5',
06-29 17:42:34.828 I/ReactNativeJS(10801):                  'transfer-encoding': 'chunked',
06-29 17:42:34.828 I/ReactNativeJS(10801):                  vary: 'rsc, next-router-state-tree, next-router-prefetch, next-router-segment-prefetch, trpc-accept' } },
06-29 17:42:34.828 I/ReactNativeJS(10801):            url: 'http://10.0.2.2:3000/api/trpc/resources.nearby?batch=1&input=%7B%220%22%3A%7B%22json%22%3A%7B%22categoryIds%22%3Anull%2C%22latitude%22%3A-16.510231%2C%22longitude%22%3A-68.123881%2C%22radiusMeters%22%3A5000%2C%22strategy%22%3A%22postgis_radius%22%7D%2C%22meta%22%3A%7B%22values%22%3A%7B%22categoryIds%22%3A%5B%22undefined%22%5D%7D%2C%22v%22%3A1%7D%7D%7D',
06-29 17:42:34.828 I/ReactNativeJS(10801):            bodyUsed: true,
06-29 17:42:34.828 I/ReactNativeJS(10801):            _bodyInit:
06-29 17:42:34.828 I/ReactNativeJS(10801):             { _data:
06-29 17:42:34.828 I/ReactNativeJS(10801):                { size: 10795,
06-29 17:42:34.828 I/ReactNativeJS(10801):                  offset: 0,
06-29 17:42:34.828 I/ReactNativeJS(10801):                  blobId: '774aec73-f0d1-461d-9ed7-440063cba07f',
06-29 17:42:34.828 I/ReactNativeJS(10801):                  __collector: {} } },
06-29 17:42:34.828 I/ReactNativeJS(10801):            _bodyBlob:
06-29 17:42:34.828 I/ReactNativeJS(10801):             { _data:
06-29 17:42:34.828 I/ReactNativeJS(10801):                { size: 10795,
06-29 17:42:34.828 I/ReactNativeJS(10801):                  offset: 0,
06-29 17:42:34.828 I/ReactNativeJS(10801):                  blobId: '774aec73-f0d1-461d-9ed7-440063cba07f',
06-29 17:42:34.828 I/ReactNativeJS(10801):                  __collector: {} } } },
06-29 17:42:34.828 I/ReactNativeJS(10801):         responseJSON:
06-29 17:42:34.828 I/ReactNativeJS(10801):          [ { result:
06-29 17:42:34.828 I/ReactNativeJS(10801):               { data:
06-29 17:42:34.828 I/ReactNativeJS(10801):                  { json:
06-29 17:42:34.828 I/ReactNativeJS(10801):                     { generatedAt: '2026-06-29T21:42:34.150Z',
06-29 17:42:34.828 I/ReactNativeJS(10801):                       query:
06-29 17:42:34.828 I/ReactNativeJS(10801):                        { latitude: -16.510231,
06-29 17:42:34.828 I/ReactNativeJS(10801):                          longitude: -68.123881,
06-29 17:42:34.828 I/ReactNativeJS(10801):                          radiusMeters: 5000,
06-29 17:42:34.828 I/ReactNativeJS(10801):                          categoryIds: null,
06-29 17:42:34.828 I/ReactNativeJS(10801):                          limit: 50,
06-29 17:42:34.828 I/ReactNativeJS(10801):                          strategy: 'postgis_radius' },
06-29 17:42:34.828 I/ReactNativeJS(10801):                       radiusMeters: 5000,
06-29 17:42:34.828 I/ReactNativeJS(10801):                       results:
06-29 17:42:34.828 I/ReactNativeJS(10801):                        [ { id: 'fb68e699-910c-487b-926f-1d46b950d8db',
06-29 17:42:34.828 I/ReactNativeJS(10801):                            name: 'Veterinaria QA Recursos Actualizada',
06-29 17:42:34.828 I/ReactNativeJS(10801):                            categoryId: 'veterinary',
06-29 17:42:34.828 I/ReactNativeJS(10801):                            description: 'Atencion veterinaria general y orientacion de recuperacion para familias cuidadoras en La Paz.',
06-29 17:42:34.828 I/ReactNativeJS(10801):                            approximateLocationLabel: 'Sopocachi, La Paz',
06-29 17:42:34.828 I/ReactNativeJS(10801):                            approximateLocation:
06-29 17:42:34.828 I/ReactNativeJS(10801):                             { latitude: -16.51051,
06-29 17:42:34.828 I/ReactNativeJS(10801):                               longitude: -68.124602,
06-29 17:42:34.828 I/ReactNativeJS(10801):                               precision: 'approximate',
06-29 17:42:34.828 I/ReactNativeJS(10801):                               label: 'Sopocachi, La Paz',
06-29 17:42:34.828 I/ReactNativeJS(10801):                               locationCell: 'bo-lpb-sopocachi' },
06-29 17:42:34.828 I/ReactNativeJS(10801):                            serviceAreaLabel: 'La Paz, El Alto y Viacha',
06-29 17:42:34.828 I/ReactNativeJS(10801):                            distanceMeters: 0,
06-29 17:42:34.828 I/ReactNativeJS(10801):                            isVerified: false,
06-29 17:42:34.828 I/ReactNativeJS(10801):                            sponsorPlacement: null,
06-29 17:42:34.828 I/ReactNativeJS(10801):                            isOpenNow: true,
06-29 17:42:34.828 I/ReactNativeJS(10801):                            emergencyAvailable: true,
06-29 17:42:34.828 I/ReactNativeJS(10801):                            logoUrl: null,
06-29 17:42:34.828 I/ReactNativeJS(10801):                            photoUrl: null,
06-29 17:42:34.828 I/ReactNativeJS(10801):                            contactOptions: [ [Object] ] },
06-29 17:42:34.828 I/ReactNativeJS(10801):                          { id: '55555555-5555-4555-8555-555555550001',
06-29 17:42:34.828 I/ReactNativeJS(10801):                            name: 'Clinica QA Patrocinio Activo',
06-29 17:42:34.828 I/ReactNativeJS(10801):                            categoryId: 'veterinary',
06-29 17:42:34.828 I/ReactNativeJS(10801):                            description: 'Proveedor QA para verificar patrocinios locales.',
06-29 17:42:34.828 I/ReactNativeJS(10801):                            approximateLocationLabel: 'Sopocachi, La Paz',
06-29 17:42:34.828 I/ReactNativeJS(10801):                            approximateLocation:
06-29 17:42:34.828 I/ReactNativeJS(10801):                             { latitude: -16.51023,
06-29 17:42:34.829 I/ReactNativeJS(10801):                               longitude: -68.12388,
06-29 17:42:34.829 I/ReactNativeJS(10801):                               precision: 'approximate',
06-29 17:42:34.829 I/ReactNativeJS(10801):                               label: 'Sopocachi, La Paz',
06-29 17:42:34.829 I/ReactNativeJS(10801):                               locationCell: 'qa-sopocachi' },
06-29 17:42:34.829 I/ReactNativeJS(10801):                            serviceAreaLabel: 'La Paz y El Alto',
06-29 17:42:34.829 I/ReactNativeJS(10801):                            distanceMeters: 0,
06-29 17:42:34.829 I/ReactNativeJS(10801):                            isVerified: true,
06-29 17:42:34.829 I/ReactNativeJS(10801):                            sponsorPlacement:
06-29 17:42:34.829 I/ReactNativeJS(10801):                             { kind: 'Local Sponsor Placement',
06-29 17:42:34.829 I/ReactNativeJS(10801):                               label: 'Patrocinado QA activo',
06-29 17:42:34.829 I/ReactNativeJS(10801):                               disclosure: 'Patrocinado: apoyo local. No cambia la prioridad de reportes.',
06-29 17:42:34.829 I/ReactNativeJS(10801):                               eligibleSurfaces: [Object],
06-29 17:42:34.829 I/ReactNativeJS(10801):                               safetyPolicy: [Object] },
06-29 17:42:34.829 I/ReactNativeJS(10801):                            isOpenNow: true,
06-29 17:42:34.829 I/ReactNativeJS(10801):                            emergencyAvailable: true,
06-29 17:42:34.829 I/ReactNativeJS(10801):                            logoUrl: null,
06-29 17:42:34.829 I/ReactNativeJS(10801):                            photoUrl: null,
06-29 17:42:34.829 I/ReactNativeJS(10801):                            contactOptions: [ [Object] ] },
06-29 17:42:34.829 I/ReactNativeJS(10801):                          { id: '11111111-1111-4111-8111-000000000007',
06-29 17:42:34.829 I/ReactNativeJS(10801):                            name: 'Clinica Veterinaria San Roque DB',
06-29 17:42:34.829 I/ReactNativeJS(10801):                            categoryId: 'veterinary',
06-29 17:42:34.829 I/ReactNativeJS(10801):                            description: 'Clinica veterinaria sembrada para verificar la cola persistida de moderacion.',
06-29 17:42:34.829 I/ReactNativeJS(10801):                            approximateLocationLabel: 'Sopocachi, La Paz',
06-29 17:42:34.829 I/ReactNativeJS(10801):                            approximateLocation:
06-29 17:42:34.829 I/ReactNativeJS(10801):                             { latitude: -16.5045,
