06-29 17:42:30.153 W/Monkey  (12265):  arg: "android.intent.category.LAUNCHER"
06-29 17:42:30.153 W/Monkey  (12265):  arg: "1"
06-29 17:42:30.153 W/Monkey  (12265): data="bo.rastro.app"
06-29 17:42:30.153 W/Monkey  (12265): data="android.intent.category.LAUNCHER"
06-29 17:42:30.157 D/EventHub(  774): No input device configuration file found for device 'Monkey touch'.
06-29 17:42:30.160 I/EventHub(  774): usingClockIoctl=true
06-29 17:42:30.161 I/EventHub(  774): New device: id=21, fd=693, path='/dev/input/event14', name='Monkey touch', classes=TOUCH | TOUCH_MT, configuration='', keyLayout='', keyCharacterMap='', builtinKeyboard=false,
06-29 17:42:30.171 I/InputReader(  774): Device reconfigured: id=21, name='Monkey touch', size 1080x2400, orientation Rotation0, mode DIRECT, display id 0
06-29 17:42:30.172 I/InputReader(  774): Device added: id=21, eventHubId=21, name='Monkey touch', descriptor='e1fe28b90f915c7d1febbd52c1ef84b3c4cbed9f',sources=TOUCHSCREEN
06-29 17:42:30.196 W/ActivityManager(  774): registerReceiverWithFeature: no app for null
06-29 17:42:30.217 W/ActivityTaskManager(  774): callingPackage for (uid=2000, pid=12265) has no WPC
06-29 17:42:30.219 V/WindowManager(  774): DesktopModeLaunchParamsModifier: phase= 0 task=null activity=null display-area-from-current-params=null display-area-from-default-fallback=DefaultTaskDisplayArea@226849771 display-id=0 task-display-area-windowing-mode=1 suggested-display-area=DefaultTaskDisplayArea@226849771 task null, skipping
06-29 17:42:30.219 V/WindowManager(  774): TaskLaunchParamsModifier:phase=0 task=null activity=null display-area-from-current-params=null display-area-from-default-fallback=DefaultTaskDisplayArea@226849771 display-id=0 task-display-area-windowing-mode=1 suggested-display-area=DefaultTaskDisplayArea@226849771
06-29 17:42:30.220 V/Configuration(  774): Updating configuration, locales updated from [] to [es_BO,en_US]
06-29 17:42:30.220 V/GrammaticalInflectionUtils(  774): AttributionSource: android.content.AttributionSource@ddd88f6e does not have READ_SYSTEM_GRAMMATICAL_GENDER permission.
06-29 17:42:30.222 V/WindowManager(  774): DesktopModeLaunchParamsModifier: phase= 0 task=null activity=ActivityRecord{92477475 u0 bo.rastro.app/.MainActivity display-area-from-current-params=null display-area-for-record=DefaultTaskDisplayArea@226849771 display-id=0 task-display-area-windowing-mode=1 suggested-display-area=DefaultTaskDisplayArea@226849771 task null, skipping
06-29 17:42:30.222 V/WindowManager(  774): TaskLaunchParamsModifier:phase=0 task=null activity=ActivityRecord{92477475 u0 bo.rastro.app/.MainActivity t-1} display-area-from-current-params=null display-area-for-record=DefaultTaskDisplayArea@226849771 display-id=0 task-display-area-windowing-mode=1 suggested-display-area=DefaultTaskDisplayArea@226849771
06-29 17:42:30.222 V/WindowManager(  774): DesktopModeLaunchParamsModifier: phase= 3 task=Task{a2e786b #162 type=standard A=10219:bo.rastro.app} activity=ActivityRecord{92477475 u0 bo.rastro.app/.MainActivity t-1} display-from-task=0 display-id=0 task-display-area-windowing-mode=1 suggested-display-area=DefaultTaskDisplayArea@226849771 not entering desktop mode, skipping
06-29 17:42:30.222 V/WindowManager(  774): TaskLaunchParamsModifier:phase=3 task=Task{a2e786b #162 type=standard A=10219:bo.rastro.app} activity=ActivityRecord{92477475 u0 bo.rastro.app/.MainActivity t-1} display-from-task=0 display-id=0 task-display-area-windowing-mode=1 suggested-display-area=DefaultTaskDisplayArea@226849771 inherit-from-task=fullscreen non-freeform-task-display-area display-area=DefaultTaskDisplayArea@226849771 skip-bounds-fullscreen
06-29 17:42:30.224 V/WindowManager(  774): DesktopModeLaunchParamsModifier: phase= 3 task=Task{a2e786b #162 type=standard A=10219:bo.rastro.app} activity=ActivityRecord{92477475 u0 bo.rastro.app/.MainActivity t-1} display-from-task=0 display-id=0 task-display-area-windowing-mode=1 suggested-display-area=DefaultTaskDisplayArea@226849771 not entering desktop mode, skipping
06-29 17:42:30.224 V/WindowManager(  774): TaskLaunchParamsModifier:phase=3 task=Task{a2e786b #162 type=standard A=10219:bo.rastro.app} activity=ActivityRecord{92477475 u0 bo.rastro.app/.MainActivity t-1} display-from-task=0 display-id=0 task-display-area-windowing-mode=1 suggested-display-area=DefaultTaskDisplayArea@226849771 inherit-from-task=fullscreen non-freeform-task-display-area display-area=DefaultTaskDisplayArea@226849771 skip-bounds-fullscreen
06-29 17:42:30.227 D/KeyguardService( 1031): setOccluded(false)
06-29 17:42:30.227 D/KeyguardViewMediator( 1031): setOccluded(false)
06-29 17:42:30.227 D/KeyguardViewMediator( 1031): handleSetOccluded(false)
06-29 17:42:30.228 I/libbinder.BpBinder(  626): onLastStrongRef automatically unlinking death recipients for descriptor: '(not cached)'
06-29 17:42:30.228 I/ActivityTaskManager(  774): START u0 {act=android.intent.action.MAIN cat=[android.intent.category.LAUNCHER] flg=0x10200000 cmp=bo.rastro.app/.MainActivity} with LAUNCH_SINGLE_TASK from uid 2000 (com.android.shell) (BAL_ALLOW_PERMISSION) result code=3
06-29 17:42:30.229 D/KeyguardViewMediator( 1031): KeyguardViewMediator queue processing message: SET_OCCLUDED
06-29 17:42:30.231 I/Monkey  (12265): Events injected: 1
06-29 17:42:30.234 D/WindowManagerShell( 1031): onActivityRestartAttempt: topActivity=ComponentInfo{bo.rastro.app/bo.rastro.app.MainActivity}, wasVisible=true, displayId=0, pipDisplayLayoutState#displayId=0
06-29 17:42:30.236 I/Monkey  (12265): ## Network stats: elapsed time=22ms (0ms mobile, 0ms wifi, 22ms not connected)
06-29 17:42:30.237 I/app_process(12265): System.exit called, status: 0
06-29 17:42:30.237 I/AndroidRuntime(12265): VM exiting with result code 0.
06-29 17:42:30.254 W/unknown:BridgelessReact(10801): ReactHost{0}.onHostPause(activity)
06-29 17:42:30.256 W/unknown:BridgelessReact(10801): ReactContext.onHostPause()
06-29 17:42:30.258 D/WindowManager(  774): Direct invocation of sendNewConfiguration: Display{#0 state=ON size=1080x2400 ROTATION_0}
06-29 17:42:30.259 W/unknown:BridgelessReact(10801): ReactHost{0}.onHostResume(activity)
06-29 17:42:30.259 I/EventHub(  774): Removing device Monkey touch due to epoll hang-up event.
06-29 17:42:30.259 I/EventHub(  774): Removed device: path=/dev/input/event14 name=Monkey touch id=21 fd=693 classes=TOUCH | TOUCH_MT
06-29 17:42:30.260 W/unknown:BridgelessReact(10801): ReactContext.onHostResume()
06-29 17:42:30.276 I/EventHub(  774): Removing device '/dev/input/event14' due to inotify event
06-29 17:42:30.277 E/EventHub(  774): Invalid device id=21 provided to isDeviceEnabled
06-29 17:42:30.278 W/InputReader(  774): Ignoring disabled device Monkey touch
06-29 17:42:30.278 I/InputReader(  774): Device removed: id=21, eventHubId=21, name='Monkey touch', descriptor='e1fe28b90f915c7d1febbd52c1ef84b3c4cbed9f', sources=TOUCHSCREEN
06-29 17:42:30.283 D/nativeloader(10801): Load /data/app/~~KMQnftRtG2peB3zG9quLJA==/bo.rastro.app-CH8U8orjrAxVV4GE4FDFpQ==/base.apk!/lib/x86_64/libimagepipeline.so using class loader ns clns-9 (caller=/data/app/~~KMQnftRtG2peB3zG9quLJA==/bo.rastro.app-CH8U8orjrAxVV4GE4FDFpQ==/base.apk!classes7.dex): ok
06-29 17:42:30.290 W/libbinder.IPCThreadState(  774): Sending oneway calls to frozen process.
06-29 17:42:30.290 W/libbinder.IPCThreadState(  774): Sending oneway calls to frozen process.
06-29 17:42:30.295 I/PkDeviceHelper( 1460): PkDeviceHelper.refreshDevices():93 refreshing devices
06-29 17:42:30.295 I/PkDeviceHelper( 1460): PkDeviceHelper.addDevice():133 device qwerty2 added
06-29 17:42:30.296 I/PkDeviceHelper( 1460): PkDeviceHelper.addDevice():133 device AT Translated Set 2 keyboard added
06-29 17:42:30.307 D/WindowManager(  774): Direct invocation of sendNewConfiguration: Display{#0 state=ON size=1080x2400 ROTATION_0}
06-29 17:42:30.309 W/libbinder.IPCThreadState(  774): Sending oneway calls to frozen process.
06-29 17:42:30.309 W/libbinder.IPCThreadState(  774): Sending oneway calls to frozen process.
06-29 17:42:30.310 D/NavigationModeController( 1031): getCurrentUserContext: contextUser=0 currentUser=0
06-29 17:42:30.312 I/PkDeviceHelper( 1460): PkDeviceHelper.refreshDevices():93 refreshing devices
06-29 17:42:30.312 I/PkDeviceHelper( 1460): PkDeviceHelper.addDevice():133 device qwerty2 added
06-29 17:42:30.312 I/PkDeviceHelper( 1460): PkDeviceHelper.addDevice():133 device AT Translated Set 2 keyboard added
06-29 17:42:30.317 W/PermissionService(  774): getPermissionFlags: Unknown user -1
06-29 17:42:30.318 W/PermissionService(  774): getPermissionFlags: Unknown user -1
06-29 17:42:30.541 W/AiAiEcho( 1633): LyftNotificationParser Ridesharing ETA not enabled
06-29 17:42:30.542 I/AiAiEcho( 1633): SmartspaceNotificationPredictor no parser can handle this notification or notification is invalid
06-29 17:42:31.587 I/ReactNativeJS(10801): '\u001b[30;46m >> query \u001b[1;30;46m #2 resources.nearby \u001b[0m', { input:
06-29 17:42:31.587 I/ReactNativeJS(10801):    { categoryIds: undefined,
06-29 17:42:31.587 I/ReactNativeJS(10801):      latitude: -16.510231,
06-29 17:42:31.587 I/ReactNativeJS(10801):      longitude: -68.123881,
06-29 17:42:31.587 I/ReactNativeJS(10801):      radiusMeters: 5000,
06-29 17:42:31.587 I/ReactNativeJS(10801):      strategy: 'postgis_radius' } }
06-29 17:42:31.718 W/unknown:ReactNative(10801): StatusBarModule: Ignored status bar change, current activity is edge-to-edge.
06-29 17:42:31.718 W/unknown:ReactNative(10801): StatusBarModule: Ignored status bar change, current activity is edge-to-edge.
06-29 17:42:31.778 I/HalDevMgr(  774): bestIfaceCreationProposal is null, requestIface=STA, existingIface=[name=wlan0 type=STA]
06-29 17:42:31.806 W/[RNScreens](10801): largeTitle prop is not available on Android
06-29 17:42:31.806 W/[RNScreens](10801): backTitleFontFamily prop is not available on Android
06-29 17:42:31.806 W/[RNScreens](10801): disableBackButtonMenu prop is not available on Android
06-29 17:42:31.806 W/[RNScreens](10801): backTitleVisible prop is not available on Android
06-29 17:42:31.806 W/[RNScreens](10801): largeTitleHideShadow prop is not available on Android
06-29 17:42:31.806 W/[RNScreens](10801): largeTitleFontWeight prop is not available on Android
06-29 17:42:31.806 W/[RNScreens](10801): largeTitleFontFamily prop is not available on Android
06-29 17:42:31.827 W/[RNScreens](10801): largeTitle prop is not available on Android
06-29 17:42:31.827 W/[RNScreens](10801): backTitleFontFamily prop is not available on Android
06-29 17:42:31.827 W/[RNScreens](10801): disableBackButtonMenu prop is not available on Android
06-29 17:42:31.827 W/[RNScreens](10801): backTitleVisible prop is not available on Android
06-29 17:42:31.827 W/[RNScreens](10801): largeTitleHideShadow prop is not available on Android
06-29 17:42:31.827 W/[RNScreens](10801): largeTitleFontWeight prop is not available on Android
06-29 17:42:31.827 W/[RNScreens](10801): largeTitleFontFamily prop is not available on Android
06-29 17:42:31.892 I/wpa_supplicant( 1017): wlan0: CTRL-EVENT-BEACON-LOSS
06-29 17:42:31.900 W/[RNScreens](10801): largeTitle prop is not available on Android
06-29 17:42:31.900 W/[RNScreens](10801): backTitleFontFamily prop is not available on Android
06-29 17:42:31.900 W/[RNScreens](10801): disableBackButtonMenu prop is not available on Android
06-29 17:42:31.900 W/[RNScreens](10801): backTitleVisible prop is not available on Android
06-29 17:42:31.900 W/[RNScreens](10801): largeTitleHideShadow prop is not available on Android
06-29 17:42:31.900 W/[RNScreens](10801): largeTitleFontWeight prop is not available on Android
06-29 17:42:31.901 W/[RNScreens](10801): largeTitleFontFamily prop is not available on Android
06-29 17:42:31.956 W/[RNScreens](10801): largeTitle prop is not available on Android
06-29 17:42:31.956 W/[RNScreens](10801): backTitleFontFamily prop is not available on Android
06-29 17:42:31.956 W/[RNScreens](10801): disableBackButtonMenu prop is not available on Android
06-29 17:42:31.957 W/[RNScreens](10801): backTitleVisible prop is not available on Android
06-29 17:42:31.957 W/[RNScreens](10801): largeTitleHideShadow prop is not available on Android
06-29 17:42:31.957 W/[RNScreens](10801): largeTitleFontWeight prop is not available on Android
06-29 17:42:31.957 W/[RNScreens](10801): largeTitleFontFamily prop is not available on Android
06-29 17:42:31.981 W/[RNScreens](10801): backTitleVisible prop is not available on Android
06-29 17:42:31.981 W/[RNScreens](10801): backTitleFontFamily prop is not available on Android
06-29 17:42:31.981 W/[RNScreens](10801): disableBackButtonMenu prop is not available on Android
06-29 17:42:31.981 W/[RNScreens](10801): largeTitleFontFamily prop is not available on Android
06-29 17:42:31.981 W/[RNScreens](10801): largeTitleFontWeight prop is not available on Android
06-29 17:42:31.981 W/[RNScreens](10801): largeTitleHideShadow prop is not available on Android
06-29 17:42:32.209 E/GlideExecutor(10801): Request threw uncaught throwable
06-29 17:42:32.209 E/GlideExecutor(10801): java.lang.IllegalArgumentException: Expected URL scheme 'http' or 'https' but was 'sf'
06-29 17:42:32.209 E/GlideExecutor(10801): 	at okhttp3.HttpUrl$Builder.parse$okhttp(HttpUrl.kt:1254)
06-29 17:42:32.209 E/GlideExecutor(10801): 	at okhttp3.HttpUrl$Companion.get(HttpUrl.kt:1634)
06-29 17:42:32.209 E/GlideExecutor(10801): 	at okhttp3.Request$Builder.url(Request.kt:184)
06-29 17:42:32.209 E/GlideExecutor(10801): 	at com.bumptech.glide.integration.okhttp3.OkHttpStreamFetcher.loadData(OkHttpStreamFetcher.java:42)
06-29 17:42:32.209 E/GlideExecutor(10801): 	at com.bumptech.glide.load.engine.SourceGenerator.startNextLoad(SourceGenerator.java:95)
06-29 17:42:32.209 E/GlideExecutor(10801): 	at com.bumptech.glide.load.engine.SourceGenerator.startNext(SourceGenerator.java:88)
06-29 17:42:32.209 E/GlideExecutor(10801): 	at com.bumptech.glide.load.engine.DecodeJob.runGenerators(DecodeJob.java:311)
06-29 17:42:32.209 E/GlideExecutor(10801): 	at com.bumptech.glide.load.engine.DecodeJob.runWrapped(DecodeJob.java:280)
06-29 17:42:32.209 E/GlideExecutor(10801): 	at com.bumptech.glide.load.engine.DecodeJob.run(DecodeJob.java:235)
06-29 17:42:32.209 E/GlideExecutor(10801): 	at java.util.concurrent.ThreadPoolExecutor.runWorker(ThreadPoolExecutor.java:1154)
06-29 17:42:32.209 E/GlideExecutor(10801): 	at java.util.concurrent.ThreadPoolExecutor$Worker.run(ThreadPoolExecutor.java:652)
06-29 17:42:32.209 E/GlideExecutor(10801): 	at com.bumptech.glide.load.engine.executor.GlideExecutor$DefaultThreadFactory$1.run(GlideExecutor.java:424)
06-29 17:42:32.209 E/GlideExecutor(10801): 	at java.lang.Thread.run(Thread.java:1563)
06-29 17:42:32.209 E/GlideExecutor(10801): 	at com.bumptech.glide.load.engine.executor.GlideExecutor$DefaultPriorityThreadFactory$1.run(GlideExecutor.java:383)
06-29 17:42:32.209 E/GlideExecutor(10801): Request threw uncaught throwable
06-29 17:42:32.209 E/GlideExecutor(10801): java.lang.IllegalArgumentException: Expected URL scheme 'http' or 'https' but was 'sf'
06-29 17:42:32.209 E/GlideExecutor(10801): 	at okhttp3.HttpUrl$Builder.parse$okhttp(HttpUrl.kt:1254)
06-29 17:42:32.209 E/GlideExecutor(10801): 	at okhttp3.HttpUrl$Companion.get(HttpUrl.kt:1634)
06-29 17:42:32.209 E/GlideExecutor(10801): 	at okhttp3.Request$Builder.url(Request.kt:184)
06-29 17:42:32.209 E/GlideExecutor(10801): 	at com.bumptech.glide.integration.okhttp3.OkHttpStreamFetcher.loadData(OkHttpStreamFetcher.java:42)
06-29 17:42:32.209 E/GlideExecutor(10801): 	at com.bumptech.glide.load.engine.SourceGenerator.startNextLoad(SourceGenerator.java:95)
06-29 17:42:32.209 E/GlideExecutor(10801): 	at com.bumptech.glide.load.engine.SourceGenerator.startNext(SourceGenerator.java:88)
06-29 17:42:32.209 E/GlideExecutor(10801): 	at com.bumptech.glide.load.engine.DecodeJob.runGenerators(DecodeJob.java:311)
06-29 17:42:32.209 E/GlideExecutor(10801): 	at com.bumptech.glide.load.engine.DecodeJob.runWrapped(DecodeJob.java:280)
06-29 17:42:32.209 E/GlideExecutor(10801): 	at com.bumptech.glide.load.engine.DecodeJob.run(DecodeJob.java:235)
06-29 17:42:32.209 E/GlideExecutor(10801): 	at java.util.concurrent.ThreadPoolExecutor.runWorker(ThreadPoolExecutor.java:1154)
06-29 17:42:32.209 E/GlideExecutor(10801): 	at java.util.concurrent.ThreadPoolExecutor$Worker.run(ThreadPoolExecutor.java:652)
06-29 17:42:32.209 E/GlideExecutor(10801): 	at com.bumptech.glide.load.engine.executor.GlideExecutor$DefaultThreadFactory$1.run(GlideExecutor.java:424)
06-29 17:42:32.209 E/GlideExecutor(10801): 	at java.lang.Thread.run(Thread.java:1563)
06-29 17:42:32.209 E/GlideExecutor(10801): 	at com.bumptech.glide.load.engine.executor.GlideExecutor$DefaultPriorityThreadFactory$1.run(GlideExecutor.java:383)
06-29 17:42:32.210 E/GlideExecutor(10801): Request threw uncaught throwable
06-29 17:42:32.210 E/GlideExecutor(10801): java.lang.IllegalArgumentException: Expected URL scheme 'http' or 'https' but was 'sf'
06-29 17:42:32.210 E/GlideExecutor(10801): 	at okhttp3.HttpUrl$Builder.parse$okhttp(HttpUrl.kt:1254)
06-29 17:42:32.210 E/GlideExecutor(10801): 	at okhttp3.HttpUrl$Companion.get(HttpUrl.kt:1634)
06-29 17:42:32.210 E/GlideExecutor(10801): 	at okhttp3.Request$Builder.url(Request.kt:184)
06-29 17:42:32.210 E/GlideExecutor(10801): 	at com.bumptech.glide.integration.okhttp3.OkHttpStreamFetcher.loadData(OkHttpStreamFetcher.java:42)
06-29 17:42:32.210 E/GlideExecutor(10801): 	at com.bumptech.glide.load.engine.SourceGenerator.startNextLoad(SourceGenerator.java:95)
06-29 17:42:32.210 E/GlideExecutor(10801): 	at com.bumptech.glide.load.engine.SourceGenerator.startNext(SourceGenerator.java:88)
06-29 17:42:32.210 E/GlideExecutor(10801): 	at com.bumptech.glide.load.engine.DecodeJob.runGenerators(DecodeJob.java:311)
06-29 17:42:32.210 E/GlideExecutor(10801): 	at com.bumptech.glide.load.engine.DecodeJob.runWrapped(DecodeJob.java:280)
06-29 17:42:32.210 E/GlideExecutor(10801): 	at com.bumptech.glide.load.engine.DecodeJob.run(DecodeJob.java:235)
06-29 17:42:32.210 E/GlideExecutor(10801): 	at java.util.concurrent.ThreadPoolExecutor.runWorker(ThreadPoolExecutor.java:1154)
06-29 17:42:32.210 E/GlideExecutor(10801): 	at java.util.concurrent.ThreadPoolExecutor$Worker.run(ThreadPoolExecutor.java:652)
06-29 17:42:32.210 E/GlideExecutor(10801): 	at com.bumptech.glide.load.engine.executor.GlideExecutor$DefaultThreadFactory$1.run(GlideExecutor.java:424)
06-29 17:42:32.210 E/GlideExecutor(10801): 	at java.lang.Thread.run(Thread.java:1563)
06-29 17:42:32.210 E/GlideExecutor(10801): 	at com.bumptech.glide.load.engine.executor.GlideExecutor$DefaultPriorityThreadFactory$1.run(GlideExecutor.java:383)
06-29 17:42:32.211 E/GlideExecutor(10801): Request threw uncaught throwable
06-29 17:42:32.211 E/GlideExecutor(10801): java.lang.IllegalArgumentException: Expected URL scheme 'http' or 'https' but was 'sf'
06-29 17:42:32.211 E/GlideExecutor(10801): 	at okhttp3.HttpUrl$Builder.parse$okhttp(HttpUrl.kt:1254)
06-29 17:42:32.211 E/GlideExecutor(10801): 	at okhttp3.HttpUrl$Companion.get(HttpUrl.kt:1634)
06-29 17:42:32.211 E/GlideExecutor(10801): 	at okhttp3.Request$Builder.url(Request.kt:184)
06-29 17:42:32.211 E/GlideExecutor(10801): 	at com.bumptech.glide.integration.okhttp3.OkHttpStreamFetcher.loadData(OkHttpStreamFetcher.java:42)
06-29 17:42:32.211 E/GlideExecutor(10801): 	at com.bumptech.glide.load.engine.SourceGenerator.startNextLoad(SourceGenerator.java:95)
06-29 17:42:32.211 E/GlideExecutor(10801): 	at com.bumptech.glide.load.engine.SourceGenerator.startNext(SourceGenerator.java:88)
06-29 17:42:32.211 E/GlideExecutor(10801): 	at com.bumptech.glide.load.engine.DecodeJob.runGenerators(DecodeJob.java:311)
06-29 17:42:32.211 E/GlideExecutor(10801): 	at com.bumptech.glide.load.engine.DecodeJob.runWrapped(DecodeJob.java:280)
06-29 17:42:32.211 E/GlideExecutor(10801): 	at com.bumptech.glide.load.engine.DecodeJob.run(DecodeJob.java:235)
06-29 17:42:32.211 E/GlideExecutor(10801): 	at java.util.concurrent.ThreadPoolExecutor.runWorker(ThreadPoolExecutor.java:1154)
06-29 17:42:32.211 E/GlideExecutor(10801): 	at java.util.concurrent.ThreadPoolExecutor$Worker.run(ThreadPoolExecutor.java:652)
06-29 17:42:32.211 E/GlideExecutor(10801): 	at com.bumptech.glide.load.engine.executor.GlideExecutor$DefaultThreadFactory$1.run(GlideExecutor.java:424)
06-29 17:42:32.211 E/GlideExecutor(10801): 	at java.lang.Thread.run(Thread.java:1563)
06-29 17:42:32.211 E/GlideExecutor(10801): 	at com.bumptech.glide.load.engine.executor.GlideExecutor$DefaultPriorityThreadFactory$1.run(GlideExecutor.java:383)
06-29 17:42:32.214 E/GlideExecutor(10801): Request threw uncaught throwable
06-29 17:42:32.214 E/GlideExecutor(10801): java.lang.IllegalArgumentException: Expected URL scheme 'http' or 'https' but was 'sf'
06-29 17:42:32.214 E/GlideExecutor(10801): 	at okhttp3.HttpUrl$Builder.parse$okhttp(HttpUrl.kt:1254)
06-29 17:42:32.214 E/GlideExecutor(10801): 	at okhttp3.HttpUrl$Companion.get(HttpUrl.kt:1634)
06-29 17:42:32.214 E/GlideExecutor(10801): 	at okhttp3.Request$Builder.url(Request.kt:184)
06-29 17:42:32.214 E/GlideExecutor(10801): 	at com.bumptech.glide.integration.okhttp3.OkHttpStreamFetcher.loadData(OkHttpStreamFetcher.java:42)
06-29 17:42:32.214 E/GlideExecutor(10801): 	at com.bumptech.glide.load.engine.SourceGenerator.startNextLoad(SourceGenerator.java:95)
06-29 17:42:32.214 E/GlideExecutor(10801): 	at com.bumptech.glide.load.engine.SourceGenerator.startNext(SourceGenerator.java:88)
06-29 17:42:32.214 E/GlideExecutor(10801): 	at com.bumptech.glide.load.engine.DecodeJob.runGenerators(DecodeJob.java:311)
06-29 17:42:32.214 E/GlideExecutor(10801): 	at com.bumptech.glide.load.engine.DecodeJob.runWrapped(DecodeJob.java:280)
06-29 17:42:32.214 E/GlideExecutor(10801): 	at com.bumptech.glide.load.engine.DecodeJob.run(DecodeJob.java:235)
06-29 17:42:32.214 E/GlideExecutor(10801): 	at java.util.concurrent.ThreadPoolExecutor.runWorker(ThreadPoolExecutor.java:1154)
06-29 17:42:32.214 E/GlideExecutor(10801): 	at java.util.concurrent.ThreadPoolExecutor$Worker.run(ThreadPoolExecutor.java:652)
06-29 17:42:32.214 E/GlideExecutor(10801): 	at com.bumptech.glide.load.engine.executor.GlideExecutor$DefaultThreadFactory$1.run(GlideExecutor.java:424)
06-29 17:42:32.214 E/GlideExecutor(10801): 	at java.lang.Thread.run(Thread.java:1563)
06-29 17:42:32.214 E/GlideExecutor(10801): 	at com.bumptech.glide.load.engine.executor.GlideExecutor$DefaultPriorityThreadFactory$1.run(GlideExecutor.java:383)
06-29 17:42:32.221 E/GlideExecutor(10801): Request threw uncaught throwable
06-29 17:42:32.221 E/GlideExecutor(10801): java.lang.IllegalArgumentException: Expected URL scheme 'http' or 'https' but was 'sf'
06-29 17:42:32.221 E/GlideExecutor(10801): 	at okhttp3.HttpUrl$Builder.parse$okhttp(HttpUrl.kt:1254)
06-29 17:42:32.221 E/GlideExecutor(10801): 	at okhttp3.HttpUrl$Companion.get(HttpUrl.kt:1634)
06-29 17:42:32.221 E/GlideExecutor(10801): 	at okhttp3.Request$Builder.url(Request.kt:184)
06-29 17:42:32.221 E/GlideExecutor(10801): 	at com.bumptech.glide.integration.okhttp3.OkHttpStreamFetcher.loadData(OkHttpStreamFetcher.java:42)
06-29 17:42:32.221 E/GlideExecutor(10801): 	at com.bumptech.glide.load.engine.SourceGenerator.startNextLoad(SourceGenerator.java:95)
06-29 17:42:32.221 E/GlideExecutor(10801): 	at com.bumptech.glide.load.engine.SourceGenerator.startNext(SourceGenerator.java:88)
06-29 17:42:32.221 E/GlideExecutor(10801): 	at com.bumptech.glide.load.engine.DecodeJob.runGenerators(DecodeJob.java:311)
06-29 17:42:32.221 E/GlideExecutor(10801): 	at com.bumptech.glide.load.engine.DecodeJob.runWrapped(DecodeJob.java:280)
06-29 17:42:32.221 E/GlideExecutor(10801): 	at com.bumptech.glide.load.engine.DecodeJob.run(DecodeJob.java:235)
06-29 17:42:32.221 E/GlideExecutor(10801): 	at java.util.concurrent.ThreadPoolExecutor.runWorker(ThreadPoolExecutor.java:1154)
06-29 17:42:32.221 E/GlideExecutor(10801): 	at java.util.concurrent.ThreadPoolExecutor$Worker.run(ThreadPoolExecutor.java:652)
06-29 17:42:32.221 E/GlideExecutor(10801): 	at com.bumptech.glide.load.engine.executor.GlideExecutor$DefaultThreadFactory$1.run(GlideExecutor.java:424)
06-29 17:42:32.221 E/GlideExecutor(10801): 	at java.lang.Thread.run(Thread.java:1563)
06-29 17:42:32.221 E/GlideExecutor(10801): 	at com.bumptech.glide.load.engine.executor.GlideExecutor$DefaultPriorityThreadFactory$1.run(GlideExecutor.java:383)
06-29 17:42:32.224 W/libbinder.BackendUnifiedServiceManager(12299): Thread Pool max thread count is 0. Cannot cache binder as linkToDeath cannot be implemented. serviceName: package
06-29 17:42:32.229 E/GlideExecutor(10801): Request threw uncaught throwable
06-29 17:42:32.229 E/GlideExecutor(10801): java.lang.IllegalArgumentException: Expected URL scheme 'http' or 'https' but was 'sf'
06-29 17:42:32.229 E/GlideExecutor(10801): 	at okhttp3.HttpUrl$Builder.parse$okhttp(HttpUrl.kt:1254)
06-29 17:42:32.229 E/GlideExecutor(10801): 	at okhttp3.HttpUrl$Companion.get(HttpUrl.kt:1634)
06-29 17:42:32.229 E/GlideExecutor(10801): 	at okhttp3.Request$Builder.url(Request.kt:184)
06-29 17:42:32.229 E/GlideExecutor(10801): 	at com.bumptech.glide.integration.okhttp3.OkHttpStreamFetcher.loadData(OkHttpStreamFetcher.java:42)
06-29 17:42:32.229 E/GlideExecutor(10801): 	at com.bumptech.glide.load.engine.SourceGenerator.startNextLoad(SourceGenerator.java:95)
06-29 17:42:32.229 E/GlideExecutor(10801): 	at com.bumptech.glide.load.engine.SourceGenerator.startNext(SourceGenerator.java:88)
06-29 17:42:32.229 E/GlideExecutor(10801): 	at com.bumptech.glide.load.engine.DecodeJob.runGenerators(DecodeJob.java:311)
06-29 17:42:32.229 E/GlideExecutor(10801): 	at com.bumptech.glide.load.engine.DecodeJob.runWrapped(DecodeJob.java:280)
06-29 17:42:32.229 E/GlideExecutor(10801): 	at com.bumptech.glide.load.engine.DecodeJob.run(DecodeJob.java:235)
06-29 17:42:32.229 E/GlideExecutor(10801): 	at java.util.concurrent.ThreadPoolExecutor.runWorker(ThreadPoolExecutor.java:1154)
06-29 17:42:32.229 E/GlideExecutor(10801): 	at java.util.concurrent.ThreadPoolExecutor$Worker.run(ThreadPoolExecutor.java:652)
06-29 17:42:32.229 E/GlideExecutor(10801): 	at com.bumptech.glide.load.engine.executor.GlideExecutor$DefaultThreadFactory$1.run(GlideExecutor.java:424)
06-29 17:42:32.229 E/GlideExecutor(10801): 	at java.lang.Thread.run(Thread.java:1563)
06-29 17:42:32.229 E/GlideExecutor(10801): 	at com.bumptech.glide.load.engine.executor.GlideExecutor$DefaultPriorityThreadFactory$1.run(GlideExecutor.java:383)
06-29 17:42:32.233 E/GlideExecutor(10801): Request threw uncaught throwable
06-29 17:42:32.233 E/GlideExecutor(10801): java.lang.IllegalArgumentException: Expected URL scheme 'http' or 'https' but was 'sf'
06-29 17:42:32.233 E/GlideExecutor(10801): 	at okhttp3.HttpUrl$Builder.parse$okhttp(HttpUrl.kt:1254)
06-29 17:42:32.233 E/GlideExecutor(10801): 	at okhttp3.HttpUrl$Companion.get(HttpUrl.kt:1634)
06-29 17:42:32.233 E/GlideExecutor(10801): 	at okhttp3.Request$Builder.url(Request.kt:184)
06-29 17:42:32.233 E/GlideExecutor(10801): 	at com.bumptech.glide.integration.okhttp3.OkHttpStreamFetcher.loadData(OkHttpStreamFetcher.java:42)
06-29 17:42:32.233 E/GlideExecutor(10801): 	at com.bumptech.glide.load.engine.SourceGenerator.startNextLoad(SourceGenerator.java:95)
06-29 17:42:32.233 E/GlideExecutor(10801): 	at com.bumptech.glide.load.engine.SourceGenerator.startNext(SourceGenerator.java:88)
06-29 17:42:32.233 E/GlideExecutor(10801): 	at com.bumptech.glide.load.engine.DecodeJob.runGenerators(DecodeJob.java:311)
06-29 17:42:32.233 E/GlideExecutor(10801): 	at com.bumptech.glide.load.engine.DecodeJob.runWrapped(DecodeJob.java:280)
06-29 17:42:32.233 E/GlideExecutor(10801): 	at com.bumptech.glide.load.engine.DecodeJob.run(DecodeJob.java:235)
06-29 17:42:32.233 E/GlideExecutor(10801): 	at java.util.concurrent.ThreadPoolExecutor.runWorker(ThreadPoolExecutor.java:1154)
06-29 17:42:32.233 E/GlideExecutor(10801): 	at java.util.concurrent.ThreadPoolExecutor$Worker.run(ThreadPoolExecutor.java:652)
06-29 17:42:32.233 E/GlideExecutor(10801): 	at com.bumptech.glide.load.engine.executor.GlideExecutor$DefaultThreadFactory$1.run(GlideExecutor.java:424)
06-29 17:42:32.233 E/GlideExecutor(10801): 	at java.lang.Thread.run(Thread.java:1563)
06-29 17:42:32.233 E/GlideExecutor(10801): 	at com.bumptech.glide.load.engine.executor.GlideExecutor$DefaultPriorityThreadFactory$1.run(GlideExecutor.java:383)
06-29 17:42:32.235 E/GlideExecutor(10801): Request threw uncaught throwable
06-29 17:42:32.235 E/GlideExecutor(10801): java.lang.IllegalArgumentException: Expected URL scheme 'http' or 'https' but was 'sf'
06-29 17:42:32.235 E/GlideExecutor(10801): 	at okhttp3.HttpUrl$Builder.parse$okhttp(HttpUrl.kt:1254)
06-29 17:42:32.235 E/GlideExecutor(10801): 	at okhttp3.HttpUrl$Companion.get(HttpUrl.kt:1634)
06-29 17:42:32.235 E/GlideExecutor(10801): 	at okhttp3.Request$Builder.url(Request.kt:184)
06-29 17:42:32.235 E/GlideExecutor(10801): 	at com.bumptech.glide.integration.okhttp3.OkHttpStreamFetcher.loadData(OkHttpStreamFetcher.java:42)
06-29 17:42:32.235 E/GlideExecutor(10801): 	at com.bumptech.glide.load.engine.SourceGenerator.startNextLoad(SourceGenerator.java:95)
06-29 17:42:32.235 E/GlideExecutor(10801): 	at com.bumptech.glide.load.engine.SourceGenerator.startNext(SourceGenerator.java:88)
06-29 17:42:32.235 E/GlideExecutor(10801): 	at com.bumptech.glide.load.engine.DecodeJob.runGenerators(DecodeJob.java:311)
06-29 17:42:32.235 E/GlideExecutor(10801): 	at com.bumptech.glide.load.engine.DecodeJob.runWrapped(DecodeJob.java:280)
06-29 17:42:32.235 E/GlideExecutor(10801): 	at com.bumptech.glide.load.engine.DecodeJob.run(DecodeJob.java:235)
06-29 17:42:32.235 E/GlideExecutor(10801): 	at java.util.concurrent.ThreadPoolExecutor.runWorker(ThreadPoolExecutor.java:1154)
06-29 17:42:32.235 E/GlideExecutor(10801): 	at java.util.concurrent.ThreadPoolExecutor$Worker.run(ThreadPoolExecutor.java:652)
06-29 17:42:32.235 E/GlideExecutor(10801): 	at com.bumptech.glide.load.engine.executor.GlideExecutor$DefaultThreadFactory$1.run(GlideExecutor.java:424)
06-29 17:42:32.235 E/GlideExecutor(10801): 	at java.lang.Thread.run(Thread.java:1563)
06-29 17:42:32.235 E/GlideExecutor(10801): 	at com.bumptech.glide.load.engine.executor.GlideExecutor$DefaultPriorityThreadFactory$1.run(GlideExecutor.java:383)
06-29 17:42:32.237 E/GlideExecutor(10801): Request threw uncaught throwable
06-29 17:42:32.237 E/GlideExecutor(10801): java.lang.IllegalArgumentException: Expected URL scheme 'http' or 'https' but was 'sf'
06-29 17:42:32.237 E/GlideExecutor(10801): 	at okhttp3.HttpUrl$Builder.parse$okhttp(HttpUrl.kt:1254)
06-29 17:42:32.237 E/GlideExecutor(10801): 	at okhttp3.HttpUrl$Companion.get(HttpUrl.kt:1634)
06-29 17:42:32.237 E/GlideExecutor(10801): 	at okhttp3.Request$Builder.url(Request.kt:184)
06-29 17:42:32.237 E/GlideExecutor(10801): 	at com.bumptech.glide.integration.okhttp3.OkHttpStreamFetcher.loadData(OkHttpStreamFetcher.java:42)
06-29 17:42:32.237 E/GlideExecutor(10801): 	at com.bumptech.glide.load.engine.SourceGenerator.startNextLoad(SourceGenerator.java:95)
06-29 17:42:32.237 E/GlideExecutor(10801): 	at com.bumptech.glide.load.engine.SourceGenerator.startNext(SourceGenerator.java:88)
06-29 17:42:32.237 E/GlideExecutor(10801): 	at com.bumptech.glide.load.engine.DecodeJob.runGenerators(DecodeJob.java:311)
06-29 17:42:32.237 E/GlideExecutor(10801): 	at com.bumptech.glide.load.engine.DecodeJob.runWrapped(DecodeJob.java:280)
06-29 17:42:32.237 E/GlideExecutor(10801): 	at com.bumptech.glide.load.engine.DecodeJob.run(DecodeJob.java:235)
06-29 17:42:32.237 E/GlideExecutor(10801): 	at java.util.concurrent.ThreadPoolExecutor.runWorker(ThreadPoolExecutor.java:1154)
06-29 17:42:32.237 E/GlideExecutor(10801): 	at java.util.concurrent.ThreadPoolExecutor$Worker.run(ThreadPoolExecutor.java:652)
06-29 17:42:32.237 E/GlideExecutor(10801): 	at com.bumptech.glide.load.engine.executor.GlideExecutor$DefaultThreadFactory$1.run(GlideExecutor.java:424)
06-29 17:42:32.237 E/GlideExecutor(10801): 	at java.lang.Thread.run(Thread.java:1563)
06-29 17:42:32.237 E/GlideExecutor(10801): 	at com.bumptech.glide.load.engine.executor.GlideExecutor$DefaultPriorityThreadFactory$1.run(GlideExecutor.java:383)
06-29 17:42:32.239 E/GlideExecutor(10801): Request threw uncaught throwable
06-29 17:42:32.239 E/GlideExecutor(10801): java.lang.IllegalArgumentException: Expected URL scheme 'http' or 'https' but was 'sf'
06-29 17:42:32.239 E/GlideExecutor(10801): 	at okhttp3.HttpUrl$Builder.parse$okhttp(HttpUrl.kt:1254)
06-29 17:42:32.239 E/GlideExecutor(10801): 	at okhttp3.HttpUrl$Companion.get(HttpUrl.kt:1634)
06-29 17:42:32.239 E/GlideExecutor(10801): 	at okhttp3.Request$Builder.url(Request.kt:184)
06-29 17:42:32.239 E/GlideExecutor(10801): 	at com.bumptech.glide.integration.okhttp3.OkHttpStreamFetcher.loadData(OkHttpStreamFetcher.java:42)
06-29 17:42:32.239 E/GlideExecutor(10801): 	at com.bumptech.glide.load.engine.SourceGenerator.startNextLoad(SourceGenerator.java:95)
06-29 17:42:32.239 E/GlideExecutor(10801): 	at com.bumptech.glide.load.engine.SourceGenerator.startNext(SourceGenerator.java:88)
06-29 17:42:32.239 E/GlideExecutor(10801): 	at com.bumptech.glide.load.engine.DecodeJob.runGenerators(DecodeJob.java:311)
06-29 17:42:32.239 E/GlideExecutor(10801): 	at com.bumptech.glide.load.engine.DecodeJob.runWrapped(DecodeJob.java:280)
06-29 17:42:32.239 E/GlideExecutor(10801): 	at com.bumptech.glide.load.engine.DecodeJob.run(DecodeJob.java:235)
06-29 17:42:32.239 E/GlideExecutor(10801): 	at java.util.concurrent.ThreadPoolExecutor.runWorker(ThreadPoolExecutor.java:1154)
06-29 17:42:32.239 E/GlideExecutor(10801): 	at java.util.concurrent.ThreadPoolExecutor$Worker.run(ThreadPoolExecutor.java:652)
06-29 17:42:32.239 E/GlideExecutor(10801): 	at com.bumptech.glide.load.engine.executor.GlideExecutor$DefaultThreadFactory$1.run(GlideExecutor.java:424)
06-29 17:42:32.239 E/GlideExecutor(10801): 	at java.lang.Thread.run(Thread.java:1563)
06-29 17:42:32.239 E/GlideExecutor(10801): 	at com.bumptech.glide.load.engine.executor.GlideExecutor$DefaultPriorityThreadFactory$1.run(GlideExecutor.java:383)
06-29 17:42:32.323 I/artd    ( 2355): GetBestInfo: odex next to the dex file (/data/app/~~nz06JUVmD3lFGTqnpM8Qsw==/com.google.android.gms-T2NhbCu_cuDL-R-idLgIRg==/oat/x86_64/base.odex) is kOatUpToDate with filter 'speed-profile' executable 'false'
06-29 17:42:32.327 I/artd    ( 2355): GetBestInfo: odex next to the dex file (/data/app/~~nz06JUVmD3lFGTqnpM8Qsw==/com.google.android.gms-T2NhbCu_cuDL-R-idLgIRg==/oat/x86_64/split_AdsDynamite_installtime.odex) is kOatUpToDate with filter 'speed' executable 'false'
06-29 17:42:32.330 I/artd    ( 2355): GetBestInfo: odex next to the dex file (/data/app/~~nz06JUVmD3lFGTqnpM8Qsw==/com.google.android.gms-T2NhbCu_cuDL-R-idLgIRg==/oat/x86_64/split_CronetDynamite_installtime.odex) is kOatUpToDate with filter 'speed' executable 'false'
06-29 17:42:32.338 I/artd    ( 2355): GetBestInfo: odex next to the dex file (/data/app/~~nz06JUVmD3lFGTqnpM8Qsw==/com.google.android.gms-T2NhbCu_cuDL-R-idLgIRg==/oat/x86_64/split_DynamiteLoader_installtime.odex) is kOatUpToDate with filter 'speed' executable 'false'
06-29 17:42:32.342 I/artd    ( 2355): GetBestInfo: odex next to the dex file (/data/app/~~nz06JUVmD3lFGTqnpM8Qsw==/com.google.android.gms-T2NhbCu_cuDL-R-idLgIRg==/oat/x86_64/split_DynamiteModulesA_installtime.odex) is kOatUpToDate with filter 'speed' executable 'false'
06-29 17:42:32.344 I/artd    ( 2355): GetBestInfo: odex next to the dex file (/data/app/~~nz06JUVmD3lFGTqnpM8Qsw==/com.google.android.gms-T2NhbCu_cuDL-R-idLgIRg==/oat/x86_64/split_DynamiteModulesC_installtime.odex) is kOatUpToDate with filter 'speed' executable 'false'
06-29 17:42:32.347 I/artd    ( 2355): GetBestInfo: odex next to the dex file (/data/app/~~nz06JUVmD3lFGTqnpM8Qsw==/com.google.android.gms-T2NhbCu_cuDL-R-idLgIRg==/oat/x86_64/split_GoogleCertificates_installtime.odex) is kOatUpToDate with filter 'speed' executable 'false'
06-29 17:42:32.352 I/artd    ( 2355): GetBestInfo: odex next to the dex file (/data/app/~~nz06JUVmD3lFGTqnpM8Qsw==/com.google.android.gms-T2NhbCu_cuDL-R-idLgIRg==/oat/x86_64/split_MapsDynamite_installtime.odex) is kOatUpToDate with filter 'speed' executable 'false'
06-29 17:42:32.356 I/artd    ( 2355): GetBestInfo: odex next to the dex file (/data/app/~~nz06JUVmD3lFGTqnpM8Qsw==/com.google.android.gms-T2NhbCu_cuDL-R-idLgIRg==/oat/x86_64/split_MeasurementDynamite_installtime.odex) is kOatUpToDate with filter 'speed' executable 'false'
06-29 17:42:32.359 I/artd    ( 2355): GetBestInfo: /data/user_de/0/com.google.android.gms/app_chimera/m/0000000b/dl-MlkitBarcodeUi.optional_253434100800.apk has no usable artifacts
06-29 17:42:32.362 I/artd    ( 2355): GetBestInfo: /data/user_de/0/com.google.android.gms/app_chimera/m/00000013/dl-MlkitOcrCommon.optional_262233100800.apk has no usable artifacts
06-29 17:42:32.366 I/artd    ( 2355): GetBestInfo: /data/user_de/0/com.google.android.gms/app_chimera/m/00000008/dl-Appsearch.optional_253434100800.apk has no usable artifacts
06-29 17:42:32.366 I/artd    ( 2355): GetBestInfo: /data/user_de/0/com.google.android.gms/app_chimera/m/00000001/CronetDynamite.apk has no usable artifacts
06-29 17:42:32.367 I/artd    ( 2355): GetBestInfo: /data/user_de/0/com.google.android.gms/app_chimera/m/00000002/DynamiteLoader.apk has no usable artifacts
06-29 17:42:32.370 I/artd    ( 2355): GetBestInfo: /data/user_de/0/com.google.android.gms/app_chimera/m/00000018/dl-IdentityCredentialsPlatform.optional_262233100800.apk has no usable artifacts
06-29 17:42:32.372 W/Glide   (10801): Load failed for [sf:magnifyingglass] with dimensions [48x47]
06-29 17:42:32.372 W/Glide   (10801): class com.bumptech.glide.load.engine.GlideException: Failed to load resource
06-29 17:42:32.372 W/Glide   (10801): There was 1 root cause:
06-29 17:42:32.372 W/Glide   (10801): java.lang.IllegalArgumentException(Expected URL scheme 'http' or 'https' but was 'sf')
06-29 17:42:32.372 W/Glide   (10801):  call GlideException#logRootCauses(String) for more detail
06-29 17:42:32.372 W/Glide   (10801):   Cause (1 of 1): class java.lang.IllegalArgumentException: Expected URL scheme 'http' or 'https' but was 'sf'
06-29 17:42:32.372 I/Glide   (10801): Root cause (1 of 1)
06-29 17:42:32.372 I/Glide   (10801): java.lang.IllegalArgumentException: Expected URL scheme 'http' or 'https' but was 'sf'
06-29 17:42:32.372 I/Glide   (10801): 	at okhttp3.HttpUrl$Builder.parse$okhttp(HttpUrl.kt:1254)
06-29 17:42:32.372 I/Glide   (10801): 	at okhttp3.HttpUrl$Companion.get(HttpUrl.kt:1634)
06-29 17:42:32.372 I/Glide   (10801): 	at okhttp3.Request$Builder.url(Request.kt:184)
06-29 17:42:32.372 I/Glide   (10801): 	at com.bumptech.glide.integration.okhttp3.OkHttpStreamFetcher.loadData(OkHttpStreamFetcher.java:42)
06-29 17:42:32.372 I/Glide   (10801): 	at com.bumptech.glide.load.engine.SourceGenerator.startNextLoad(SourceGenerator.java:95)
06-29 17:42:32.372 I/Glide   (10801): 	at com.bumptech.glide.load.engine.SourceGenerator.startNext(SourceGenerator.java:88)
06-29 17:42:32.372 I/Glide   (10801): 	at com.bumptech.glide.load.engine.DecodeJob.runGenerators(DecodeJob.java:311)
06-29 17:42:32.372 I/Glide   (10801): 	at com.bumptech.glide.load.engine.DecodeJob.runWrapped(DecodeJob.java:280)
06-29 17:42:32.372 I/Glide   (10801): 	at com.bumptech.glide.load.engine.DecodeJob.run(DecodeJob.java:235)
06-29 17:42:32.372 I/Glide   (10801): 	at java.util.concurrent.ThreadPoolExecutor.runWorker(ThreadPoolExecutor.java:1154)
06-29 17:42:32.372 I/Glide   (10801): 	at java.util.concurrent.ThreadPoolExecutor$Worker.run(ThreadPoolExecutor.java:652)
06-29 17:42:32.372 I/Glide   (10801): 	at com.bumptech.glide.load.engine.executor.GlideExecutor$DefaultThreadFactory$1.run(GlideExecutor.java:424)
06-29 17:42:32.372 I/Glide   (10801): 	at java.lang.Thread.run(Thread.java:1563)
06-29 17:42:32.372 I/Glide   (10801): 	at com.bumptech.glide.load.engine.executor.GlideExecutor$DefaultPriorityThreadFactory$1.run(GlideExecutor.java:383)
06-29 17:42:32.377 I/artd    ( 2355): GetBestInfo: /data/user_de/0/com.google.android.gms/app_chimera/m/0000000d/dl-VisionOcr.optional_253434100000.apk has no usable artifacts
06-29 17:42:32.378 E/ExpoImage(10801): Failed to load resource
06-29 17:42:32.378 E/ExpoImage(10801): There was 1 root cause:
06-29 17:42:32.378 E/ExpoImage(10801): java.lang.IllegalArgumentException(Expected URL scheme 'http' or 'https' but was 'sf')
06-29 17:42:32.379 I/artd    ( 2355): GetBestInfo: /data/user_de/0/com.google.android.gms/app_chimera/m/00000005/GoogleCertificates.apk has no usable artifacts
06-29 17:42:32.379 I/ExpoImage(10801): Root cause (1 of 1)
06-29 17:42:32.379 I/ExpoImage(10801): java.lang.IllegalArgumentException: Expected URL scheme 'http' or 'https' but was 'sf'
06-29 17:42:32.379 I/ExpoImage(10801): 	at okhttp3.HttpUrl$Builder.parse$okhttp(HttpUrl.kt:1254)
06-29 17:42:32.379 I/ExpoImage(10801): 	at okhttp3.HttpUrl$Companion.get(HttpUrl.kt:1634)
06-29 17:42:32.379 I/ExpoImage(10801): 	at okhttp3.Request$Builder.url(Request.kt:184)
06-29 17:42:32.379 I/ExpoImage(10801): 	at com.bumptech.glide.integration.okhttp3.OkHttpStreamFetcher.loadData(OkHttpStreamFetcher.java:42)
06-29 17:42:32.379 I/ExpoImage(10801): 	at com.bumptech.glide.load.engine.SourceGenerator.startNextLoad(SourceGenerator.java:95)
06-29 17:42:32.379 I/ExpoImage(10801): 	at com.bumptech.glide.load.engine.SourceGenerator.startNext(SourceGenerator.java:88)
06-29 17:42:32.379 I/ExpoImage(10801): 	at com.bumptech.glide.load.engine.DecodeJob.runGenerators(DecodeJob.java:311)
06-29 17:42:32.379 I/ExpoImage(10801): 	at com.bumptech.glide.load.engine.DecodeJob.runWrapped(DecodeJob.java:280)
06-29 17:42:32.379 I/ExpoImage(10801): 	at com.bumptech.glide.load.engine.DecodeJob.run(DecodeJob.java:235)
06-29 17:42:32.379 I/ExpoImage(10801): 	at java.util.concurrent.ThreadPoolExecutor.runWorker(ThreadPoolExecutor.java:1154)
06-29 17:42:32.379 I/ExpoImage(10801): 	at java.util.concurrent.ThreadPoolExecutor$Worker.run(ThreadPoolExecutor.java:652)
06-29 17:42:32.379 I/ExpoImage(10801): 	at com.bumptech.glide.load.engine.executor.GlideExecutor$DefaultThreadFactory$1.run(GlideExecutor.java:424)
06-29 17:42:32.379 I/ExpoImage(10801): 	at java.lang.Thread.run(Thread.java:1563)
06-29 17:42:32.379 I/ExpoImage(10801): 	at com.bumptech.glide.load.engine.executor.GlideExecutor$DefaultPriorityThreadFactory$1.run(GlideExecutor.java:383)
06-29 17:42:32.382 W/Glide   (10801): Load failed for [sf:location.fill] with dimensions [52x53]
06-29 17:42:32.382 W/Glide   (10801): class com.bumptech.glide.load.engine.GlideException: Failed to load resource
06-29 17:42:32.382 W/Glide   (10801): There was 1 root cause:
06-29 17:42:32.382 W/Glide   (10801): java.lang.IllegalArgumentException(Expected URL scheme 'http' or 'https' but was 'sf')
06-29 17:42:32.382 W/Glide   (10801):  call GlideException#logRootCauses(String) for more detail
06-29 17:42:32.382 W/Glide   (10801):   Cause (1 of 1): class java.lang.IllegalArgumentException: Expected URL scheme 'http' or 'https' but was 'sf'
06-29 17:42:32.383 I/Glide   (10801): Root cause (1 of 1)
06-29 17:42:32.383 I/Glide   (10801): java.lang.IllegalArgumentException: Expected URL scheme 'http' or 'https' but was 'sf'
06-29 17:42:32.383 I/Glide   (10801): 	at okhttp3.HttpUrl$Builder.parse$okhttp(HttpUrl.kt:1254)
06-29 17:42:32.383 I/Glide   (10801): 	at okhttp3.HttpUrl$Companion.get(HttpUrl.kt:1634)
06-29 17:42:32.383 I/Glide   (10801): 	at okhttp3.Request$Builder.url(Request.kt:184)
06-29 17:42:32.383 I/Glide   (10801): 	at com.bumptech.glide.integration.okhttp3.OkHttpStreamFetcher.loadData(OkHttpStreamFetcher.java:42)
06-29 17:42:32.383 I/Glide   (10801): 	at com.bumptech.glide.load.engine.SourceGenerator.startNextLoad(SourceGenerator.java:95)
06-29 17:42:32.383 I/Glide   (10801): 	at com.bumptech.glide.load.engine.SourceGenerator.startNext(SourceGenerator.java:88)
06-29 17:42:32.383 I/Glide   (10801): 	at com.bumptech.glide.load.engine.DecodeJob.runGenerators(DecodeJob.java:311)
06-29 17:42:32.383 I/Glide   (10801): 	at com.bumptech.glide.load.engine.DecodeJob.runWrapped(DecodeJob.java:280)
06-29 17:42:32.383 I/Glide   (10801): 	at com.bumptech.glide.load.engine.DecodeJob.run(DecodeJob.java:235)
06-29 17:42:32.383 I/Glide   (10801): 	at java.util.concurrent.ThreadPoolExecutor.runWorker(ThreadPoolExecutor.java:1154)
06-29 17:42:32.383 I/Glide   (10801): 	at java.util.concurrent.ThreadPoolExecutor$Worker.run(ThreadPoolExecutor.java:652)
06-29 17:42:32.383 I/Glide   (10801): 	at com.bumptech.glide.load.engine.executor.GlideExecutor$DefaultThreadFactory$1.run(GlideExecutor.java:424)
06-29 17:42:32.383 I/Glide   (10801): 	at java.lang.Thread.run(Thread.java:1563)
06-29 17:42:32.383 I/Glide   (10801): 	at com.bumptech.glide.load.engine.executor.GlideExecutor$DefaultPriorityThreadFactory$1.run(GlideExecutor.java:383)
06-29 17:42:32.383 I/artd    ( 2355): GetBestInfo: /data/user_de/0/com.google.android.gms/app_chimera/m/0000000a/dl-TfliteDynamiteDynamite.integ_260580502100800.apk has no usable artifacts
06-29 17:42:32.385 E/ExpoImage(10801): Failed to load resource
06-29 17:42:32.385 E/ExpoImage(10801): There was 1 root cause:
06-29 17:42:32.385 E/ExpoImage(10801): java.lang.IllegalArgumentException(Expected URL scheme 'http' or 'https' but was 'sf')
06-29 17:42:32.385 I/ExpoImage(10801): Root cause (1 of 1)
06-29 17:42:32.385 I/ExpoImage(10801): java.lang.IllegalArgumentException: Expected URL scheme 'http' or 'https' but was 'sf'
06-29 17:42:32.385 I/ExpoImage(10801): 	at okhttp3.HttpUrl$Builder.parse$okhttp(HttpUrl.kt:1254)
06-29 17:42:32.385 I/ExpoImage(10801): 	at okhttp3.HttpUrl$Companion.get(HttpUrl.kt:1634)
06-29 17:42:32.385 I/ExpoImage(10801): 	at okhttp3.Request$Builder.url(Request.kt:184)
06-29 17:42:32.385 I/ExpoImage(10801): 	at com.bumptech.glide.integration.okhttp3.OkHttpStreamFetcher.loadData(OkHttpStreamFetcher.java:42)
06-29 17:42:32.385 I/ExpoImage(10801): 	at com.bumptech.glide.load.engine.SourceGenerator.startNextLoad(SourceGenerator.java:95)
06-29 17:42:32.385 I/ExpoImage(10801): 	at com.bumptech.glide.load.engine.SourceGenerator.startNext(SourceGenerator.java:88)
06-29 17:42:32.385 I/ExpoImage(10801): 	at com.bumptech.glide.load.engine.DecodeJob.runGenerators(DecodeJob.java:311)
06-29 17:42:32.385 I/ExpoImage(10801): 	at com.bumptech.glide.load.engine.DecodeJob.runWrapped(DecodeJob.java:280)
06-29 17:42:32.385 I/ExpoImage(10801): 	at com.bumptech.glide.load.engine.DecodeJob.run(DecodeJob.java:235)
06-29 17:42:32.385 I/ExpoImage(10801): 	at java.util.concurrent.ThreadPoolExecutor.runWorker(ThreadPoolExecutor.java:1154)
06-29 17:42:32.385 I/ExpoImage(10801): 	at java.util.concurrent.ThreadPoolExecutor$Worker.run(ThreadPoolExecutor.java:652)
06-29 17:42:32.385 I/ExpoImage(10801): 	at com.bumptech.glide.load.engine.executor.GlideExecutor$DefaultThreadFactory$1.run(GlideExecutor.java:424)
06-29 17:42:32.385 I/ExpoImage(10801): 	at java.lang.Thread.run(Thread.java:1563)
06-29 17:42:32.385 I/ExpoImage(10801): 	at com.bumptech.glide.load.engine.executor.GlideExecutor$DefaultPriorityThreadFactory$1.run(GlideExecutor.java:383)
06-29 17:42:32.386 W/Glide   (10801): Load failed for [sf:list.bullet] with dimensions [42x42]
06-29 17:42:32.386 W/Glide   (10801): class com.bumptech.glide.load.engine.GlideException: Failed to load resource
06-29 17:42:32.386 W/Glide   (10801): There was 1 root cause:
06-29 17:42:32.386 W/Glide   (10801): java.lang.IllegalArgumentException(Expected URL scheme 'http' or 'https' but was 'sf')
06-29 17:42:32.386 W/Glide   (10801):  call GlideException#logRootCauses(String) for more detail
06-29 17:42:32.386 W/Glide   (10801):   Cause (1 of 1): class java.lang.IllegalArgumentException: Expected URL scheme 'http' or 'https' but was 'sf'
06-29 17:42:32.386 I/Glide   (10801): Root cause (1 of 1)
06-29 17:42:32.386 I/Glide   (10801): java.lang.IllegalArgumentException: Expected URL scheme 'http' or 'https' but was 'sf'
06-29 17:42:32.386 I/Glide   (10801): 	at okhttp3.HttpUrl$Builder.parse$okhttp(HttpUrl.kt:1254)
06-29 17:42:32.386 I/Glide   (10801): 	at okhttp3.HttpUrl$Companion.get(HttpUrl.kt:1634)
06-29 17:42:32.386 I/Glide   (10801): 	at okhttp3.Request$Builder.url(Request.kt:184)
06-29 17:42:32.386 I/Glide   (10801): 	at com.bumptech.glide.integration.okhttp3.OkHttpStreamFetcher.loadData(OkHttpStreamFetcher.java:42)
06-29 17:42:32.386 I/Glide   (10801): 	at com.bumptech.glide.load.engine.SourceGenerator.startNextLoad(SourceGenerator.java:95)
06-29 17:42:32.386 I/Glide   (10801): 	at com.bumptech.glide.load.engine.SourceGenerator.startNext(SourceGenerator.java:88)
06-29 17:42:32.386 I/Glide   (10801): 	at com.bumptech.glide.load.engine.DecodeJob.runGenerators(DecodeJob.java:311)
06-29 17:42:32.386 I/Glide   (10801): 	at com.bumptech.glide.load.engine.DecodeJob.runWrapped(DecodeJob.java:280)
06-29 17:42:32.386 I/Glide   (10801): 	at com.bumptech.glide.load.engine.DecodeJob.run(DecodeJob.java:235)
06-29 17:42:32.386 I/Glide   (10801): 	at java.util.concurrent.ThreadPoolExecutor.runWorker(ThreadPoolExecutor.java:1154)
06-29 17:42:32.386 I/Glide   (10801): 	at java.util.concurrent.ThreadPoolExecutor$Worker.run(ThreadPoolExecutor.java:652)
06-29 17:42:32.386 I/Glide   (10801): 	at com.bumptech.glide.load.engine.executor.GlideExecutor$DefaultThreadFactory$1.run(GlideExecutor.java:424)
06-29 17:42:32.386 I/Glide   (10801): 	at java.lang.Thread.run(Thread.java:1563)
06-29 17:42:32.386 I/Glide   (10801): 	at com.bumptech.glide.load.engine.executor.GlideExecutor$DefaultPriorityThreadFactory$1.run(GlideExecutor.java:383)
06-29 17:42:32.387 I/artd    ( 2355): GetBestInfo: /data/user_de/0/com.google.android.gms/app_chimera/m/00000012/dl-MlkitBarcodeUi.optional_262233100800.apk has no usable artifacts
06-29 17:42:32.387 E/ExpoImage(10801): Failed to load resource
06-29 17:42:32.387 E/ExpoImage(10801): There was 1 root cause:
06-29 17:42:32.387 E/ExpoImage(10801): java.lang.IllegalArgumentException(Expected URL scheme 'http' or 'https' but was 'sf')
