--------- beginning of main
06-29 17:42:25.764 I/HalDevMgr(  774): bestIfaceCreationProposal is null, requestIface=STA, existingIface=[name=wlan0 type=STA]
06-29 17:42:27.368 D/SatelliteController( 1175): iisInCarrierRoamingNbIotNtn: satellite is disabled
06-29 17:42:27.368 D/SatelliteController( 1175): getCarrierRoamingNtnConnectType: Falling back to global carrier config connect type: 0
06-29 17:42:28.770 I/HalDevMgr(  774): bestIfaceCreationProposal is null, requestIface=STA, existingIface=[name=wlan0 type=STA]
--------- beginning of system
06-29 17:42:28.941 V/Configuration(  774): Updating configuration, locales updated from [es_BO,es,en_US] to [es_BO,en_US]
06-29 17:42:28.941 V/GrammaticalInflectionUtils(  774): AttributionSource: android.content.AttributionSource@ddd88f6e does not have READ_SYSTEM_GRAMMATICAL_GENDER permission.
06-29 17:42:28.942 V/Configuration(  774): Updating configuration, locales updated from [es_BO,es,en_US] to [es_BO,en_US]
06-29 17:42:28.942 V/GrammaticalInflectionUtils(  774): AttributionSource: android.content.AttributionSource@ddd88f6e does not have READ_SYSTEM_GRAMMATICAL_GENDER permission.
06-29 17:42:28.999 W/unknown:BridgelessReact(10801): ReactHost{0}.onHostPause(activity)
06-29 17:42:29.001 W/unknown:BridgelessReact(10801): ReactContext.onHostPause()
06-29 17:42:29.207 D/WindowOnBackDispatcher(10801): setTopOnBackInvokedCallback (unwrapped): null
06-29 17:42:29.209 D/CoreBackPreview(  774): Window{c7111a4 u0 bo.rastro.app/bo.rastro.app.MainActivity}: Setting back callback null
06-29 17:42:29.237 D/ViewRootImpl(10801): Skipping stats log for color mode
06-29 17:42:29.278 V/WindowManager(  774): Unknown focus tokens, dropping reportFocusChanged
06-29 17:42:29.335 W/unknown:BridgelessReact(10801): ReactHost{0}.startSurface(surfaceId = 0): Schedule
06-29 17:42:29.336 W/unknown:BridgelessReact(10801): ReactHost{0}.attachSurface(surfaceId = 0)
06-29 17:42:29.336 W/unknown:BridgelessReact(10801): ReactHost{0}.getOrCreateReactInstanceTask()
06-29 17:42:29.337 W/unknown:BridgelessReact(10801): ReactHost{0}.startSurface(surfaceId = 0): Execute
06-29 17:42:29.345 W/WindowOnBackDispatcher(10801): OnBackInvokedCallback is not enabled for the application.
06-29 17:42:29.345 W/WindowOnBackDispatcher(10801): Set 'android:enableOnBackInvokedCallback="true"' in the application manifest.
06-29 17:42:29.348 W/unknown:BridgelessReact(10801): ReactHost{0}.onHostResume(activity)
06-29 17:42:29.351 W/unknown:BridgelessReact(10801): ReactContext.onHostResume()
06-29 17:42:29.359 I/ReactNativeJS(10801): Running "main" with {"rootTag":11,"initialProps":{},"fabric":true}
06-29 17:42:29.398 D/AndroidRuntime(12265): >>>>>> START com.android.internal.os.RuntimeInit uid 2000 <<<<<<
06-29 17:42:29.419 D/VRI[MainActivity](10801): WindowInsets changed: 1080x2400 statusBars:[0,63,0,0] navigationBars:[0,0,0,63] mandatorySystemGestures:[0,63,0,84]
06-29 17:42:29.420 I/AndroidRuntime(12265): Using default boot image
06-29 17:42:29.420 I/AndroidRuntime(12265): Leaving lock profiling enabled
06-29 17:42:29.422 D/WindowOnBackDispatcher(10801): setTopOnBackInvokedCallback (unwrapped): android.view.ViewRootImpl$$ExternalSyntheticLambda12@ee007ea
06-29 17:42:29.423 D/CoreBackPreview(  774): Window{579b7a2 u0 bo.rastro.app/bo.rastro.app.MainActivity}: Setting back callback OnBackInvokedCallbackInfo{mCallback=android.window.IOnBackInvokedCallback$Stub$Proxy@307f569, mPriority=0, mIsAnimationCallback=false, mOverrideBehavior=0}
06-29 17:42:29.431 I/app_process(12265): Using CollectorTypeCMC GC.
06-29 17:42:29.670 I/WindowManager(  774): finishDrawing of relaunch: Window{579b7a2 u0 bo.rastro.app/bo.rastro.app.MainActivity} 725ms
06-29 17:42:29.671 W/unknown:BridgelessReact(10801): ReactHost{0}.stopSurface(surfaceId = 1): Schedule
06-29 17:42:29.671 W/unknown:BridgelessReact(10801): ReactHost{0}.detachSurface(surfaceId = 1)
06-29 17:42:29.671 W/unknown:BridgelessReact(10801): ReactHost{0}.stopSurface(surfaceId = 1): Execute
06-29 17:42:29.672 W/unknown:BridgelessReact(10801): ReactHost{0}.onHostDestroy(activity)
06-29 17:42:29.672 E/unknown:SurfaceMountingManager(10801): Stopping surface [1]
06-29 17:42:29.675 W/unknown:ViewManagerPropertyUpdater(10801): Could not find generated setter for class com.facebook.react.uimanager.RootViewManager
06-29 17:42:29.688 E/ReactNativeJS(10801): 'Looks like you have configured linking in multiple places. This is likely an error since deep links should only be handled in one place to avoid conflicts. Make sure that:\n- You don\'t have multiple NavigationContainers in the app each with \'linking\' enabled\n- Only a single instance of the root component is rendered\n- You have set \'android:launchMode=singleTask\' in the \'<activity />\' section of the \'AndroidManifest.xml\' file to avoid launching multiple instances', { [Stack] name: 'Stack' }
06-29 17:42:29.705 E/unknown:SurfaceMountingManager(10801): Surface [1] was stopped on SurfaceMountingManager.
06-29 17:42:29.739 D/BackgroundInstallControlService(  774): Package event received: 0
06-29 17:42:29.739 I/ImeTracker(  774): bo.rastro.app:13fe27ca: onRequestHide at ORIGIN_SERVER reason HIDE_UNSPECIFIED_WINDOW fromUser false
06-29 17:42:29.740 D/InsetsController(10801): hide(ime())
06-29 17:42:29.741 I/ImeTracker(10801): bo.rastro.app:13fe27ca: onCancelled at PHASE_CLIENT_ALREADY_HIDDEN
06-29 17:42:29.741 D/BackgroundInstallControlService(  774): Package event received: 0
06-29 17:42:29.741 D/BackgroundInstallControlService(  774): Package event received: 0
06-29 17:42:29.742 D/BackgroundInstallControlService(  774): Package event received: 0
06-29 17:42:29.742 D/BackgroundInstallControlService(  774): Package event received: 0
06-29 17:42:29.743 D/BackgroundInstallControlService(  774): Package event received: 0
06-29 17:42:29.744 D/BackgroundInstallControlService(  774): Package event received: 0
06-29 17:42:29.748 D/BackgroundInstallControlService(  774): Package event received: 0
06-29 17:42:29.750 I/GoogleInputMethodService( 1460): GoogleInputMethodService.onFinishInput():2057
06-29 17:42:29.753 I/Module  ( 1460): DeviceLockedStatusModuleProvider$Module.updateDeviceLockedStatus():100 repeatCheckTimes = 0, locked = false
06-29 17:42:29.753 I/ImeTracker(  774): system_server:70516c9b: onRequestHide at ORIGIN_SERVER reason IME_REQUESTED_CHANGED_LISTENER fromUser false
06-29 17:42:29.753 D/BackgroundInstallControlService(  774): Package event received: 0
06-29 17:42:29.754 D/BackgroundInstallControlService(  774): Package event received: 0
06-29 17:42:29.754 D/BackgroundInstallControlService(  774): Package event received: 0
06-29 17:42:29.754 D/BackgroundInstallControlService(  774): Package event received: 0
06-29 17:42:29.754 D/BackgroundInstallControlService(  774): Package event received: 0
06-29 17:42:29.754 D/BackgroundInstallControlService(  774): Package event received: 0
06-29 17:42:29.754 D/BackgroundInstallControlService(  774): Package event received: 0
06-29 17:42:29.754 D/BackgroundInstallControlService(  774): Package event received: 0
06-29 17:42:29.754 D/BackgroundInstallControlService(  774): Package event received: 0
06-29 17:42:29.754 D/BackgroundInstallControlService(  774): Package event received: 0
06-29 17:42:29.754 I/GoogleInputMethodService( 1460): GoogleInputMethodService.onStartInput():1318 onStartInput(EditorInfo{EditorInfo{packageName=bo.rastro.app, inputType=0, inputTypeString=NULL, enableLearning=false, autoCorrection=false, autoComplete=false, imeOptions=0, privateImeOptions=null, actionName=UNSPECIFIED, actionLabel=null, initialSelStart=-1, initialSelEnd=-1, initialCapsMode=0, label=null, fieldId=0, fieldName=null, extras=null, hintText=null, hintLocales=[]}}, false)
06-29 17:42:29.755 D/BackgroundInstallControlService(  774): Package event received: 0
06-29 17:42:29.755 D/BackgroundInstallControlService(  774): Package event received: 0
06-29 17:42:29.756 D/BackgroundInstallControlService(  774): Package event received: 0
06-29 17:42:29.756 D/BackgroundInstallControlService(  774): Package event received: 0
06-29 17:42:29.757 D/BackgroundInstallControlService(  774): Package event received: 0
06-29 17:42:29.762 I/ImeTracker(  774): system_server:70516c9b: onCancelled at PHASE_SERVER_SHOULD_HIDE
06-29 17:42:29.767 I/InputMethodEntryManager( 1460): InputMethodEntryManager.enableLanguagesAndChangeCurrentTemporarily():1818 enabledLanguages: [es-Latn-BO], specifiedCurrentLanguage null
06-29 17:42:29.769 I/InputMethodEntryManager( 1460): InputMethodEntryManager.enableInputMethodEntriesTemporarily():2038 temporarilyEnabledEntryTuples [LanguageTagVariantTuple{languageTag=es-419, variant=qwerty}]
06-29 17:42:29.771 I/Module  ( 1460): DeviceLockedStatusModuleProvider$Module.updateDeviceLockedStatus():100 repeatCheckTimes = 1, locked = false
06-29 17:42:29.786 I/SP      ( 1460): Registering emoticon_content_description.2022081613, url: https://www.gstatic.com/android/keyboard/emoticon_content_desc/202208161305/superpacks_manifest.json, constraints: W:*:*:*, flags: bg, requested: 2022081613, current: 2022081613
06-29 17:42:29.795 I/SP      ( 1460): Syncing emoticon_content_description (2022081613) with slices: [7a635888cb828dfa2fc744b7b9b50f04, efff71931341cd297eae433fc4d2434b], metadata: false
06-29 17:42:29.812 E/unknown:IntBufferBatchMountItem(10801): Skipping batch of MountItems; was stopped [1].
06-29 17:42:29.841 I/SP      ( 1460): Sync for emoticon_content_description succeeded in 50 ms: {removed: [2d05dc22bc2e4206c576b3d76a652ab0], metadata: false
06-29 17:42:29.841 W/NotificationCenter( 1460): NotificationCenter$NotificationQueue.notifyPendingNotificationsOnExecutor():877 Heavy notify work detected on UI thread: [ltj->jtc, ltj->lse, ltj->jtc, ltj->fwu, ltj->jtc, ltj->jtc, ltj->jqp, ltj->jtc, ltj->jtc, ltj->jtc, ltj->fum, ltj->jtc, ltj->jup, ltj->ngp, ltj->jtc, ltj->jtc, ltj->jtc, ltj->jtc, ltj->kya, ltj->lsn, ltj->jtc, ltj->guu, ltj->nuz, lpc->lpa, lpc->lfs, lpc->hmj] takes 71ms
06-29 17:42:29.842 I/AiAiEcho( 1633): Settings changed for uri: content://settings/secure/enabled_input_methods
06-29 17:42:29.843 I/LatinImeEntryActivation( 1460): LatinImeActivationContentObserver.activeLanguagesHaveChanged():70 Active entries changed: [en-US, es-ES, es-419] -> {es-419, en-US}
06-29 17:42:29.844 W/NotificationCenter( 1460): NotificationCenter$NotificationQueue.notifyPendingNotificationsOnExecutor():877 Heavy notify work detected on UI thread: [ltj->kub] takes 89ms
06-29 17:42:29.845 I/LmManager( 1460): LmManager.asyncUpdateEnabledLanguageModels():98 asyncUpdateEnabledLanguageModels()
06-29 17:42:29.845 I/SuperDelight( 1460): SuperDelightManager.initializeOverridesSuperpacks():390 initializeOverridesSuperpacks()
06-29 17:42:29.846 I/HandwritingOfflineSuperpacks( 1460): HandwritingOfflineSuperpacks.syncInternal():80 no bundled lm for handwriting.
06-29 17:42:29.847 I/DelightKLPDownloader( 1460): DelightKLPDownloader.downloadKLPInternal():203 downloading KLP for en_840
06-29 17:42:29.848 I/SuperDelight( 1460): SuperDelightManager.initializeBundledDelightSuperpacks():364 initializeBundledDelightSuperpacks()
06-29 17:42:29.848 I/HandwritingSuperpacks( 1460): HandwritingSuperpacks.register():265 register(): version '86', url 'https://dl.google.com/handwriting/models/handwriting_release.superpack_manifest.20231127.json' [ONLINE]
06-29 17:42:29.849 I/DelightKLPDownloader( 1460): DelightKLPDownloader.getBundledLmVersion():312 bundled KLP for en_840 version = 0
06-29 17:42:29.851 I/DelightKLPDownloader( 1460): DelightKLPDownloader.downloadKLPInternal():203 downloading KLP for es_419
06-29 17:42:29.851 I/ManifestedDataDownloader( 1460): ManifestedDataDownloader.download():67 downloading manifest https://www.gstatic.com/android/keyboard/dictionarypack/2025081123/metadata.json-perlang/en-840.json?v=2025102801
06-29 17:42:29.852 I/DelightKLPDownloader( 1460): DelightKLPDownloader.getBundledLmVersion():312 bundled KLP for es_419 version = 0
06-29 17:42:29.852 I/DelightKLPDownloader( 1460): DelightKLPDownloader.downloadKLPInternal():203 downloading KLP for en_840
06-29 17:42:29.852 I/ManifestedDataDownloader( 1460): ManifestedDataDownloader.download():67 downloading manifest https://www.gstatic.com/android/keyboard/dictionarypack/2025081123/metadata.json-perlang/es-419.json?v=2025102801
06-29 17:42:29.853 I/DelightKLPDownloader( 1460): DelightKLPDownloader.getBundledLmVersion():312 bundled KLP for en_840 version = 0
06-29 17:42:29.853 I/ManifestedDataDownloader( 1460): ManifestedDataDownloader.download():67 downloading manifest https://www.gstatic.com/android/keyboard/dictionarypack/2025081123/metadata.json-perlang/en-840.json?v=2025102801
06-29 17:42:29.853 I/DelightKLPDownloader( 1460): DelightKLPDownloader.downloadKLPInternal():203 downloading KLP for es_419
06-29 17:42:29.853 I/DelightKLPDownloader( 1460): DelightKLPDownloader.getBundledLmVersion():312 bundled KLP for es_419 version = 0
06-29 17:42:29.854 I/ManifestedDataDownloader( 1460): ManifestedDataDownloader.download():67 downloading manifest https://www.gstatic.com/android/keyboard/dictionarypack/2025081123/metadata.json-perlang/es-419.json?v=2025102801
06-29 17:42:29.862 I/DelightKLPDownloader( 1460): DelightKLPDownloader$1.onSuccess():157 removing filegroup __KLP_manifest_delight__es-ES
06-29 17:42:29.862 I/DelightKLPDownloader( 1460): DelightKLPDownloader$1.onSuccess():157 removing filegroup __KLP_delight__es-ES
06-29 17:42:29.869 I/DelightKLPDownloader( 1460): DelightKLPDownloader$1.onSuccess():157 removing filegroup __KLP_manifest_delight__es-ES
06-29 17:42:29.870 I/DelightKLPDownloader( 1460): DelightKLPDownloader$1.onSuccess():157 removing filegroup __KLP_delight__es-ES
06-29 17:42:29.872 I/DownloadManager( 1460): DownloadManager.downloadInternal():420 Download for __KLP_manifest_delight__en-840 scheduled with params mgu[allowMetered=true, requireCharging=false, foreground=false, immediately=true, priority=0]
06-29 17:42:29.872 I/DownloadManager( 1460): DownloadManager.startDownload():504 start download of __KLP_manifest_delight__en-840
06-29 17:42:29.876 I/DownloadManager( 1460): DownloadManager$5.onSuccess():653 Data __KLP_manifest_delight__es-ES removed!
06-29 17:42:29.877 I/SP      ( 1460): GC for 'emoticon_content_description' (10) with ttl of 0 ms took 0 ms (0/0/0)
06-29 17:42:29.878 I/SP      ( 1460): Registering handwriting_recognition.86, url: https://dl.google.com/handwriting/models/handwriting_release.superpack_manifest.20231127.json, constraints: m:*:*:*, flags: *, requested: 86, current: 86
06-29 17:42:29.879 I/SP      ( 1460): Registering bundled_delight.2025072800, url: null, constraints: *:*:*:*, flags: *, requested: 2025072800, current: 2025072800
06-29 17:42:29.880 I/HandwritingOnlineSuperpacks( 1460): HandwritingOnlineSuperpacks.syncInternal():168 syncPackMapping()
06-29 17:42:29.881 I/HandwritingSlicingStrategy( 1460): HandwritingSlicingStrategy.getSlices():44 getSlices(): handwriting_recognition.86 useForeground=true
06-29 17:42:29.882 I/SuperDelight( 1460): SuperDelightManager.syncOverridesLanguageModels():627 SuperDelightManager#syncOverridesLanguageModels(): Superpack delight_overrides not found or negative version provided
06-29 17:42:29.886 I/HandwritingSlicingStrategy( 1460): HandwritingSlicingStrategy.getSlices():103 getSlices(): result {slices=[{handwriting_recognition:pack_mapping_v1_lstm_20231127, m:*:*:*}, {handwriting_recognition:transformer_latin_tflite_20231010_zip, m:*:*:*}, {handwriting_recognition:qrnn_en_us_reco_20231010_fst_20230613_recospec_zip, m:*:*:*}, {handwriting_recognition:transformer_latin_conf_tflite_20231010_zip, m:*:*:*}, {handwriting_recognition:transformer_latin_seg_tflite_20231010_zip, m:*:*:*}, {handwriting_recognition:en_us_20230613_compact_fst_zip, m:*:*:*}, {handwriting_recognition:scribe_latin_20231123_tflite_zip, m:*:*:*}, {handwriting_recognition:scribe_latin_20231123_recospec_zip, m:*:*:*}, {handwriting_recognition:qrnn_es_419_reco_20231010_fst_20230613_recospec_zip, m:*:*:*}, {handwriting_recognition:es_419_20230613_compact_fst_zip, m:*:*:*}], last batch=true, sync metadata=false}
06-29 17:42:29.886 I/SP      ( 1460): Syncing handwriting_recognition (86) with slices: [{pack_mapping_v1_lstm_20231127, m:*:*:*}, {transformer_latin_tflite_20231010_zip, m:*:*:*}, {qrnn_en_us_reco_20231010_fst_20230613_recospec_zip, m:*:*:*}, {transformer_latin_conf_tflite_20231010_zip, m:*:*:*}, {transformer_latin_seg_tflite_20231010_zip, m:*:*:*}, {en_us_20230613_compact_fst_zip, m:*:*:*}, {scribe_latin_20231123_tflite_zip, m:*:*:*}, {scribe_latin_20231123_recospec_zip, m:*:*:*}, {qrnn_es_419_reco_20231010_fst_20230613_recospec_zip, m:*:*:*}, {es_419_20230613_compact_fst_zip, m:*:*:*}], metadata: false
06-29 17:42:29.890 I/SuperDelight( 1460): SuperDelightManager.syncBundledLanguageModels():703 SuperDelightManager#syncBundledLanguageModels(): Syncing for version 2025072800
06-29 17:42:29.891 I/SuperDelight( 1460): SuperDelightManager$2.onSuccess():505 delight_overrides sync success, adding to data file manager
06-29 17:42:29.897 W/MDD     ( 1460): LogUtil.w():164 MddFileDownloader: stopDownloading on non-existent download
06-29 17:42:29.897 I/DownloadManager( 1460): DownloadManager$5.onSuccess():653 Data __KLP_delight__es-ES removed!
06-29 17:42:29.900 I/DownloadManager( 1460): DownloadManager.downloadInternal():420 Download for __KLP_manifest_delight__es-419 scheduled with params mgu[allowMetered=true, requireCharging=false, foreground=false, immediately=true, priority=0]
06-29 17:42:29.900 I/DownloadManager( 1460): DownloadManager.startDownload():504 start download of __KLP_manifest_delight__es-419
06-29 17:42:29.902 I/DownloadManager( 1460): DownloadManager$4.onFailure():585 download for __KLP_manifest_delight__en-840 is cancelled
06-29 17:42:29.903 I/DownloadManager( 1460): DownloadManager.downloadInternal():418 Previous download for __KLP_manifest_delight__en-840 is cancelled
06-29 17:42:29.903 I/DownloadManager( 1460): DownloadManager.downloadInternal():420 Download for __KLP_manifest_delight__en-840 scheduled with params mgu[allowMetered=true, requireCharging=false, foreground=false, immediately=true, priority=0]
06-29 17:42:29.903 I/DownloadManager( 1460): DownloadManager.startDownload():504 start download of __KLP_manifest_delight__en-840
06-29 17:42:29.904 I/DownloadManager( 1460): DownloadManager$5.onSuccess():653 Data __KLP_manifest_delight__es-ES removed!
06-29 17:42:29.904 I/DownloadManager( 1460): DownloadManager$5.onSuccess():653 Data __KLP_delight__es-ES removed!
06-29 17:42:29.906 I/DownloadManager( 1460): DownloadManager$4.onFailure():585 download for __KLP_manifest_delight__es-419 is cancelled
06-29 17:42:29.907 I/DownloadManager( 1460): DownloadManager.downloadInternal():418 Previous download for __KLP_manifest_delight__es-419 is cancelled
06-29 17:42:29.907 I/DownloadManager( 1460): DownloadManager.downloadInternal():420 Download for __KLP_manifest_delight__es-419 scheduled with params mgu[allowMetered=true, requireCharging=false, foreground=false, immediately=true, priority=0]
06-29 17:42:29.907 I/DownloadManager( 1460): DownloadManager.startDownload():504 start download of __KLP_manifest_delight__es-419
06-29 17:42:29.908 I/DownloadManager( 1460): DownloadManager$4.onSuccess():573 download for __KLP_manifest_delight__en-840 is finished with files # phg@f9482704
06-29 17:42:29.910 I/DownloadManager( 1460): DownloadManager$4.onSuccess():573 download for __KLP_manifest_delight__es-419 is finished with files # phg@35d8f4b8
06-29 17:42:29.913 I/ManifestedDataDownloader( 1460): ManifestedDataDownloader.checkVersionAndDownload():98 filegroup __KLP_delight__en-840 with version 2025080700 is already downloaded
06-29 17:42:29.913 I/ManifestedDataDownloader( 1460): ManifestedDataDownloader.checkVersionAndDownload():98 filegroup __KLP_delight__es-419 with version 2025050500 is already downloaded
06-29 17:42:29.913 I/ManifestedDataDownloader( 1460): ManifestedDataDownloader.checkVersionAndDownload():98 filegroup __KLP_delight__en-840 with version 2025080700 is already downloaded
06-29 17:42:29.913 I/ManifestedDataDownloader( 1460): ManifestedDataDownloader.checkVersionAndDownload():98 filegroup __KLP_delight__es-419 with version 2025050500 is already downloaded
06-29 17:42:29.914 I/DelightKLPDownloader( 1460): DelightKLPDownloader$2.onSuccess():233 klp es_419 downloaded with version 2025050500
06-29 17:42:29.915 I/DelightKLPDownloader( 1460): DelightKLPDownloader$2.onSuccess():233 klp en_840 downloaded with version 2025080700
06-29 17:42:29.915 I/DelightKLPDownloader( 1460): DelightKLPDownloader$2.onSuccess():233 klp es_419 downloaded with version 2025050500
06-29 17:42:29.915 I/DelightKLPDownloader( 1460): DelightKLPDownloader$2.onSuccess():233 klp en_840 downloaded with version 2025080700
06-29 17:42:29.942 D/nativeloader(12265): InitDefaultPublicLibraries for_preload=1: libandroid.so:libaaudio.so:libamidi.so:libbinder_ndk.so:libc.so:libcamera2ndk.so:libdl.so:libEGL.so:libGLESv1_CM.so:libGLESv2.so:libGLESv3.so:libicu.so:libicui18n.so:libicuuc.so:libjnigraphics.so:liblog.so:libmediandk.so:libm.so:libnativehelper.so:libnativewindow.so:libOpenMAXAL.so:libOpenSLES.so:libRS.so:libstdc++.so:libsync.so:libvulkan.so:libwebviewchromium_plat_support.so:libz.so
06-29 17:42:29.953 I/SuperDelight( 1460): SuperDelightBundledSlicingStrategy.getSlices():41 BundledSlicing#getSlices() : Locale = [en_US, es_419]
06-29 17:42:29.953 I/SuperDelight( 1460): SuperDelightBundledSlicingStrategy.getSlices():67 BundledSlicing#getSlices(): result {slices=[bundled_delight:main_en_us_2025051500_2], last batch=true, sync metadata=false}
06-29 17:42:29.953 I/SP      ( 1460): Syncing bundled_delight (2025072800) with slices: [main_en_us_2025051500_2], metadata: false
06-29 17:42:29.990 D/nativeloader(12265): Load libicu_jni.so using APEX ns com_android_art for caller /apex/com.android.art/javalib/core-oj.jar: ok
06-29 17:42:29.991 D/app_process(12265): u_setTimeZoneFilesDirectory("/apex/com.android.tzdata/etc/tz/versioned/9/icu") succeeded.
06-29 17:42:29.991 D/app_process(12265): I18n APEX ICU file found: /apex/com.android.i18n/etc/icu/icudt76l.dat
06-29 17:42:29.998 D/nativeloader(12265): Load libjavacore.so using APEX ns com_android_art for caller /apex/com.android.art/javalib/core-oj.jar: ok
06-29 17:42:30.002 D/nativeloader(12265): Load libopenjdk.so using APEX ns com_android_art for caller /apex/com.android.art/javalib/core-oj.jar: ok
06-29 17:42:30.005 I/app_process(12265): Priority-to-niceness mapping: 19, 16, 13, 10, 0, -2, -4, -5, -6, -8
06-29 17:42:30.007 W/app_process(12265): Unexpected CPU variant for x86: x86_64.
06-29 17:42:30.007 W/app_process(12265): Known variants: atom, sandybridge, silvermont, goldmont, goldmont-plus, goldmont-without-sha-xsaves, tremont, kabylake, alderlake, default
06-29 17:42:30.017 I/SP      ( 1460): Sync for handwriting_recognition succeeded in 136 ms: {removed: [es_es_20230613_compact_fst_zip, qrnn_es_es_reco_20231010_fst_20230613_recospec_zip], metadata: false
06-29 17:42:30.025 W/putmethod.latin( 1460): Reducing the number of considered missed Gc histogram windows from 605 to 100
06-29 17:42:30.027 W/SP      ( 1460): File ref is being finalized but wasn't closed, file: es_419_20230613_compact_fst_zip[96]
06-29 17:42:30.027 W/SP      ( 1460): File ref is being finalized but wasn't closed, file: transformer_latin_tflite_20231010_zip[164]
06-29 17:42:30.027 W/SP      ( 1460): File ref is being finalized but wasn't closed, file: transformer_latin_seg_tflite_20231010_zip[164]
06-29 17:42:30.027 W/SP      ( 1460): File ref is being finalized but wasn't closed, file: transformer_latin_conf_tflite_20231010_zip[164]
06-29 17:42:30.027 W/SP      ( 1460): File ref is being finalized but wasn't closed, file: qrnn_es_419_reco_20231010_fst_20230613_recospec_zip[96]
06-29 17:42:30.027 W/SP      ( 1460): File ref is being finalized but wasn't closed, file: scribe_latin_20231123_tflite_zip[164]
06-29 17:42:30.027 W/SP      ( 1460): File ref is being finalized but wasn't closed, file: scribe_latin_20231123_recospec_zip[164]
06-29 17:42:30.027 W/SP      ( 1460): File ref is being finalized but wasn't closed, file: es_419_20230613_compact_fst_zip[96]
06-29 17:42:30.027 W/SP      ( 1460): File ref is being finalized but wasn't closed, file: en_us_20230613_compact_fst_zip[145]
06-29 17:42:30.027 W/SP      ( 1460): File ref is being finalized but wasn't closed, file: qrnn_es_es_reco_20231010_fst_20230613_recospec_zip[73]
06-29 17:42:30.027 W/SP      ( 1460): File ref is being finalized but wasn't closed, file: scribe_latin_20231123_recospec_zip[164]
06-29 17:42:30.027 W/SP      ( 1460): File ref is being finalized but wasn't closed, file: qrnn_es_419_reco_20231010_fst_20230613_recospec_zip[96]
06-29 17:42:30.027 W/SP      ( 1460): File ref is being finalized but wasn't closed, file: es_es_20230613_compact_fst_zip[73]
06-29 17:42:30.027 W/SP      ( 1460): File ref is being finalized but wasn't closed, file: transformer_latin_seg_tflite_20231010_zip[164]
06-29 17:42:30.027 W/SP      ( 1460): File ref is being finalized but wasn't closed, file: pack_mapping_v1_lstm_20231127[124]
06-29 17:42:30.027 W/SP      ( 1460): File ref is being finalized but wasn't closed, file: transformer_latin_conf_tflite_20231010_zip[164]
06-29 17:42:30.028 W/SP      ( 1460): File ref is being finalized but wasn't closed, file: qrnn_en_us_reco_20231010_fst_20230613_recospec_zip[145]
06-29 17:42:30.028 W/SP      ( 1460): File ref is being finalized but wasn't closed, file: scribe_latin_20231123_tflite_zip[164]
06-29 17:42:30.028 W/SP      ( 1460): File ref is being finalized but wasn't closed, file: transformer_latin_tflite_20231010_zip[164]
06-29 17:42:30.028 W/SP      ( 1460): File ref is being finalized but wasn't closed, file: es_419_20230613_compact_fst_zip[96]
06-29 17:42:30.028 W/SP      ( 1460): File ref is being finalized but wasn't closed, file: en_us_20230613_compact_fst_zip[145]
06-29 17:42:30.028 W/SP      ( 1460): File ref is being finalized but wasn't closed, file: qrnn_es_es_reco_20231010_fst_20230613_recospec_zip[73]
06-29 17:42:30.028 W/SP      ( 1460): File ref is being finalized but wasn't closed, file: scribe_latin_20231123_recospec_zip[164]
06-29 17:42:30.028 W/SP      ( 1460): File ref is being finalized but wasn't closed, file: qrnn_es_419_reco_20231010_fst_20230613_recospec_zip[96]
06-29 17:42:30.028 W/SP      ( 1460): File ref is being finalized but wasn't closed, file: es_es_20230613_compact_fst_zip[73]
06-29 17:42:30.028 W/SP      ( 1460): File ref is being finalized but wasn't closed, file: transformer_latin_seg_tflite_20231010_zip[164]
06-29 17:42:30.028 W/SP      ( 1460): File ref is being finalized but wasn't closed, file: pack_mapping_v1_lstm_20231127[124]
06-29 17:42:30.028 W/SP      ( 1460): File ref is being finalized but wasn't closed, file: transformer_latin_conf_tflite_20231010_zip[164]
06-29 17:42:30.028 W/SP      ( 1460): File ref is being finalized but wasn't closed, file: qrnn_en_us_reco_20231010_fst_20230613_recospec_zip[145]
06-29 17:42:30.028 W/SP      ( 1460): File ref is being finalized but wasn't closed, file: scribe_latin_20231123_tflite_zip[164]
06-29 17:42:30.028 W/SP      ( 1460): File ref is being finalized but wasn't closed, file: transformer_latin_tflite_20231010_zip[164]
06-29 17:42:30.028 W/SP      ( 1460): File ref is being finalized but wasn't closed, file: en_us_20230613_compact_fst_zip[145]
06-29 17:42:30.028 W/SP      ( 1460): File ref is being finalized but wasn't closed, file: transformer_latin_tflite_20231010_zip[164]
06-29 17:42:30.029 W/SP      ( 1460): File ref is being finalized but wasn't closed, file: transformer_latin_seg_tflite_20231010_zip[164]
06-29 17:42:30.029 W/SP      ( 1460): File ref is being finalized but wasn't closed, file: transformer_latin_conf_tflite_20231010_zip[164]
06-29 17:42:30.029 W/SP      ( 1460): File ref is being finalized but wasn't closed, file: qrnn_en_us_reco_20231010_fst_20230613_recospec_zip[145]
06-29 17:42:30.029 W/SP      ( 1460): File ref is being finalized but wasn't closed, file: scribe_latin_20231123_tflite_zip[164]
06-29 17:42:30.029 W/SP      ( 1460): File ref is being finalized but wasn't closed, file: scribe_latin_20231123_recospec_zip[164]
06-29 17:42:30.029 W/SP      ( 1460): File ref is being finalized but wasn't closed, file: es_419_20230613_compact_fst_zip[96]
06-29 17:42:30.029 W/SP      ( 1460): File ref is being finalized but wasn't closed, file: en_us_20230613_compact_fst_zip[145]
06-29 17:42:30.029 W/SP      ( 1460): File ref is being finalized but wasn't closed, file: qrnn_es_es_reco_20231010_fst_20230613_recospec_zip[73]
06-29 17:42:30.029 W/SP      ( 1460): File ref is being finalized but wasn't closed, file: scribe_latin_20231123_recospec_zip[164]
06-29 17:42:30.029 W/SP      ( 1460): File ref is being finalized but wasn't closed, file: qrnn_es_419_reco_20231010_fst_20230613_recospec_zip[96]
06-29 17:42:30.029 W/SP      ( 1460): File ref is being finalized but wasn't closed, file: es_es_20230613_compact_fst_zip[73]
06-29 17:42:30.029 W/SP      ( 1460): File ref is being finalized but wasn't closed, file: transformer_latin_seg_tflite_20231010_zip[164]
06-29 17:42:30.029 W/SP      ( 1460): File ref is being finalized but wasn't closed, file: pack_mapping_v1_lstm_20231127[124]
06-29 17:42:30.029 W/SP      ( 1460): File ref is being finalized but wasn't closed, file: transformer_latin_conf_tflite_20231010_zip[164]
06-29 17:42:30.029 W/SP      ( 1460): File ref is being finalized but wasn't closed, file: qrnn_en_us_reco_20231010_fst_20230613_recospec_zip[145]
06-29 17:42:30.029 W/SP      ( 1460): File ref is being finalized but wasn't closed, file: scribe_latin_20231123_tflite_zip[164]
06-29 17:42:30.029 W/SP      ( 1460): File ref is being finalized but wasn't closed, file: transformer_latin_tflite_20231010_zip[164]
06-29 17:42:30.029 W/SP      ( 1460): File ref is being finalized but wasn't closed, file: es_419_20230613_compact_fst_zip[96]
06-29 17:42:30.030 W/SP      ( 1460): File ref is being finalized but wasn't closed, file: en_us_20230613_compact_fst_zip[145]
06-29 17:42:30.030 W/SP      ( 1460): File ref is being finalized but wasn't closed, file: qrnn_es_es_reco_20231010_fst_20230613_recospec_zip[73]
06-29 17:42:30.030 W/SP      ( 1460): File ref is being finalized but wasn't closed, file: scribe_latin_20231123_recospec_zip[164]
06-29 17:42:30.030 W/SP      ( 1460): File ref is being finalized but wasn't closed, file: qrnn_es_419_reco_20231010_fst_20230613_recospec_zip[96]
06-29 17:42:30.030 W/SP      ( 1460): File ref is being finalized but wasn't closed, file: es_es_20230613_compact_fst_zip[73]
06-29 17:42:30.030 W/SP      ( 1460): File ref is being finalized but wasn't closed, file: transformer_latin_seg_tflite_20231010_zip[164]
06-29 17:42:30.030 W/SP      ( 1460): File ref is being finalized but wasn't closed, file: pack_mapping_v1_lstm_20231127[124]
06-29 17:42:30.030 W/SP      ( 1460): File ref is being finalized but wasn't closed, file: transformer_latin_conf_tflite_20231010_zip[164]
06-29 17:42:30.030 W/SP      ( 1460): File ref is being finalized but wasn't closed, file: qrnn_en_us_reco_20231010_fst_20230613_recospec_zip[145]
06-29 17:42:30.030 W/SP      ( 1460): File ref is being finalized but wasn't closed, file: scribe_latin_20231123_tflite_zip[164]
06-29 17:42:30.030 W/SP      ( 1460): File ref is being finalized but wasn't closed, file: transformer_latin_tflite_20231010_zip[164]
06-29 17:42:30.030 W/SP      ( 1460): File ref is being finalized but wasn't closed, file: es_es_20230613_compact_fst_zip[73]
06-29 17:42:30.030 W/SP      ( 1460): File ref is being finalized but wasn't closed, file: transformer_latin_tflite_20231010_zip[164]
06-29 17:42:30.030 W/SP      ( 1460): File ref is being finalized but wasn't closed, file: transformer_latin_seg_tflite_20231010_zip[164]
06-29 17:42:30.030 W/SP      ( 1460): File ref is being finalized but wasn't closed, file: transformer_latin_conf_tflite_20231010_zip[164]
06-29 17:42:30.030 W/SP      ( 1460): File ref is being finalized but wasn't closed, file: qrnn_es_es_reco_20231010_fst_20230613_recospec_zip[73]
06-29 17:42:30.030 W/SP      ( 1460): File ref is being finalized but wasn't closed, file: scribe_latin_20231123_tflite_zip[164]
06-29 17:42:30.031 W/SP      ( 1460): File ref is being finalized but wasn't closed, file: scribe_latin_20231123_recospec_zip[164]
06-29 17:42:30.031 W/SP      ( 1460): File ref is being finalized but wasn't closed, file: es_419_20230613_compact_fst_zip[96]
06-29 17:42:30.031 W/SP      ( 1460): File ref is being finalized but wasn't closed, file: en_us_20230613_compact_fst_zip[145]
06-29 17:42:30.031 W/SP      ( 1460): File ref is being finalized but wasn't closed, file: qrnn_es_es_reco_20231010_fst_20230613_recospec_zip[73]
06-29 17:42:30.031 W/SP      ( 1460): File ref is being finalized but wasn't closed, file: scribe_latin_20231123_recospec_zip[164]
06-29 17:42:30.031 W/SP      ( 1460): File ref is being finalized but wasn't closed, file: qrnn_es_419_reco_20231010_fst_20230613_recospec_zip[96]
06-29 17:42:30.031 W/SP      ( 1460): File ref is being finalized but wasn't closed, file: es_es_20230613_compact_fst_zip[73]
06-29 17:42:30.031 W/SP      ( 1460): File ref is being finalized but wasn't closed, file: transformer_latin_seg_tflite_20231010_zip[164]
06-29 17:42:30.031 W/SP      ( 1460): File ref is being finalized but wasn't closed, file: pack_mapping_v1_lstm_20231127[124]
06-29 17:42:30.031 W/SP      ( 1460): File ref is being finalized but wasn't closed, file: transformer_latin_conf_tflite_20231010_zip[164]
06-29 17:42:30.031 W/SP      ( 1460): File ref is being finalized but wasn't closed, file: qrnn_en_us_reco_20231010_fst_20230613_recospec_zip[145]
06-29 17:42:30.031 W/SP      ( 1460): File ref is being finalized but wasn't closed, file: scribe_latin_20231123_tflite_zip[164]
06-29 17:42:30.031 W/SP      ( 1460): File ref is being finalized but wasn't closed, file: transformer_latin_tflite_20231010_zip[164]
06-29 17:42:30.031 W/SP      ( 1460): File ref is being finalized but wasn't closed, file: es_419_20230613_compact_fst_zip[96]
06-29 17:42:30.031 W/SP      ( 1460): File ref is being finalized but wasn't closed, file: en_us_20230613_compact_fst_zip[145]
06-29 17:42:30.031 W/SP      ( 1460): File ref is being finalized but wasn't closed, file: qrnn_es_es_reco_20231010_fst_20230613_recospec_zip[73]
06-29 17:42:30.031 W/SP      ( 1460): File ref is being finalized but wasn't closed, file: scribe_latin_20231123_recospec_zip[164]
06-29 17:42:30.031 W/SP      ( 1460): File ref is being finalized but wasn't closed, file: qrnn_es_419_reco_20231010_fst_20230613_recospec_zip[96]
06-29 17:42:30.032 W/SP      ( 1460): File ref is being finalized but wasn't closed, file: es_es_20230613_compact_fst_zip[73]
06-29 17:42:30.032 W/SP      ( 1460): File ref is being finalized but wasn't closed, file: transformer_latin_seg_tflite_20231010_zip[164]
06-29 17:42:30.032 W/SP      ( 1460): File ref is being finalized but wasn't closed, file: pack_mapping_v1_lstm_20231127[124]
06-29 17:42:30.032 W/SP      ( 1460): File ref is being finalized but wasn't closed, file: transformer_latin_conf_tflite_20231010_zip[164]
06-29 17:42:30.032 W/SP      ( 1460): File ref is being finalized but wasn't closed, file: qrnn_en_us_reco_20231010_fst_20230613_recospec_zip[145]
06-29 17:42:30.032 W/SP      ( 1460): File ref is being finalized but wasn't closed, file: scribe_latin_20231123_tflite_zip[164]
06-29 17:42:30.032 W/SP      ( 1460): File ref is being finalized but wasn't closed, file: transformer_latin_tflite_20231010_zip[164]
06-29 17:42:30.032 W/SP      ( 1460): File ref is being finalized but wasn't closed, file: es_419_20230613_compact_fst_zip[96]
06-29 17:42:30.032 W/SP      ( 1460): File ref is being finalized but wasn't closed, file: transformer_latin_tflite_20231010_zip[164]
06-29 17:42:30.032 W/SP      ( 1460): File ref is being finalized but wasn't closed, file: transformer_latin_seg_tflite_20231010_zip[164]
06-29 17:42:30.032 W/SP      ( 1460): File ref is being finalized but wasn't closed, file: transformer_latin_conf_tflite_20231010_zip[164]
06-29 17:42:30.032 W/SP      ( 1460): File ref is being finalized but wasn't closed, file: qrnn_es_419_reco_20231010_fst_20230613_recospec_zip[96]
06-29 17:42:30.032 W/SP      ( 1460): File ref is being finalized but wasn't closed, file: scribe_latin_20231123_tflite_zip[164]
06-29 17:42:30.032 W/SP      ( 1460): File ref is being finalized but wasn't closed, file: scribe_latin_20231123_recospec_zip[164]
06-29 17:42:30.033 W/SP      ( 1460): File ref is being finalized but wasn't closed, file: es_419_20230613_compact_fst_zip[96]
06-29 17:42:30.033 W/SP      ( 1460): File ref is being finalized but wasn't closed, file: en_us_20230613_compact_fst_zip[145]
06-29 17:42:30.033 W/SP      ( 1460): File ref is being finalized but wasn't closed, file: qrnn_es_es_reco_20231010_fst_20230613_recospec_zip[73]
06-29 17:42:30.033 W/SP      ( 1460): File ref is being finalized but wasn't closed, file: scribe_latin_20231123_recospec_zip[164]
06-29 17:42:30.033 W/SP      ( 1460): File ref is being finalized but wasn't closed, file: qrnn_es_419_reco_20231010_fst_20230613_recospec_zip[96]
06-29 17:42:30.033 W/SP      ( 1460): File ref is being finalized but wasn't closed, file: es_es_20230613_compact_fst_zip[73]
06-29 17:42:30.033 W/SP      ( 1460): File ref is being finalized but wasn't closed, file: transformer_latin_seg_tflite_20231010_zip[164]
06-29 17:42:30.033 W/SP      ( 1460): File ref is being finalized but wasn't closed, file: pack_mapping_v1_lstm_20231127[124]
06-29 17:42:30.033 W/SP      ( 1460): File ref is being finalized but wasn't closed, file: transformer_latin_conf_tflite_20231010_zip[164]
06-29 17:42:30.033 W/SP      ( 1460): File ref is being finalized but wasn't closed, file: qrnn_en_us_reco_20231010_fst_20230613_recospec_zip[145]
06-29 17:42:30.033 W/SP      ( 1460): File ref is being finalized but wasn't closed, file: scribe_latin_20231123_tflite_zip[164]
06-29 17:42:30.033 W/SP      ( 1460): File ref is being finalized but wasn't closed, file: transformer_latin_tflite_20231010_zip[164]
06-29 17:42:30.033 W/SP      ( 1460): File ref is being finalized but wasn't closed, file: es_419_20230613_compact_fst_zip[96]
06-29 17:42:30.033 W/SP      ( 1460): File ref is being finalized but wasn't closed, file: en_us_20230613_compact_fst_zip[145]
06-29 17:42:30.033 W/SP      ( 1460): File ref is being finalized but wasn't closed, file: qrnn_es_es_reco_20231010_fst_20230613_recospec_zip[73]
06-29 17:42:30.033 W/SP      ( 1460): File ref is being finalized but wasn't closed, file: scribe_latin_20231123_recospec_zip[164]
06-29 17:42:30.033 W/SP      ( 1460): File ref is being finalized but wasn't closed, file: qrnn_es_419_reco_20231010_fst_20230613_recospec_zip[96]
06-29 17:42:30.033 W/SP      ( 1460): File ref is being finalized but wasn't closed, file: es_es_20230613_compact_fst_zip[73]
06-29 17:42:30.034 W/SP      ( 1460): File ref is being finalized but wasn't closed, file: transformer_latin_seg_tflite_20231010_zip[164]
06-29 17:42:30.034 W/SP      ( 1460): File ref is being finalized but wasn't closed, file: pack_mapping_v1_lstm_20231127[124]
06-29 17:42:30.034 W/SP      ( 1460): File ref is being finalized but wasn't closed, file: transformer_latin_conf_tflite_20231010_zip[164]
06-29 17:42:30.034 W/SP      ( 1460): File ref is being finalized but wasn't closed, file: qrnn_en_us_reco_20231010_fst_20230613_recospec_zip[145]
06-29 17:42:30.034 W/SP      ( 1460): File ref is being finalized but wasn't closed, file: scribe_latin_20231123_tflite_zip[164]
06-29 17:42:30.034 W/SP      ( 1460): File ref is being finalized but wasn't closed, file: transformer_latin_tflite_20231010_zip[164]
06-29 17:42:30.034 W/SP      ( 1460): File ref is being finalized but wasn't closed, file: es_419_20230613_compact_fst_zip[96]
06-29 17:42:30.034 W/SP      ( 1460): File ref is being finalized but wasn't closed, file: en_us_20230613_compact_fst_zip[145]
06-29 17:42:30.034 W/SP      ( 1460): File ref is being finalized but wasn't closed, file: qrnn_es_es_reco_20231010_fst_20230613_recospec_zip[73]
06-29 17:42:30.034 W/SP      ( 1460): File ref is being finalized but wasn't closed, file: scribe_latin_20231123_recospec_zip[164]
06-29 17:42:30.034 W/SP      ( 1460): File ref is being finalized but wasn't closed, file: qrnn_es_419_reco_20231010_fst_20230613_recospec_zip[96]
06-29 17:42:30.034 W/SP      ( 1460): File ref is being finalized but wasn't closed, file: es_es_20230613_compact_fst_zip[73]
06-29 17:42:30.034 W/SP      ( 1460): File ref is being finalized but wasn't closed, file: transformer_latin_seg_tflite_20231010_zip[164]
06-29 17:42:30.034 W/SP      ( 1460): File ref is being finalized but wasn't closed, file: pack_mapping_v1_lstm_20231127[124]
06-29 17:42:30.034 W/SP      ( 1460): File ref is being finalized but wasn't closed, file: transformer_latin_conf_tflite_20231010_zip[164]
06-29 17:42:30.034 W/SP      ( 1460): File ref is being finalized but wasn't closed, file: qrnn_en_us_reco_20231010_fst_20230613_recospec_zip[145]
06-29 17:42:30.034 W/SP      ( 1460): File ref is being finalized but wasn't closed, file: scribe_latin_20231123_tflite_zip[164]
06-29 17:42:30.035 W/SP      ( 1460): File ref is being finalized but wasn't closed, file: transformer_latin_tflite_20231010_zip[164]
06-29 17:42:30.053 W/unknown:ReactNative(10801): StatusBarModule: Ignored status bar change, current activity is edge-to-edge.
06-29 17:42:30.053 W/unknown:ReactNative(10801): StatusBarModule: Ignored status bar change, current activity is edge-to-edge.
06-29 17:42:30.085 I/SP      ( 1460): GC for 'handwriting_recognition' (10) with ttl of 0 ms took 0 ms (0/0/0)
06-29 17:42:30.086 I/HandwritingOnlineSuperpacks( 1460): HandwritingOnlineSuperpacks.syncInternal():187 syncInternal(): syncing packs
06-29 17:42:30.086 I/HandwritingOnlineSuperpacks( 1460): HandwritingOnlineSuperpacks$2.onSyncSuccess():225 syncInternal(): complete {old=[en_us_20230613_compact_fst_zip, es_419_20230613_compact_fst_zip, es_es_20230613_compact_fst_zip, pack_mapping_v1_lstm_20231127, qrnn_en_us_reco_20231010_fst_20230613_recospec_zip, qrnn_es_419_reco_20231010_fst_20230613_recospec_zip, qrnn_es_es_reco_20231010_fst_20230613_recospec_zip, scribe_latin_20231123_recospec_zip, scribe_latin_20231123_tflite_zip, transformer_latin_conf_tflite_20231010_zip, transformer_latin_seg_tflite_20231010_zip, transformer_latin_tflite_20231010_zip], new=[en_us_20230613_compact_fst_zip, es_419_20230613_compact_fst_zip, pack_mapping_v1_lstm_20231127, qrnn_en_us_reco_20231010_fst_20230613_recospec_zip, qrnn_es_419_reco_20231010_fst_20230613_recospec_zip, scribe_latin_20231123_recospec_zip, scribe_latin_20231123_tflite_zip, transformer_latin_conf_tflite_20231010_zip, transformer_latin_seg_tflite_20231010_zip, transformer_latin_tflite_20231010_zip], metadata=false, last batch=true}
06-29 17:42:30.091 I/SP      ( 1460): Sync for bundled_delight succeeded in 138 ms: no changes
06-29 17:42:30.091 I/SP      ( 1460): GC for 'bundled_delight' (10) with ttl of 0 ms took 0 ms (0/0/0)
06-29 17:42:30.091 I/LmManager( 1460): LmManager$1.onSuccess():84 Bundled delight sync success
06-29 17:42:30.092 I/SuperDelight( 1460): SuperDelightManager$2.onSuccess():505 bundled_delight sync success, adding to data file manager
06-29 17:42:30.092 I/DataFileManager( 1460): DataFileManager.addDataWithoutNotify():181 data en-US already exists
06-29 17:42:30.094 E/HandwritingSuperpacksUtil( 1460): HandwritingSuperpacksUtil.getPackMappingPackName():42 No pack mapping pack found in []
06-29 17:42:30.094 I/HandwritingSuperpacks( 1460): HandwritingSuperpacks.reloadCache():229 updatePackMappingsCache(): pack mapping pack unavailable [OFFLINE]
06-29 17:42:30.110 D/nativeloader(12265): Load libframework-connectivity-tiramisu-jni.so using APEX ns com_android_tethering for caller /apex/com.android.tethering/javalib/framework-connectivity-t.jar: ok
06-29 17:42:30.111 D/AndroidRuntime(12265): Calling main entry com.android.commands.monkey.Monkey
06-29 17:42:30.113 D/nativeloader(12265): Load /system/lib64/libmonkey_jni.so using ns default for caller /system/framework/monkey.jar in same partition (is_bridged=0): ok
06-29 17:42:30.113 W/Monkey  (12265): args: [-p, bo.rastro.app, -c, android.intent.category.LAUNCHER, 1]
06-29 17:42:30.123 I/AconfigPackage(12265): android.media.swcodec.flags is mapped to com.android.media.swcodec
06-29 17:42:30.124 I/AconfigPackage(12265): com.android.permission.flags is mapped to com.android.permission
06-29 17:42:30.124 I/AconfigPackage(12265): com.android.permissioncontroller.flags is mapped to com.android.permission
06-29 17:42:30.124 I/AconfigPackage(12265): com.android.icu is mapped to com.android.i18n
06-29 17:42:30.124 I/AconfigPackage(12265): com.android.appsearch.flags is mapped to com.android.appsearch
06-29 17:42:30.125 I/AconfigPackage(12265): android.uprobestats.mainline.flags is mapped to com.android.uprobestats
06-29 17:42:30.125 I/AconfigPackage(12265): com.android.crashrecovery.flags is mapped to com.android.crashrecovery
06-29 17:42:30.126 I/AconfigPackage(12265): android.provider.flags is mapped to com.android.configinfrastructure
06-29 17:42:30.126 I/AconfigPackage(12265): com.android.server.deviceconfig is mapped to com.android.configinfrastructure
06-29 17:42:30.126 I/AconfigPackage(12265): com.android.compos.flags is mapped to com.android.compos
06-29 17:42:30.127 I/AconfigPackage(12265): com.android.art.flags is mapped to com.android.art
06-29 17:42:30.127 I/AconfigPackage(12265): com.android.art.rw.flags is mapped to com.android.art
06-29 17:42:30.127 I/AconfigPackage(12265): com.android.libcore is mapped to com.android.art
06-29 17:42:30.128 I/AconfigPackage(12265): com.android.telephony.flags is mapped to com.android.telephonycore
06-29 17:42:30.128 I/AconfigPackage(12265): com.android.media.extractor.flags is mapped to com.android.media
06-29 17:42:30.128 I/AconfigPackage(12265): com.android.media.mainline.flags is mapped to com.android.media
06-29 17:42:30.129 I/AconfigPackage(12265): com.android.wifi.flags is mapped to com.android.wifi
06-29 17:42:30.129 I/AconfigPackage(12265): com.android.org.conscrypt.flags is mapped to com.android.conscrypt
06-29 17:42:30.129 I/AconfigPackage(12265): com.android.org.conscrypt.net.flags is mapped to com.android.conscrypt
06-29 17:42:30.129 I/AconfigPackage(12265): com.android.healthfitness.flags is mapped to com.android.healthfitness
06-29 17:42:30.130 I/AconfigPackage(12265): com.android.ipsec.flags is mapped to com.android.ipsec
06-29 17:42:30.130 I/AconfigPackage(12265): com.android.nfc.module.flags is mapped to com.android.nfcservices
06-29 17:42:30.130 I/AconfigPackage(12265): com.android.adservices.ondevicepersonalization.flags is mapped to com.android.ondevicepersonalization
06-29 17:42:30.131 I/AconfigPackage(12265): com.android.adbd.flags is mapped to com.android.adbd
06-29 17:42:30.131 I/AconfigPackage(12265): com.android.bluetooth.flags is mapped to com.android.bt
06-29 17:42:30.132 I/AconfigPackage(12265): com.android.devicelock.flags is mapped to com.android.devicelock
06-29 17:42:30.132 I/AconfigPackage(12265): android.os.profiling is mapped to com.android.profiling
06-29 17:42:30.132 I/AconfigPackage(12265): android.os.profiling.anomaly.flags is mapped to com.android.profiling
06-29 17:42:30.132 I/AconfigPackage(12265): com.android.os.statsd.flags is mapped to com.android.os.statsd
06-29 17:42:30.133 I/AconfigPackage(12265): com.android.rkpd.flags is mapped to com.android.rkpd
06-29 17:42:30.133 I/AconfigPackage(12265): com.android.cellbroadcastreceiver.flags is mapped to com.android.cellbroadcast
06-29 17:42:30.134 I/AconfigPackage(12265): com.android.adservices.flags is mapped to com.android.adservices
06-29 17:42:30.134 I/AconfigPackage(12265): com.android.sdksandbox.flags is mapped to com.android.adservices
06-29 17:42:30.134 I/AconfigPackage(12265): com.android.uwb.flags is mapped to com.android.uwb
06-29 17:42:30.134 I/AconfigPackage(12265): com.android.ranging.flags is mapped to com.android.uwb
06-29 17:42:30.134 I/AconfigPackage(12265): android.graphics.pdf.flags is mapped to com.android.mediaprovider
06-29 17:42:30.134 I/AconfigPackage(12265): com.android.providers.media.flags is mapped to com.android.mediaprovider
06-29 17:42:30.134 I/AconfigPackage(12265): android.graphics.pdf.flags.readonly is mapped to com.android.mediaprovider
06-29 17:42:30.134 I/AconfigPackage(12265): com.android.tethering.mainline.beta is mapped to com.android.tethering
06-29 17:42:30.134 I/AconfigPackage(12265): android.net.http is mapped to com.android.tethering
06-29 17:42:30.134 I/AconfigPackage(12265): com.android.tethering.readonly.flags is mapped to com.android.tethering
06-29 17:42:30.134 I/AconfigPackage(12265): android.net.vcn is mapped to com.android.tethering
06-29 17:42:30.134 I/AconfigPackage(12265): com.android.net.flags is mapped to com.android.tethering
06-29 17:42:30.134 I/AconfigPackage(12265): com.android.tethering.beta.test is mapped to com.android.tethering
06-29 17:42:30.134 I/AconfigPackage(12265): com.android.nearby.flags is mapped to com.android.tethering
06-29 17:42:30.135 I/AconfigPackage(12265): com.android.net.ct.flags is mapped to com.android.tethering
06-29 17:42:30.135 I/AconfigPackage(12265): com.android.net.thread.flags is mapped to com.android.tethering
06-29 17:42:30.135 I/AconfigPackage(12265): com.android.system.virtualmachine.flags is mapped to com.android.virt
06-29 17:42:30.135 E/FeatureFlagsImplExport(12265): android.os.flagging.AconfigStorageReadException: ERROR_PACKAGE_NOT_FOUND: package android.xr cannot be found on the device
06-29 17:42:30.153 W/Monkey  (12265):  arg: "-p"
06-29 17:42:30.153 W/Monkey  (12265):  arg: "bo.rastro.app"
06-29 17:42:30.153 W/Monkey  (12265):  arg: "-c"
