06-29 17:42:35.225 I/ExpoImage(10801): 	at com.bumptech.glide.load.engine.executor.GlideExecutor$DefaultPriorityThreadFactory$1.run(GlideExecutor.java:383)
06-29 17:42:35.225 W/Glide   (10801): Load failed for [sf:location.fill] with dimensions [34x34]
06-29 17:42:35.225 W/Glide   (10801): class com.bumptech.glide.load.engine.GlideException: Failed to load resource
06-29 17:42:35.225 W/Glide   (10801): There was 1 root cause:
06-29 17:42:35.225 W/Glide   (10801): java.lang.IllegalArgumentException(Expected URL scheme 'http' or 'https' but was 'sf')
06-29 17:42:35.225 W/Glide   (10801):  call GlideException#logRootCauses(String) for more detail
06-29 17:42:35.225 W/Glide   (10801):   Cause (1 of 1): class java.lang.IllegalArgumentException: Expected URL scheme 'http' or 'https' but was 'sf'
06-29 17:42:35.225 I/Glide   (10801): Root cause (1 of 1)
06-29 17:42:35.225 I/Glide   (10801): java.lang.IllegalArgumentException: Expected URL scheme 'http' or 'https' but was 'sf'
06-29 17:42:35.225 I/Glide   (10801): 	at okhttp3.HttpUrl$Builder.parse$okhttp(HttpUrl.kt:1254)
06-29 17:42:35.225 I/Glide   (10801): 	at okhttp3.HttpUrl$Companion.get(HttpUrl.kt:1634)
06-29 17:42:35.225 I/Glide   (10801): 	at okhttp3.Request$Builder.url(Request.kt:184)
06-29 17:42:35.225 I/Glide   (10801): 	at com.bumptech.glide.integration.okhttp3.OkHttpStreamFetcher.loadData(OkHttpStreamFetcher.java:42)
06-29 17:42:35.225 I/Glide   (10801): 	at com.bumptech.glide.load.engine.SourceGenerator.startNextLoad(SourceGenerator.java:95)
06-29 17:42:35.225 I/Glide   (10801): 	at com.bumptech.glide.load.engine.SourceGenerator.startNext(SourceGenerator.java:88)
06-29 17:42:35.225 I/Glide   (10801): 	at com.bumptech.glide.load.engine.DecodeJob.runGenerators(DecodeJob.java:311)
06-29 17:42:35.225 I/Glide   (10801): 	at com.bumptech.glide.load.engine.DecodeJob.runWrapped(DecodeJob.java:280)
06-29 17:42:35.225 I/Glide   (10801): 	at com.bumptech.glide.load.engine.DecodeJob.run(DecodeJob.java:235)
06-29 17:42:35.225 I/Glide   (10801): 	at java.util.concurrent.ThreadPoolExecutor.runWorker(ThreadPoolExecutor.java:1154)
06-29 17:42:35.225 I/Glide   (10801): 	at java.util.concurrent.ThreadPoolExecutor$Worker.run(ThreadPoolExecutor.java:652)
06-29 17:42:35.225 I/Glide   (10801): 	at com.bumptech.glide.load.engine.executor.GlideExecutor$DefaultThreadFactory$1.run(GlideExecutor.java:424)
06-29 17:42:35.225 I/Glide   (10801): 	at java.lang.Thread.run(Thread.java:1563)
06-29 17:42:35.225 I/Glide   (10801): 	at com.bumptech.glide.load.engine.executor.GlideExecutor$DefaultPriorityThreadFactory$1.run(GlideExecutor.java:383)
06-29 17:42:35.225 E/ExpoImage(10801): Failed to load resource
06-29 17:42:35.225 E/ExpoImage(10801): There was 1 root cause:
06-29 17:42:35.225 E/ExpoImage(10801): java.lang.IllegalArgumentException(Expected URL scheme 'http' or 'https' but was 'sf')
06-29 17:42:35.225 I/ExpoImage(10801): Root cause (1 of 1)
06-29 17:42:35.225 I/ExpoImage(10801): java.lang.IllegalArgumentException: Expected URL scheme 'http' or 'https' but was 'sf'
06-29 17:42:35.225 I/ExpoImage(10801): 	at okhttp3.HttpUrl$Builder.parse$okhttp(HttpUrl.kt:1254)
06-29 17:42:35.225 I/ExpoImage(10801): 	at okhttp3.HttpUrl$Companion.get(HttpUrl.kt:1634)
06-29 17:42:35.225 I/ExpoImage(10801): 	at okhttp3.Request$Builder.url(Request.kt:184)
06-29 17:42:35.225 I/ExpoImage(10801): 	at com.bumptech.glide.integration.okhttp3.OkHttpStreamFetcher.loadData(OkHttpStreamFetcher.java:42)
06-29 17:42:35.225 I/ExpoImage(10801): 	at com.bumptech.glide.load.engine.SourceGenerator.startNextLoad(SourceGenerator.java:95)
06-29 17:42:35.225 I/ExpoImage(10801): 	at com.bumptech.glide.load.engine.SourceGenerator.startNext(SourceGenerator.java:88)
06-29 17:42:35.225 I/ExpoImage(10801): 	at com.bumptech.glide.load.engine.DecodeJob.runGenerators(DecodeJob.java:311)
06-29 17:42:35.225 I/ExpoImage(10801): 	at com.bumptech.glide.load.engine.DecodeJob.runWrapped(DecodeJob.java:280)
06-29 17:42:35.225 I/ExpoImage(10801): 	at com.bumptech.glide.load.engine.DecodeJob.run(DecodeJob.java:235)
06-29 17:42:35.225 I/ExpoImage(10801): 	at java.util.concurrent.ThreadPoolExecutor.runWorker(ThreadPoolExecutor.java:1154)
06-29 17:42:35.225 I/ExpoImage(10801): 	at java.util.concurrent.ThreadPoolExecutor$Worker.run(ThreadPoolExecutor.java:652)
06-29 17:42:35.225 I/ExpoImage(10801): 	at com.bumptech.glide.load.engine.executor.GlideExecutor$DefaultThreadFactory$1.run(GlideExecutor.java:424)
06-29 17:42:35.225 I/ExpoImage(10801): 	at java.lang.Thread.run(Thread.java:1563)
06-29 17:42:35.225 I/ExpoImage(10801): 	at com.bumptech.glide.load.engine.executor.GlideExecutor$DefaultPriorityThreadFactory$1.run(GlideExecutor.java:383)
06-29 17:42:35.225 W/Glide   (10801): Load failed for [sf:checkmark.seal.fill] with dimensions [31x32]
06-29 17:42:35.225 W/Glide   (10801): class com.bumptech.glide.load.engine.GlideException: Failed to load resource
06-29 17:42:35.225 W/Glide   (10801): There was 1 root cause:
06-29 17:42:35.225 W/Glide   (10801): java.lang.IllegalArgumentException(Expected URL scheme 'http' or 'https' but was 'sf')
06-29 17:42:35.225 W/Glide   (10801):  call GlideException#logRootCauses(String) for more detail
06-29 17:42:35.225 W/Glide   (10801):   Cause (1 of 1): class java.lang.IllegalArgumentException: Expected URL scheme 'http' or 'https' but was 'sf'
06-29 17:42:35.225 I/Glide   (10801): Root cause (1 of 1)
06-29 17:42:35.225 I/Glide   (10801): java.lang.IllegalArgumentException: Expected URL scheme 'http' or 'https' but was 'sf'
06-29 17:42:35.225 I/Glide   (10801): 	at okhttp3.HttpUrl$Builder.parse$okhttp(HttpUrl.kt:1254)
06-29 17:42:35.225 I/Glide   (10801): 	at okhttp3.HttpUrl$Companion.get(HttpUrl.kt:1634)
06-29 17:42:35.225 I/Glide   (10801): 	at okhttp3.Request$Builder.url(Request.kt:184)
06-29 17:42:35.225 I/Glide   (10801): 	at com.bumptech.glide.integration.okhttp3.OkHttpStreamFetcher.loadData(OkHttpStreamFetcher.java:42)
06-29 17:42:35.225 I/Glide   (10801): 	at com.bumptech.glide.load.engine.SourceGenerator.startNextLoad(SourceGenerator.java:95)
06-29 17:42:35.225 I/Glide   (10801): 	at com.bumptech.glide.load.engine.SourceGenerator.startNext(SourceGenerator.java:88)
06-29 17:42:35.225 I/Glide   (10801): 	at com.bumptech.glide.load.engine.DecodeJob.runGenerators(DecodeJob.java:311)
06-29 17:42:35.225 I/Glide   (10801): 	at com.bumptech.glide.load.engine.DecodeJob.runWrapped(DecodeJob.java:280)
06-29 17:42:35.225 I/Glide   (10801): 	at com.bumptech.glide.load.engine.DecodeJob.run(DecodeJob.java:235)
06-29 17:42:35.225 I/Glide   (10801): 	at java.util.concurrent.ThreadPoolExecutor.runWorker(ThreadPoolExecutor.java:1154)
06-29 17:42:35.225 I/Glide   (10801): 	at java.util.concurrent.ThreadPoolExecutor$Worker.run(ThreadPoolExecutor.java:652)
06-29 17:42:35.225 I/Glide   (10801): 	at com.bumptech.glide.load.engine.executor.GlideExecutor$DefaultThreadFactory$1.run(GlideExecutor.java:424)
06-29 17:42:35.225 I/Glide   (10801): 	at java.lang.Thread.run(Thread.java:1563)
06-29 17:42:35.225 I/Glide   (10801): 	at com.bumptech.glide.load.engine.executor.GlideExecutor$DefaultPriorityThreadFactory$1.run(GlideExecutor.java:383)
06-29 17:42:35.226 E/ExpoImage(10801): Failed to load resource
06-29 17:42:35.226 E/ExpoImage(10801): There was 1 root cause:
06-29 17:42:35.226 E/ExpoImage(10801): java.lang.IllegalArgumentException(Expected URL scheme 'http' or 'https' but was 'sf')
06-29 17:42:35.226 I/ExpoImage(10801): Root cause (1 of 1)
06-29 17:42:35.226 I/ExpoImage(10801): java.lang.IllegalArgumentException: Expected URL scheme 'http' or 'https' but was 'sf'
06-29 17:42:35.226 I/ExpoImage(10801): 	at okhttp3.HttpUrl$Builder.parse$okhttp(HttpUrl.kt:1254)
06-29 17:42:35.226 I/ExpoImage(10801): 	at okhttp3.HttpUrl$Companion.get(HttpUrl.kt:1634)
06-29 17:42:35.226 I/ExpoImage(10801): 	at okhttp3.Request$Builder.url(Request.kt:184)
06-29 17:42:35.226 I/ExpoImage(10801): 	at com.bumptech.glide.integration.okhttp3.OkHttpStreamFetcher.loadData(OkHttpStreamFetcher.java:42)
06-29 17:42:35.226 I/ExpoImage(10801): 	at com.bumptech.glide.load.engine.SourceGenerator.startNextLoad(SourceGenerator.java:95)
06-29 17:42:35.226 I/ExpoImage(10801): 	at com.bumptech.glide.load.engine.SourceGenerator.startNext(SourceGenerator.java:88)
06-29 17:42:35.226 I/ExpoImage(10801): 	at com.bumptech.glide.load.engine.DecodeJob.runGenerators(DecodeJob.java:311)
06-29 17:42:35.226 I/ExpoImage(10801): 	at com.bumptech.glide.load.engine.DecodeJob.runWrapped(DecodeJob.java:280)
06-29 17:42:35.226 I/ExpoImage(10801): 	at com.bumptech.glide.load.engine.DecodeJob.run(DecodeJob.java:235)
06-29 17:42:35.226 I/ExpoImage(10801): 	at java.util.concurrent.ThreadPoolExecutor.runWorker(ThreadPoolExecutor.java:1154)
06-29 17:42:35.226 I/ExpoImage(10801): 	at java.util.concurrent.ThreadPoolExecutor$Worker.run(ThreadPoolExecutor.java:652)
06-29 17:42:35.226 I/ExpoImage(10801): 	at com.bumptech.glide.load.engine.executor.GlideExecutor$DefaultThreadFactory$1.run(GlideExecutor.java:424)
06-29 17:42:35.226 I/ExpoImage(10801): 	at java.lang.Thread.run(Thread.java:1563)
06-29 17:42:35.226 I/ExpoImage(10801): 	at com.bumptech.glide.load.engine.executor.GlideExecutor$DefaultPriorityThreadFactory$1.run(GlideExecutor.java:383)
06-29 17:42:37.369 D/SatelliteController( 1175): iisInCarrierRoamingNbIotNtn: satellite is disabled
06-29 17:42:37.369 D/SatelliteController( 1175): getCarrierRoamingNtnConnectType: Falling back to global carrier config connect type: 0
06-29 17:42:37.790 I/HalDevMgr(  774): bestIfaceCreationProposal is null, requestIface=STA, existingIface=[name=wlan0 type=STA]
06-29 17:42:39.845 W/libbinder.IPCThreadState(  774): Sending oneway calls to frozen process.
06-29 17:42:40.084 I/wpa_supplicant( 1017): wlan0: CTRL-EVENT-BEACON-LOSS
06-29 17:42:40.796 I/HalDevMgr(  774): bestIfaceCreationProposal is null, requestIface=STA, existingIface=[name=wlan0 type=STA]
06-29 17:42:41.742 I/keystore2(  285): system/security/keystore2/watchdog/src/lib.rs:371 - Watchdog thread idle -> terminating. Have a great day.
06-29 17:42:42.200 W/libbinder.BackendUnifiedServiceManager(12339): Thread Pool max thread count is 0. Cannot cache binder as linkToDeath cannot be implemented. serviceName: package
06-29 17:42:42.233 I/artd    ( 2355): GetBestInfo: odex next to the dex file (/data/app/~~nz06JUVmD3lFGTqnpM8Qsw==/com.google.android.gms-T2NhbCu_cuDL-R-idLgIRg==/oat/x86_64/base.odex) is kOatUpToDate with filter 'speed-profile' executable 'false'
06-29 17:42:42.235 I/artd    ( 2355): GetBestInfo: odex next to the dex file (/data/app/~~nz06JUVmD3lFGTqnpM8Qsw==/com.google.android.gms-T2NhbCu_cuDL-R-idLgIRg==/oat/x86_64/split_AdsDynamite_installtime.odex) is kOatUpToDate with filter 'speed' executable 'false'
06-29 17:42:42.237 I/artd    ( 2355): GetBestInfo: odex next to the dex file (/data/app/~~nz06JUVmD3lFGTqnpM8Qsw==/com.google.android.gms-T2NhbCu_cuDL-R-idLgIRg==/oat/x86_64/split_CronetDynamite_installtime.odex) is kOatUpToDate with filter 'speed' executable 'false'
06-29 17:42:42.239 I/artd    ( 2355): GetBestInfo: odex next to the dex file (/data/app/~~nz06JUVmD3lFGTqnpM8Qsw==/com.google.android.gms-T2NhbCu_cuDL-R-idLgIRg==/oat/x86_64/split_DynamiteLoader_installtime.odex) is kOatUpToDate with filter 'speed' executable 'false'
06-29 17:42:42.241 I/artd    ( 2355): GetBestInfo: odex next to the dex file (/data/app/~~nz06JUVmD3lFGTqnpM8Qsw==/com.google.android.gms-T2NhbCu_cuDL-R-idLgIRg==/oat/x86_64/split_DynamiteModulesA_installtime.odex) is kOatUpToDate with filter 'speed' executable 'false'
06-29 17:42:42.243 I/artd    ( 2355): GetBestInfo: odex next to the dex file (/data/app/~~nz06JUVmD3lFGTqnpM8Qsw==/com.google.android.gms-T2NhbCu_cuDL-R-idLgIRg==/oat/x86_64/split_DynamiteModulesC_installtime.odex) is kOatUpToDate with filter 'speed' executable 'false'
06-29 17:42:42.245 I/artd    ( 2355): GetBestInfo: odex next to the dex file (/data/app/~~nz06JUVmD3lFGTqnpM8Qsw==/com.google.android.gms-T2NhbCu_cuDL-R-idLgIRg==/oat/x86_64/split_GoogleCertificates_installtime.odex) is kOatUpToDate with filter 'speed' executable 'false'
06-29 17:42:42.247 I/artd    ( 2355): GetBestInfo: odex next to the dex file (/data/app/~~nz06JUVmD3lFGTqnpM8Qsw==/com.google.android.gms-T2NhbCu_cuDL-R-idLgIRg==/oat/x86_64/split_MapsDynamite_installtime.odex) is kOatUpToDate with filter 'speed' executable 'false'
06-29 17:42:42.250 I/artd    ( 2355): GetBestInfo: odex next to the dex file (/data/app/~~nz06JUVmD3lFGTqnpM8Qsw==/com.google.android.gms-T2NhbCu_cuDL-R-idLgIRg==/oat/x86_64/split_MeasurementDynamite_installtime.odex) is kOatUpToDate with filter 'speed' executable 'false'
06-29 17:42:42.251 I/artd    ( 2355): GetBestInfo: /data/user_de/0/com.google.android.gms/app_chimera/m/0000000b/dl-MlkitBarcodeUi.optional_253434100800.apk has no usable artifacts
06-29 17:42:42.254 I/artd    ( 2355): GetBestInfo: /data/user_de/0/com.google.android.gms/app_chimera/m/00000013/dl-MlkitOcrCommon.optional_262233100800.apk has no usable artifacts
06-29 17:42:42.257 I/artd    ( 2355): GetBestInfo: /data/user_de/0/com.google.android.gms/app_chimera/m/00000008/dl-Appsearch.optional_253434100800.apk has no usable artifacts
06-29 17:42:42.257 I/artd    ( 2355): GetBestInfo: /data/user_de/0/com.google.android.gms/app_chimera/m/00000001/CronetDynamite.apk has no usable artifacts
06-29 17:42:42.257 I/artd    ( 2355): GetBestInfo: /data/user_de/0/com.google.android.gms/app_chimera/m/00000002/DynamiteLoader.apk has no usable artifacts
06-29 17:42:42.259 I/artd    ( 2355): GetBestInfo: /data/user_de/0/com.google.android.gms/app_chimera/m/00000018/dl-IdentityCredentialsPlatform.optional_262233100800.apk has no usable artifacts
06-29 17:42:42.261 I/artd    ( 2355): GetBestInfo: /data/user_de/0/com.google.android.gms/app_chimera/m/0000000d/dl-VisionOcr.optional_253434100000.apk has no usable artifacts
06-29 17:42:42.261 I/artd    ( 2355): GetBestInfo: /data/user_de/0/com.google.android.gms/app_chimera/m/00000005/GoogleCertificates.apk has no usable artifacts
06-29 17:42:42.263 I/artd    ( 2355): GetBestInfo: /data/user_de/0/com.google.android.gms/app_chimera/m/0000000a/dl-TfliteDynamiteDynamite.integ_260580502100800.apk has no usable artifacts
06-29 17:42:42.265 I/artd    ( 2355): GetBestInfo: /data/user_de/0/com.google.android.gms/app_chimera/m/00000012/dl-MlkitBarcodeUi.optional_262233100800.apk has no usable artifacts
06-29 17:42:42.267 I/artd    ( 2355): GetBestInfo: /data/user_de/0/com.google.android.gms/app_chimera/m/00000015/dl-VisionOcr.optional_262233100000.apk has no usable artifacts
06-29 17:42:42.268 I/artd    ( 2355): GetBestInfo: /data/user_de/0/com.google.android.gms/app_chimera/m/00000016/dl-Appsearch.optional_262233100800.apk has no usable artifacts
06-29 17:42:42.271 I/artd    ( 2355): GetBestInfo: /data/user_de/0/com.google.android.gms/app_chimera/m/0000000e/dl-MlkitOcrCommon.optional_253434100800.apk has no usable artifacts
06-29 17:42:42.271 I/artd    ( 2355): GetBestInfo: /data/user_de/0/com.google.android.gms/app_chimera/m/00000011/dl-MapsCoreDynamite.integ_260830202100800.apk has no usable artifacts
06-29 17:42:42.273 I/artd    ( 2355): GetBestInfo: /data/user_de/0/com.google.android.gms/app_chimera/m/00000014/dl-PlayCloudSearch.optional_262233100000.apk has no usable artifacts
06-29 17:42:42.275 I/artd    ( 2355): GetBestInfo: vdex next to the dex file (/data/user/0/com.google.android.gms/app_dg_cache/9BCBC14EE674B00B958D4B0C5B4BD883630AA39E/oat/x86_64/the.vdex) is kOatUpToDate with filter 'verify' executable 'false'
06-29 17:42:42.276 I/artd    ( 2355): GetBestInfo: /data/user_de/0/com.google.android.gms/app_chimera/m/0000000f/dl-PlayCloudSearch.optional_253434100000.apk has no usable artifacts
06-29 17:42:42.277 I/artd    ( 2355): GetBestInfo: vdex next to the dex file (/data/user/0/com.google.android.gms/app_dg_cache/FEE57AEA14526BE59FD8AB1365237E7B7A5CE7CB/oat/x86_64/the.vdex) is kOatUpToDate with filter 'verify' executable 'false'
06-29 17:42:42.278 I/artd    ( 2355): GetBestInfo: /data/user_de/0/com.google.android.gms/app_chimera/m/00000007/MeasurementDynamite.apk has no usable artifacts
06-29 17:42:43.802 I/HalDevMgr(  774): bestIfaceCreationProposal is null, requestIface=STA, existingIface=[name=wlan0 type=STA]
06-29 17:42:44.403 W/libbinder.BackendUnifiedServiceManager(12342): Thread Pool max thread count is 0. Cannot cache binder as linkToDeath cannot be implemented. serviceName: activity
06-29 17:42:46.809 I/HalDevMgr(  774): bestIfaceCreationProposal is null, requestIface=STA, existingIface=[name=wlan0 type=STA]
06-29 17:42:47.368 D/SatelliteController( 1175): iisInCarrierRoamingNbIotNtn: satellite is disabled
06-29 17:42:47.369 D/SatelliteController( 1175): getCarrierRoamingNtnConnectType: Falling back to global carrier config connect type: 0
06-29 17:42:48.020 I/wpa_supplicant( 1017): wlan0: CTRL-EVENT-BEACON-LOSS
06-29 17:42:49.166 W/libbinder.BackendUnifiedServiceManager(12361): Thread Pool max thread count is 0. Cannot cache binder as linkToDeath cannot be implemented. serviceName: SurfaceFlinger
06-29 17:42:49.268 W/libbinder.BackendUnifiedServiceManager(12366): Thread Pool max thread count is 0. Cannot cache binder as linkToDeath cannot be implemented. serviceName: SurfaceFlingerAIDL
06-29 17:42:49.268 W/libbinder.BpBinder(12366): Linking to death on android.gui.ISurfaceComposer but there are no threads (yet?) listening to incoming transactions. See ProcessState::startThreadPool and ProcessState::setThreadPoolMaxThreadCount. Generally you should setup the binder threadpool before other initialization steps.
06-29 17:42:49.269 W/libbinder.ProcessState(12366): Extra binder thread started, but 0 threads requested. Do not use *startThreadPool when zero threads are requested.
06-29 17:42:49.821 I/HalDevMgr(  774): bestIfaceCreationProposal is null, requestIface=STA, existingIface=[name=wlan0 type=STA]
06-29 17:42:52.216 W/libbinder.BackendUnifiedServiceManager(12368): Thread Pool max thread count is 0. Cannot cache binder as linkToDeath cannot be implemented. serviceName: package
06-29 17:42:52.267 I/artd    ( 2355): GetBestInfo: odex next to the dex file (/data/app/~~nz06JUVmD3lFGTqnpM8Qsw==/com.google.android.gms-T2NhbCu_cuDL-R-idLgIRg==/oat/x86_64/base.odex) is kOatUpToDate with filter 'speed-profile' executable 'false'
06-29 17:42:52.270 I/artd    ( 2355): GetBestInfo: odex next to the dex file (/data/app/~~nz06JUVmD3lFGTqnpM8Qsw==/com.google.android.gms-T2NhbCu_cuDL-R-idLgIRg==/oat/x86_64/split_AdsDynamite_installtime.odex) is kOatUpToDate with filter 'speed' executable 'false'
06-29 17:42:52.271 I/artd    ( 2355): GetBestInfo: odex next to the dex file (/data/app/~~nz06JUVmD3lFGTqnpM8Qsw==/com.google.android.gms-T2NhbCu_cuDL-R-idLgIRg==/oat/x86_64/split_CronetDynamite_installtime.odex) is kOatUpToDate with filter 'speed' executable 'false'
06-29 17:42:52.273 I/artd    ( 2355): GetBestInfo: odex next to the dex file (/data/app/~~nz06JUVmD3lFGTqnpM8Qsw==/com.google.android.gms-T2NhbCu_cuDL-R-idLgIRg==/oat/x86_64/split_DynamiteLoader_installtime.odex) is kOatUpToDate with filter 'speed' executable 'false'
06-29 17:42:52.275 I/artd    ( 2355): GetBestInfo: odex next to the dex file (/data/app/~~nz06JUVmD3lFGTqnpM8Qsw==/com.google.android.gms-T2NhbCu_cuDL-R-idLgIRg==/oat/x86_64/split_DynamiteModulesA_installtime.odex) is kOatUpToDate with filter 'speed' executable 'false'
06-29 17:42:52.277 I/artd    ( 2355): GetBestInfo: odex next to the dex file (/data/app/~~nz06JUVmD3lFGTqnpM8Qsw==/com.google.android.gms-T2NhbCu_cuDL-R-idLgIRg==/oat/x86_64/split_DynamiteModulesC_installtime.odex) is kOatUpToDate with filter 'speed' executable 'false'
06-29 17:42:52.279 I/artd    ( 2355): GetBestInfo: odex next to the dex file (/data/app/~~nz06JUVmD3lFGTqnpM8Qsw==/com.google.android.gms-T2NhbCu_cuDL-R-idLgIRg==/oat/x86_64/split_GoogleCertificates_installtime.odex) is kOatUpToDate with filter 'speed' executable 'false'
06-29 17:42:52.280 I/artd    ( 2355): GetBestInfo: odex next to the dex file (/data/app/~~nz06JUVmD3lFGTqnpM8Qsw==/com.google.android.gms-T2NhbCu_cuDL-R-idLgIRg==/oat/x86_64/split_MapsDynamite_installtime.odex) is kOatUpToDate with filter 'speed' executable 'false'
06-29 17:42:52.282 I/artd    ( 2355): GetBestInfo: odex next to the dex file (/data/app/~~nz06JUVmD3lFGTqnpM8Qsw==/com.google.android.gms-T2NhbCu_cuDL-R-idLgIRg==/oat/x86_64/split_MeasurementDynamite_installtime.odex) is kOatUpToDate with filter 'speed' executable 'false'
06-29 17:42:52.285 I/artd    ( 2355): GetBestInfo: /data/user_de/0/com.google.android.gms/app_chimera/m/0000000b/dl-MlkitBarcodeUi.optional_253434100800.apk has no usable artifacts
06-29 17:42:52.286 I/artd    ( 2355): GetBestInfo: /data/user_de/0/com.google.android.gms/app_chimera/m/00000013/dl-MlkitOcrCommon.optional_262233100800.apk has no usable artifacts
06-29 17:42:52.288 I/artd    ( 2355): GetBestInfo: /data/user_de/0/com.google.android.gms/app_chimera/m/00000008/dl-Appsearch.optional_253434100800.apk has no usable artifacts
06-29 17:42:52.289 I/artd    ( 2355): GetBestInfo: /data/user_de/0/com.google.android.gms/app_chimera/m/00000001/CronetDynamite.apk has no usable artifacts
06-29 17:42:52.289 I/artd    ( 2355): GetBestInfo: /data/user_de/0/com.google.android.gms/app_chimera/m/00000002/DynamiteLoader.apk has no usable artifacts
06-29 17:42:52.290 I/artd    ( 2355): GetBestInfo: /data/user_de/0/com.google.android.gms/app_chimera/m/00000018/dl-IdentityCredentialsPlatform.optional_262233100800.apk has no usable artifacts
06-29 17:42:52.293 I/artd    ( 2355): GetBestInfo: /data/user_de/0/com.google.android.gms/app_chimera/m/0000000d/dl-VisionOcr.optional_253434100000.apk has no usable artifacts
06-29 17:42:52.293 I/artd    ( 2355): GetBestInfo: /data/user_de/0/com.google.android.gms/app_chimera/m/00000005/GoogleCertificates.apk has no usable artifacts
06-29 17:42:52.295 I/artd    ( 2355): GetBestInfo: /data/user_de/0/com.google.android.gms/app_chimera/m/0000000a/dl-TfliteDynamiteDynamite.integ_260580502100800.apk has no usable artifacts
06-29 17:42:52.296 I/artd    ( 2355): GetBestInfo: /data/user_de/0/com.google.android.gms/app_chimera/m/00000012/dl-MlkitBarcodeUi.optional_262233100800.apk has no usable artifacts
06-29 17:42:52.298 I/artd    ( 2355): GetBestInfo: /data/user_de/0/com.google.android.gms/app_chimera/m/00000015/dl-VisionOcr.optional_262233100000.apk has no usable artifacts
06-29 17:42:52.299 I/artd    ( 2355): GetBestInfo: /data/user_de/0/com.google.android.gms/app_chimera/m/00000016/dl-Appsearch.optional_262233100800.apk has no usable artifacts
06-29 17:42:52.302 I/artd    ( 2355): GetBestInfo: /data/user_de/0/com.google.android.gms/app_chimera/m/0000000e/dl-MlkitOcrCommon.optional_253434100800.apk has no usable artifacts
06-29 17:42:52.302 I/artd    ( 2355): GetBestInfo: /data/user_de/0/com.google.android.gms/app_chimera/m/00000011/dl-MapsCoreDynamite.integ_260830202100800.apk has no usable artifacts
06-29 17:42:52.303 I/artd    ( 2355): GetBestInfo: /data/user_de/0/com.google.android.gms/app_chimera/m/00000014/dl-PlayCloudSearch.optional_262233100000.apk has no usable artifacts
06-29 17:42:52.306 I/artd    ( 2355): GetBestInfo: vdex next to the dex file (/data/user/0/com.google.android.gms/app_dg_cache/9BCBC14EE674B00B958D4B0C5B4BD883630AA39E/oat/x86_64/the.vdex) is kOatUpToDate with filter 'verify' executable 'false'
06-29 17:42:52.308 I/artd    ( 2355): GetBestInfo: /data/user_de/0/com.google.android.gms/app_chimera/m/0000000f/dl-PlayCloudSearch.optional_253434100000.apk has no usable artifacts
06-29 17:42:52.310 I/artd    ( 2355): GetBestInfo: vdex next to the dex file (/data/user/0/com.google.android.gms/app_dg_cache/FEE57AEA14526BE59FD8AB1365237E7B7A5CE7CB/oat/x86_64/the.vdex) is kOatUpToDate with filter 'verify' executable 'false'
06-29 17:42:52.312 I/artd    ( 2355): GetBestInfo: /data/user_de/0/com.google.android.gms/app_chimera/m/00000007/MeasurementDynamite.apk has no usable artifacts
06-29 17:42:52.827 I/HalDevMgr(  774): bestIfaceCreationProposal is null, requestIface=STA, existingIface=[name=wlan0 type=STA]
06-29 17:42:54.939 D/AndroidRuntime(12378): >>>>>> START com.android.internal.os.RuntimeInit uid 2000 <<<<<<
06-29 17:42:54.945 I/AndroidRuntime(12378): Using default boot image
06-29 17:42:54.945 I/AndroidRuntime(12378): Leaving lock profiling enabled
06-29 17:42:54.948 I/app_process(12378): Using CollectorTypeCMC GC.
06-29 17:42:55.090 D/nativeloader(12378): InitDefaultPublicLibraries for_preload=1: libandroid.so:libaaudio.so:libamidi.so:libbinder_ndk.so:libc.so:libcamera2ndk.so:libdl.so:libEGL.so:libGLESv1_CM.so:libGLESv2.so:libGLESv3.so:libicu.so:libicui18n.so:libicuuc.so:libjnigraphics.so:liblog.so:libmediandk.so:libm.so:libnativehelper.so:libnativewindow.so:libOpenMAXAL.so:libOpenSLES.so:libRS.so:libstdc++.so:libsync.so:libvulkan.so:libwebviewchromium_plat_support.so:libz.so
06-29 17:42:55.103 D/nativeloader(12378): Load libicu_jni.so using APEX ns com_android_art for caller /apex/com.android.art/javalib/core-oj.jar: ok
06-29 17:42:55.104 D/app_process(12378): u_setTimeZoneFilesDirectory("/apex/com.android.tzdata/etc/tz/versioned/9/icu") succeeded.
06-29 17:42:55.104 D/app_process(12378): I18n APEX ICU file found: /apex/com.android.i18n/etc/icu/icudt76l.dat
06-29 17:42:55.105 D/nativeloader(12378): Load libjavacore.so using APEX ns com_android_art for caller /apex/com.android.art/javalib/core-oj.jar: ok
06-29 17:42:55.106 D/nativeloader(12378): Load libopenjdk.so using APEX ns com_android_art for caller /apex/com.android.art/javalib/core-oj.jar: ok
06-29 17:42:55.107 I/app_process(12378): Priority-to-niceness mapping: 19, 16, 13, 10, 0, -2, -4, -5, -6, -8
06-29 17:42:55.108 W/app_process(12378): Unexpected CPU variant for x86: x86_64.
06-29 17:42:55.108 W/app_process(12378): Known variants: atom, sandybridge, silvermont, goldmont, goldmont-plus, goldmont-without-sha-xsaves, tremont, kabylake, alderlake, default
06-29 17:42:55.112 W/app_process(12378): ClassLoaderContext shared library size mismatch. Expected=2, found=0 (PCL[]{PCL[/system/framework/android.test.base.jar*1653369819]#PCL[/system/framework/android.test.mock.jar*1009639922]} | PCL[])
06-29 17:42:55.115 W/app_process(12378): ClassLoaderContext classpath size mismatch. expected=0, found=1 (PCL[]{PCL[/system/framework/android.test.runner.jar*3954641918]{PCL[/system/framework/android.test.base.jar*1653369819]#PCL[/system/framework/android.test.mock.jar*1009639922]}#PCL[/system/framework/android.test.base.jar*1653369819]} | PCL[/system/framework/android.test.runner.jar*3954641918])
06-29 17:42:55.150 D/nativeloader(12378): Load libframework-connectivity-tiramisu-jni.so using APEX ns com_android_tethering for caller /apex/com.android.tethering/javalib/framework-connectivity-t.jar: ok
06-29 17:42:55.150 D/AndroidRuntime(12378): Calling main entry com.android.commands.uiautomator.Launcher
06-29 17:42:55.159 I/AconfigPackage(12378): android.media.swcodec.flags is mapped to com.android.media.swcodec
06-29 17:42:55.159 I/AconfigPackage(12378): com.android.permission.flags is mapped to com.android.permission
06-29 17:42:55.159 I/AconfigPackage(12378): com.android.permissioncontroller.flags is mapped to com.android.permission
06-29 17:42:55.159 I/AconfigPackage(12378): com.android.icu is mapped to com.android.i18n
06-29 17:42:55.160 I/AconfigPackage(12378): com.android.appsearch.flags is mapped to com.android.appsearch
06-29 17:42:55.160 I/AconfigPackage(12378): android.uprobestats.mainline.flags is mapped to com.android.uprobestats
06-29 17:42:55.160 I/AconfigPackage(12378): com.android.crashrecovery.flags is mapped to com.android.crashrecovery
06-29 17:42:55.160 I/AconfigPackage(12378): android.provider.flags is mapped to com.android.configinfrastructure
06-29 17:42:55.160 I/AconfigPackage(12378): com.android.server.deviceconfig is mapped to com.android.configinfrastructure
06-29 17:42:55.160 I/AconfigPackage(12378): com.android.compos.flags is mapped to com.android.compos
06-29 17:42:55.160 I/AconfigPackage(12378): com.android.art.flags is mapped to com.android.art
06-29 17:42:55.160 I/AconfigPackage(12378): com.android.art.rw.flags is mapped to com.android.art
06-29 17:42:55.160 I/AconfigPackage(12378): com.android.libcore is mapped to com.android.art
06-29 17:42:55.161 I/AconfigPackage(12378): com.android.telephony.flags is mapped to com.android.telephonycore
06-29 17:42:55.161 I/AconfigPackage(12378): com.android.media.extractor.flags is mapped to com.android.media
06-29 17:42:55.161 I/AconfigPackage(12378): com.android.media.mainline.flags is mapped to com.android.media
06-29 17:42:55.161 I/AconfigPackage(12378): com.android.wifi.flags is mapped to com.android.wifi
06-29 17:42:55.161 I/AconfigPackage(12378): com.android.org.conscrypt.flags is mapped to com.android.conscrypt
06-29 17:42:55.161 I/AconfigPackage(12378): com.android.org.conscrypt.net.flags is mapped to com.android.conscrypt
06-29 17:42:55.161 I/AconfigPackage(12378): com.android.healthfitness.flags is mapped to com.android.healthfitness
06-29 17:42:55.162 I/AconfigPackage(12378): com.android.ipsec.flags is mapped to com.android.ipsec
06-29 17:42:55.162 I/AconfigPackage(12378): com.android.nfc.module.flags is mapped to com.android.nfcservices
06-29 17:42:55.162 I/AconfigPackage(12378): com.android.adservices.ondevicepersonalization.flags is mapped to com.android.ondevicepersonalization
06-29 17:42:55.162 I/AconfigPackage(12378): com.android.adbd.flags is mapped to com.android.adbd
06-29 17:42:55.162 I/AconfigPackage(12378): com.android.bluetooth.flags is mapped to com.android.bt
06-29 17:42:55.162 I/AconfigPackage(12378): com.android.devicelock.flags is mapped to com.android.devicelock
06-29 17:42:55.163 I/AconfigPackage(12378): android.os.profiling is mapped to com.android.profiling
06-29 17:42:55.163 I/AconfigPackage(12378): android.os.profiling.anomaly.flags is mapped to com.android.profiling
06-29 17:42:55.163 I/AconfigPackage(12378): com.android.os.statsd.flags is mapped to com.android.os.statsd
06-29 17:42:55.163 I/AconfigPackage(12378): com.android.rkpd.flags is mapped to com.android.rkpd
06-29 17:42:55.163 I/AconfigPackage(12378): com.android.cellbroadcastreceiver.flags is mapped to com.android.cellbroadcast
06-29 17:42:55.163 I/AconfigPackage(12378): com.android.adservices.flags is mapped to com.android.adservices
06-29 17:42:55.163 I/AconfigPackage(12378): com.android.sdksandbox.flags is mapped to com.android.adservices
06-29 17:42:55.163 I/AconfigPackage(12378): com.android.uwb.flags is mapped to com.android.uwb
06-29 17:42:55.163 I/AconfigPackage(12378): com.android.ranging.flags is mapped to com.android.uwb
06-29 17:42:55.164 I/AconfigPackage(12378): android.graphics.pdf.flags is mapped to com.android.mediaprovider
06-29 17:42:55.164 I/AconfigPackage(12378): com.android.providers.media.flags is mapped to com.android.mediaprovider
06-29 17:42:55.164 I/AconfigPackage(12378): android.graphics.pdf.flags.readonly is mapped to com.android.mediaprovider
06-29 17:42:55.164 I/AconfigPackage(12378): com.android.tethering.mainline.beta is mapped to com.android.tethering
06-29 17:42:55.164 I/AconfigPackage(12378): android.net.http is mapped to com.android.tethering
06-29 17:42:55.164 I/AconfigPackage(12378): com.android.tethering.readonly.flags is mapped to com.android.tethering
06-29 17:42:55.164 I/AconfigPackage(12378): android.net.vcn is mapped to com.android.tethering
06-29 17:42:55.164 I/AconfigPackage(12378): com.android.net.flags is mapped to com.android.tethering
06-29 17:42:55.164 I/AconfigPackage(12378): com.android.tethering.beta.test is mapped to com.android.tethering
06-29 17:42:55.164 I/AconfigPackage(12378): com.android.nearby.flags is mapped to com.android.tethering
06-29 17:42:55.164 I/AconfigPackage(12378): com.android.net.ct.flags is mapped to com.android.tethering
06-29 17:42:55.164 I/AconfigPackage(12378): com.android.net.thread.flags is mapped to com.android.tethering
06-29 17:42:55.164 I/AconfigPackage(12378): com.android.system.virtualmachine.flags is mapped to com.android.virt
06-29 17:42:55.164 E/FeatureFlagsImplExport(12378): android.os.flagging.AconfigStorageReadException: ERROR_PACKAGE_NOT_FOUND: package android.xr cannot be found on the device
06-29 17:42:55.167 D/UiAutomationConnection(12378): Created on user UserHandle{0}
06-29 17:42:55.167 I/UiAutomation(12378): Initialized for user 0 on display 0
06-29 17:42:55.168 W/UiAutomation(12378): Created with deprecatead constructor, assumes DEFAULT_DISPLAY
06-29 17:42:55.171 D/AccessibilityManagerService(  774): changeCurrentUserForTestAutomationIfNeededLocked(0): ignoring because device doesn't support visible background users
06-29 17:42:55.171 I/UiAutomationManager(  774): Registering UiTestAutomationService (id=com.android.server.accessibility/UiAutomation, flags=0x0) when called by user 0
06-29 17:42:55.173 V/AccessibilityManagerService(  774): onUserStateChangedLocked for userId: 0, forceUpdate: false
06-29 17:42:55.176 V/AccessibilityUserState(  774): updateShortcutTargets: type:accessibility_shortcut_target_service, current:{}, new:{}
06-29 17:42:55.176 V/AccessibilityUserState(  774): updateShortcutTargets: type:accessibility_button_targets, current:{}, new:{}
06-29 17:42:55.176 V/AccessibilityUserState(  774): updateShortcutTargets: type:accessibility_gesture_targets, current:{}, new:{}
06-29 17:42:55.176 V/AccessibilityUserState(  774): updateShortcutTargets: type:accessibility_qs_targets, current:{}, new:{}
06-29 17:42:55.176 V/AccessibilityUserState(  774): updateShortcutTargets: type:accessibility_key_gesture_targets, current:{}, new:{}
06-29 17:42:55.177 W/MagnificationConnectionManager(  774): requestConnection duplicated request: connect=false, mConnectionState=DISCONNECTED
06-29 17:42:55.178 I/AiAiEcho( 1633): Settings changed for uri: content://settings/secure/accessibility_enabled
06-29 17:42:55.181 W/libbinder.IPCThreadState(  774): Sending oneway calls to frozen process.
06-29 17:42:55.182 W/libbinder.IPCThreadState(  774): Sending oneway calls to frozen process.
06-29 17:42:55.182 W/libbinder.IPCThreadState(  774): Sending oneway calls to frozen process.
06-29 17:42:55.182 W/libbinder.IPCThreadState(  774): Sending oneway calls to frozen process.
06-29 17:42:55.182 W/libbinder.IPCThreadState(  774): Sending oneway calls to frozen process.
06-29 17:42:55.182 W/libbinder.IPCThreadState(  774): Sending oneway calls to frozen process.
06-29 17:42:55.183 W/libbinder.IPCThreadState(  774): Sending oneway calls to frozen process.
06-29 17:42:55.183 W/libbinder.IPCThreadState(  774): Sending oneway calls to frozen process.
06-29 17:42:55.183 W/libbinder.IPCThreadState(  774): Sending oneway calls to frozen process.
06-29 17:42:55.183 W/libbinder.IPCThreadState(  774): Sending oneway calls to frozen process.
06-29 17:42:55.183 W/libbinder.IPCThreadState(  774): Sending oneway calls to frozen process.
06-29 17:42:55.183 W/libbinder.IPCThreadState(  774): Sending oneway calls to frozen process.
06-29 17:42:55.183 W/libbinder.IPCThreadState(  774): Sending oneway calls to frozen process.
06-29 17:42:55.183 W/libbinder.IPCThreadState(  774): Sending oneway calls to frozen process.
06-29 17:42:55.183 W/libbinder.IPCThreadState(  774): Sending oneway calls to frozen process.
06-29 17:42:55.183 W/libbinder.IPCThreadState(  774): Sending oneway calls to frozen process.
06-29 17:42:55.184 W/libbinder.IPCThreadState(  774): Sending oneway calls to frozen process.
06-29 17:42:55.184 W/libbinder.IPCThreadState(  774): Sending oneway calls to frozen process.
06-29 17:42:55.184 W/libbinder.IPCThreadState(  774): Sending oneway calls to frozen process.
06-29 17:42:55.184 W/libbinder.IPCThreadState(  774): Sending oneway calls to frozen process.
06-29 17:42:55.184 W/libbinder.IPCThreadState(  774): Sending oneway calls to frozen process.
06-29 17:42:55.184 W/libbinder.IPCThreadState(  774): Sending oneway calls to frozen process.
06-29 17:42:55.185 V/AccessibilityManagerService(  774): onUserStateChangedLocked for userId: 0, forceUpdate: false
06-29 17:42:55.185 V/AccessibilityUserState(  774): updateShortcutTargets: type:accessibility_shortcut_target_service, current:{}, new:{}
06-29 17:42:55.185 V/AccessibilityUserState(  774): updateShortcutTargets: type:accessibility_button_targets, current:{}, new:{}
06-29 17:42:55.185 V/AccessibilityUserState(  774): updateShortcutTargets: type:accessibility_gesture_targets, current:{}, new:{}
06-29 17:42:55.185 V/AccessibilityUserState(  774): updateShortcutTargets: type:accessibility_qs_targets, current:{}, new:{}
06-29 17:42:55.185 V/AccessibilityUserState(  774): updateShortcutTargets: type:accessibility_key_gesture_targets, current:{}, new:{}
06-29 17:42:55.185 W/MagnificationConnectionManager(  774): requestConnection duplicated request: connect=false, mConnectionState=DISCONNECTED
06-29 17:42:55.185 W/libbinder.IPCThreadState(  774): Sending oneway calls to frozen process.
06-29 17:42:55.185 W/libbinder.IPCThreadState(  774): Sending oneway calls to frozen process.
06-29 17:42:55.185 W/libbinder.IPCThreadState(  774): Sending oneway calls to frozen process.
06-29 17:42:55.185 W/libbinder.IPCThreadState(  774): Sending oneway calls to frozen process.
06-29 17:42:55.185 W/libbinder.IPCThreadState(  774): Sending oneway calls to frozen process.
06-29 17:42:55.185 W/libbinder.IPCThreadState(  774): Sending oneway calls to frozen process.
06-29 17:42:55.185 W/libbinder.IPCThreadState(  774): Sending oneway calls to frozen process.
06-29 17:42:55.185 W/libbinder.IPCThreadState(  774): Sending oneway calls to frozen process.
06-29 17:42:55.186 W/libbinder.IPCThreadState(  774): Sending oneway calls to frozen process.
06-29 17:42:55.186 W/libbinder.IPCThreadState(  774): Sending oneway calls to frozen process.
06-29 17:42:55.186 W/libbinder.IPCThreadState(  774): Sending oneway calls to frozen process.
06-29 17:42:55.186 W/libbinder.IPCThreadState(  774): Sending oneway calls to frozen process.
06-29 17:42:55.186 W/libbinder.IPCThreadState(  774): Sending oneway calls to frozen process.
06-29 17:42:55.186 W/libbinder.IPCThreadState(  774): Sending oneway calls to frozen process.
06-29 17:42:55.186 W/libbinder.IPCThreadState(  774): Sending oneway calls to frozen process.
06-29 17:42:55.186 W/libbinder.IPCThreadState(  774): Sending oneway calls to frozen process.
06-29 17:42:55.186 W/libbinder.IPCThreadState(  774): Sending oneway calls to frozen process.
06-29 17:42:55.186 W/libbinder.IPCThreadState(  774): Sending oneway calls to frozen process.
06-29 17:42:55.186 W/libbinder.IPCThreadState(  774): Sending oneway calls to frozen process.
06-29 17:42:55.186 W/libbinder.IPCThreadState(  774): Sending oneway calls to frozen process.
06-29 17:42:55.186 W/libbinder.IPCThreadState(  774): Sending oneway calls to frozen process.
06-29 17:42:55.186 W/libbinder.IPCThreadState(  774): Sending oneway calls to frozen process.
06-29 17:42:55.186 W/libbinder.IPCThreadState(  774): Sending oneway calls to frozen process.
06-29 17:42:55.186 W/libbinder.IPCThreadState(  774): Sending oneway calls to frozen process.
06-29 17:42:55.186 W/libbinder.IPCThreadState(  774): Sending oneway calls to frozen process.
06-29 17:42:55.186 W/libbinder.IPCThreadState(  774): Sending oneway calls to frozen process.
06-29 17:42:55.186 W/libbinder.IPCThreadState(  774): Sending oneway calls to frozen process.
06-29 17:42:55.186 W/libbinder.IPCThreadState(  774): Sending oneway calls to frozen process.
06-29 17:42:55.186 W/libbinder.IPCThreadState(  774): Sending oneway calls to frozen process.
06-29 17:42:55.186 W/libbinder.IPCThreadState(  774): Sending oneway calls to frozen process.
06-29 17:42:55.186 W/libbinder.IPCThreadState(  774): Sending oneway calls to frozen process.
06-29 17:42:55.186 W/libbinder.IPCThreadState(  774): Sending oneway calls to frozen process.
06-29 17:42:55.186 W/libbinder.IPCThreadState(  774): Sending oneway calls to frozen process.
06-29 17:42:55.187 D/BatterySaverPolicy(  774): accessibility changed to true, updating policy.
06-29 17:42:55.188 I/AiAiEcho( 1633): Settings changed for uri: content://settings/secure/accessibility_enabled
06-29 17:42:55.195 D/AccessibilityManagerService(  774): .getAccessibilityShortcutTargets {shortcutType=32, userId=0}
06-29 17:42:55.832 I/HalDevMgr(  774): bestIfaceCreationProposal is null, requestIface=STA, existingIface=[name=wlan0 type=STA]
06-29 17:42:55.957 I/wpa_supplicant( 1017): wlan0: CTRL-EVENT-BEACON-LOSS
06-29 17:42:56.245 I/AccessibilityNodeInfoDumper(12378): Skipping invisible child: android.view.accessibility.AccessibilityNodeInfo@87a08; boundsInParent: Rect(0, 0 - 1080, 0); boundsInScreen: Rect(0, 0 - 1080, 0); boundsInWindow: Rect(0, 0 - 1080, 0); packageName: bo.rastro.app; className: android.widget.LinearLayout; text: null; error: null; maxTextLength: -1; stateDescription: null; contentDescription: null; tooltipText: null; containerTitle: null; viewIdResName: null; uniqueId: null; checkable: false; checked: false; focusable: false; focused: false; selected: false; clickable: false; longClickable: false; contextClickable: false; enabled: true; password: false; scrollable: false; granularScrollingSupported: false; importantForAccessibility: false; visible: false; actions: [AccessibilityAction: ACTION_SELECT - null, AccessibilityAction: ACTION_CLEAR_SELECTION - null, AccessibilityAction: ACTION_ACCESSIBILITY_FOCUS - null, AccessibilityAction: ACTION_SHOW_ON_SCREEN - null]; isTextSelectable: false
06-29 17:42:56.250 I/AccessibilityNodeInfoDumper(12378): Skipping invisible child: android.view.accessibility.AccessibilityNodeInfo@87647; boundsInParent: Rect(0, 0 - 1080, 0); boundsInScreen: Rect(0, 0 - 1080, 0); boundsInWindow: Rect(0, 0 - 1080, 0); packageName: bo.rastro.app; className: android.view.ViewGroup; text: null; error: null; maxTextLength: -1; stateDescription: null; contentDescription: null; tooltipText: null; containerTitle: null; viewIdResName: null; uniqueId: null; checkable: false; checked: false; focusable: false; focused: false; selected: false; clickable: false; longClickable: false; contextClickable: false; enabled: true; password: false; scrollable: false; granularScrollingSupported: false; importantForAccessibility: false; visible: false; actions: [AccessibilityAction: ACTION_SELECT - null, AccessibilityAction: ACTION_CLEAR_SELECTION - null, AccessibilityAction: ACTION_ACCESSIBILITY_FOCUS - null, AccessibilityAction: ACTION_SHOW_ON_SCREEN - null]; isTextSelectable: false
06-29 17:42:56.254 I/AccessibilityNodeInfoDumper(12378): Skipping invisible child: android.view.accessibility.AccessibilityNodeInfo@87dc9; boundsInParent: Rect(0, 0 - 0, 147); boundsInScreen: Rect(1080, 63 - 1080, 210); boundsInWindow: Rect(1080, 63 - 1080, 210); packageName: bo.rastro.app; className: androidx.appcompat.widget.LinearLayoutCompat; text: null; error: null; maxTextLength: -1; stateDescription: null; contentDescription: null; tooltipText: null; containerTitle: null; viewIdResName: null; uniqueId: null; checkable: false; checked: false; focusable: false; focused: false; selected: false; clickable: false; longClickable: false; contextClickable: false; enabled: true; password: false; scrollable: false; granularScrollingSupported: false; importantForAccessibility: false; visible: false; actions: [AccessibilityAction: ACTION_SELECT - null, AccessibilityAction: ACTION_CLEAR_SELECTION - null, AccessibilityAction: ACTION_ACCESSIBILITY_FOCUS - null, AccessibilityAction: ACTION_SHOW_ON_SCREEN - null]; isTextSelectable: false
06-29 17:42:56.256 I/AccessibilityNodeInfoDumper(12378): Skipping invisible child: android.view.accessibility.AccessibilityNodeInfo@7eb62; boundsInParent: Rect(0, 0 - 1080, 0); boundsInScreen: Rect(0, 210 - 1080, 0); boundsInWindow: Rect(0, 210 - 1080, 0); packageName: bo.rastro.app; className: android.view.ViewGroup; text: null; error: null; maxTextLength: -1; stateDescription: null; contentDescription: null; tooltipText: null; containerTitle: null; viewIdResName: null; uniqueId: null; checkable: false; checked: false; focusable: false; focused: false; selected: false; clickable: false; longClickable: false; contextClickable: false; enabled: true; password: false; scrollable: false; granularScrollingSupported: false; importantForAccessibility: false; visible: false; actions: [AccessibilityAction: ACTION_SELECT - null, AccessibilityAction: ACTION_CLEAR_SELECTION - null, AccessibilityAction: ACTION_ACCESSIBILITY_FOCUS - null, AccessibilityAction: ACTION_SHOW_ON_SCREEN - null]; isTextSelectable: false
06-29 17:42:56.258 I/AccessibilityNodeInfoDumper(12378): Skipping invisible child: android.view.accessibility.AccessibilityNodeInfo@7c5d8; boundsInParent: Rect(0, 0 - 986, 0); boundsInScreen: Rect(47, 257 - 1033, 257); boundsInWindow: Rect(47, 257 - 1033, 257); packageName: bo.rastro.app; className: android.view.ViewGroup; text: null; error: null; maxTextLength: -1; stateDescription: null; contentDescription: null; tooltipText: null; containerTitle: null; viewIdResName: null; uniqueId: null; checkable: false; checked: false; focusable: false; focused: false; selected: false; clickable: false; longClickable: false; contextClickable: false; enabled: true; password: false; scrollable: false; granularScrollingSupported: false; importantForAccessibility: false; visible: false; actions: [AccessibilityAction: ACTION_SELECT - null, AccessibilityAction: ACTION_CLEAR_SELECTION - null, AccessibilityAction: ACTION_ACCESSIBILITY_FOCUS - null, AccessibilityAction: ACTION_SHOW_ON_SCREEN - null]; isTextSelectable: false
06-29 17:42:56.266 I/AccessibilityNodeInfoDumper(12378): Skipping invisible child: android.view.accessibility.AccessibilityNodeInfo@7c217; boundsInParent: Rect(0, 0 - 0, 0); boundsInScreen: Rect(0, 26250210 - 0, 1080); boundsInWindow: Rect(0, 26250210 - 0, 1080); packageName: bo.rastro.app; className: android.view.ViewGroup; text: null; error: null; maxTextLength: -1; stateDescription: null; contentDescription: null; tooltipText: null; containerTitle: null; viewIdResName: null; uniqueId: null; checkable: false; checked: false; focusable: false; focused: false; selected: false; clickable: false; longClickable: false; contextClickable: false; enabled: true; password: false; scrollable: false; granularScrollingSupported: false; importantForAccessibility: false; visible: false; actions: [AccessibilityAction: ACTION_SELECT - null, AccessibilityAction: ACTION_CLEAR_SELECTION - null, AccessibilityAction: ACTION_ACCESSIBILITY_FOCUS - null, AccessibilityAction: ACTION_SHOW_ON_SCREEN - null]; isTextSelectable: false
06-29 17:42:56.272 I/AccessibilityNodeInfoDumper(12378): Skipping invisible child: android.view.accessibility.AccessibilityNodeInfo@8096a; boundsInParent: Rect(0, 0 - 168, 84); boundsInScreen: Rect(101, 2190 - 169, 2274); boundsInWindow: Rect(101, 2190 - 169, 2274); packageName: bo.rastro.app; className: android.view.View; text: null; error: null; maxTextLength: -1; stateDescription: null; contentDescription: null; tooltipText: null; containerTitle: null; viewIdResName: bo.rastro.app:id/navigation_bar_item_active_indicator_view; uniqueId: null; checkable: false; checked: false; focusable: false; focused: false; selected: false; clickable: false; longClickable: false; contextClickable: false; enabled: true; password: false; scrollable: false; granularScrollingSupported: false; importantForAccessibility: false; visible: false; actions: [AccessibilityAction: ACTION_SELECT - null, AccessibilityAction: ACTION_CLEAR_SELECTION - null, AccessibilityAction: ACTION_ACCESSIBILITY_FOCUS - null, AccessibilityAction: ACTION_SHOW_ON_SCREEN - null]; isTextSelectable: false
06-29 17:42:56.279 I/AccessibilityNodeInfoDumper(12378): Skipping invisible child: android.view.accessibility.AccessibilityNodeInfo@83df8; boundsInParent: Rect(0, 0 - 168, 84); boundsInScreen: Rect(641, 2190 - 709, 2274); boundsInWindow: Rect(641, 2190 - 709, 2274); packageName: bo.rastro.app; className: android.view.View; text: null; error: null; maxTextLength: -1; stateDescription: null; contentDescription: null; tooltipText: null; containerTitle: null; viewIdResName: bo.rastro.app:id/navigation_bar_item_active_indicator_view; uniqueId: null; checkable: false; checked: false; focusable: false; focused: false; selected: false; clickable: false; longClickable: false; contextClickable: false; enabled: true; password: false; scrollable: false; granularScrollingSupported: false; importantForAccessibility: false; visible: false; actions: [AccessibilityAction: ACTION_SELECT - null, AccessibilityAction: ACTION_CLEAR_SELECTION - null, AccessibilityAction: ACTION_ACCESSIBILITY_FOCUS - null, AccessibilityAction: ACTION_SHOW_ON_SCREEN - null]; isTextSelectable: false
06-29 17:42:56.282 I/AccessibilityNodeInfoDumper(12378): Skipping invisible child: android.view.accessibility.AccessibilityNodeInfo@8583f; boundsInParent: Rect(0, 0 - 168, 84); boundsInScreen: Rect(911, 2190 - 979, 2274); boundsInWindow: Rect(911, 2190 - 979, 2274); packageName: bo.rastro.app; className: android.view.View; text: null; error: null; maxTextLength: -1; stateDescription: null; contentDescription: null; tooltipText: null; containerTitle: null; viewIdResName: bo.rastro.app:id/navigation_bar_item_active_indicator_view; uniqueId: null; checkable: false; checked: false; focusable: false; focused: false; selected: false; clickable: false; longClickable: false; contextClickable: false; enabled: true; password: false; scrollable: false; granularScrollingSupported: false; importantForAccessibility: false; visible: false; actions: [AccessibilityAction: ACTION_SELECT - null, AccessibilityAction: ACTION_CLEAR_SELECTION - null, AccessibilityAction: ACTION_ACCESSIBILITY_FOCUS - null, AccessibilityAction: ACTION_SHOW_ON_SCREEN - null]; isTextSelectable: false
06-29 17:42:56.302 W/AccessibilityNodeInfoDumper(12378): Fetch time: 83ms
06-29 17:42:56.303 V/AccessibilityManagerService(  774): onUserStateChangedLocked for userId: 0, forceUpdate: false
